Archive member included to satisfy reference by file (symbol)

..\freertos\libfreertos.a(tasks.c.obj)
                              CMakeFiles/FreeRTOS-Project.dir/main.c.obj (xTaskCreate)
..\freertos\libfreertos.a(timers.c.obj)
                              ..\freertos\libfreertos.a(tasks.c.obj) (xTimerCreateTimerTask)
..\freertos\libfreertos.a(heap_3.c.obj)
                              ..\freertos\libfreertos.a(tasks.c.obj) (pvPortMalloc)
..\freertos\libfreertos.a(port.c.obj)
                              ..\freertos\libfreertos.a(tasks.c.obj) (pxPortInitialiseStack)
..\freertos\libfreertos.a(list.c.obj)
                              ..\freertos\libfreertos.a(tasks.c.obj) (vListInitialise)
..\freertos\libfreertos.a(queue.c.obj)
                              ..\freertos\libfreertos.a(timers.c.obj) (xQueueGenericCreate)
c:/progra~2/gnuarm~1/102021~1.10/bin/../lib/gcc/arm-none-eabi/10.3.1/thumb/v6-m/nofp\libgcc.a(_dvmd_tls.o)
                              CMakeFiles/FreeRTOS-Project.dir/C_/Pico/pico-sdk/src/rp2_common/pico_divider/divider.S.obj (__aeabi_idiv0)
c:/progra~2/gnuarm~1/102021~1.10/bin/../lib/gcc/arm-none-eabi/10.3.1/../../../../arm-none-eabi/lib/thumb/v6-m/nofp\libg.a(lib_a-calloc.o)
                              CMakeFiles/FreeRTOS-Project.dir/C_/Pico/pico-sdk/src/rp2_common/pico_malloc/pico_malloc.c.obj (calloc)
c:/progra~2/gnuarm~1/102021~1.10/bin/../lib/gcc/arm-none-eabi/10.3.1/../../../../arm-none-eabi/lib/thumb/v6-m/nofp\libg.a(lib_a-callocr.o)
                              c:/progra~2/gnuarm~1/102021~1.10/bin/../lib/gcc/arm-none-eabi/10.3.1/../../../../arm-none-eabi/lib/thumb/v6-m/nofp\libg.a(lib_a-calloc.o) (_calloc_r)
c:/progra~2/gnuarm~1/102021~1.10/bin/../lib/gcc/arm-none-eabi/10.3.1/../../../../arm-none-eabi/lib/thumb/v6-m/nofp\libg.a(lib_a-errno.o)
                              c:/progra~2/gnuarm~1/102021~1.10/bin/../lib/gcc/arm-none-eabi/10.3.1/../../../../arm-none-eabi/lib/thumb/v6-m/nofp\libg.a(lib_a-callocr.o) (__errno)
c:/progra~2/gnuarm~1/102021~1.10/bin/../lib/gcc/arm-none-eabi/10.3.1/../../../../arm-none-eabi/lib/thumb/v6-m/nofp\libg.a(lib_a-impure.o)
                              c:/progra~2/gnuarm~1/102021~1.10/bin/../lib/gcc/arm-none-eabi/10.3.1/../../../../arm-none-eabi/lib/thumb/v6-m/nofp\libg.a(lib_a-calloc.o) (_impure_ptr)
c:/progra~2/gnuarm~1/102021~1.10/bin/../lib/gcc/arm-none-eabi/10.3.1/../../../../arm-none-eabi/lib/thumb/v6-m/nofp\libg.a(lib_a-init.o)
                              c:/progra~2/gnuarm~1/102021~1.10/bin/../lib/gcc/arm-none-eabi/10.3.1/../../../../arm-none-eabi/lib/thumb/v6-m/nofp/crt0.o (__libc_init_array)
c:/progra~2/gnuarm~1/102021~1.10/bin/../lib/gcc/arm-none-eabi/10.3.1/../../../../arm-none-eabi/lib/thumb/v6-m/nofp\libg.a(lib_a-malloc.o)
                              CMakeFiles/FreeRTOS-Project.dir/C_/Pico/pico-sdk/src/rp2_common/pico_malloc/pico_malloc.c.obj (malloc)
c:/progra~2/gnuarm~1/102021~1.10/bin/../lib/gcc/arm-none-eabi/10.3.1/../../../../arm-none-eabi/lib/thumb/v6-m/nofp\libg.a(lib_a-mallocr.o)
                              c:/progra~2/gnuarm~1/102021~1.10/bin/../lib/gcc/arm-none-eabi/10.3.1/../../../../arm-none-eabi/lib/thumb/v6-m/nofp\libg.a(lib_a-callocr.o) (_malloc_r)
c:/progra~2/gnuarm~1/102021~1.10/bin/../lib/gcc/arm-none-eabi/10.3.1/../../../../arm-none-eabi/lib/thumb/v6-m/nofp\libg.a(lib_a-mlock.o)
                              c:/progra~2/gnuarm~1/102021~1.10/bin/../lib/gcc/arm-none-eabi/10.3.1/../../../../arm-none-eabi/lib/thumb/v6-m/nofp\libg.a(lib_a-mallocr.o) (__malloc_lock)
c:/progra~2/gnuarm~1/102021~1.10/bin/../lib/gcc/arm-none-eabi/10.3.1/../../../../arm-none-eabi/lib/thumb/v6-m/nofp\libg.a(lib_a-realloc.o)
                              CMakeFiles/FreeRTOS-Project.dir/C_/Pico/pico-sdk/src/rp2_common/pico_malloc/pico_malloc.c.obj (realloc)
c:/progra~2/gnuarm~1/102021~1.10/bin/../lib/gcc/arm-none-eabi/10.3.1/../../../../arm-none-eabi/lib/thumb/v6-m/nofp\libg.a(lib_a-reallocr.o)
                              c:/progra~2/gnuarm~1/102021~1.10/bin/../lib/gcc/arm-none-eabi/10.3.1/../../../../arm-none-eabi/lib/thumb/v6-m/nofp\libg.a(lib_a-realloc.o) (_realloc_r)
c:/progra~2/gnuarm~1/102021~1.10/bin/../lib/gcc/arm-none-eabi/10.3.1/../../../../arm-none-eabi/lib/thumb/v6-m/nofp\libg.a(lib_a-sbrkr.o)
                              c:/progra~2/gnuarm~1/102021~1.10/bin/../lib/gcc/arm-none-eabi/10.3.1/../../../../arm-none-eabi/lib/thumb/v6-m/nofp\libg.a(lib_a-mallocr.o) (_sbrk_r)
c:/progra~2/gnuarm~1/102021~1.10/bin/../lib/gcc/arm-none-eabi/10.3.1/../../../../arm-none-eabi/lib/thumb/v6-m/nofp\libg.a(lib_a-strlen-stub.o)
                              CMakeFiles/FreeRTOS-Project.dir/C_/Pico/pico-sdk/src/rp2_common/pico_stdio/stdio.c.obj (strlen)
c:/progra~2/gnuarm~1/102021~1.10/bin/../lib/gcc/arm-none-eabi/10.3.1/../../../../arm-none-eabi/lib/thumb/v6-m/nofp\libg.a(lib_a-freer.o)
[...]
Memory Configuration

Name             Origin             Length             Attributes
FLASH            0x10000000         0x00200000         xr
RAM              0x20000000         0x00040000         xrw
SCRATCH_X        0x20040000         0x00001000         xrw
SCRATCH_Y        0x20041000         0x00001000         xrw
*default*        0x00000000         0xffffffff

Linker script and memory map

LOAD c:/progra~2/gnuarm~1/102021~1.10/bin/../lib/gcc/arm-none-eabi/10.3.1/thumb/v6-m/nofp/crti.o
LOAD c:/progra~2/gnuarm~1/102021~1.10/bin/../lib/gcc/arm-none-eabi/10.3.1/thumb/v6-m/nofp/crtbegin.o
LOAD c:/progra~2/gnuarm~1/102021~1.10/bin/../lib/gcc/arm-none-eabi/10.3.1/../../../../arm-none-eabi/lib/thumb/v6-m/nofp/crt0.o

.flash_begin    0x10000000        0x0
                0x10000000                __flash_binary_start = .

.boot2          0x10000000      0x100
                0x10000000                __boot2_start__ = .
 *(.boot2)
 .boot2         0x10000000      0x100 C:\Users\AKHILA~1\AppData\Local\Temp\cccv2HFm.o
                0x10000100                __boot2_end__ = .
                0x00000001                ASSERT (((__boot2_end__ - __boot2_start__) == 0x100), ERROR: Pico second stage bootloader must be 256 bytes in size)

.text           0x10000100     0x72c0
                0x10000100                __logical_binary_start = .
 *(.vectors)
 .vectors       0x10000100       0xd4 CMakeFiles/FreeRTOS-Project.dir/C_/Pico/pico-sdk/src/rp2_common/pico_standard_link/crt0.S.obj
                0x10000100                __vectors
                0x10000100                __VECTOR_TABLE
                0x100001c0                isr_invalid
                0x100001c0                __default_isrs_start
                0x100001c2                isr_nmi
                0x100001c4                isr_hardfault
                0x100001cc                isr_irq11
                0x100001cc                isr_irq23
                0x100001cc                isr_irq18
                0x100001cc                isr_irq5
                0x100001cc                isr_irq31
                0x100001cc                isr_irq27
                0x100001cc                isr_irq19
                0x100001cc                isr_irq0
                0x100001cc                isr_irq6
                0x100001cc                isr_irq13
                0x100001cc                isr_irq12
                0x100001cc                isr_irq22
                0x100001cc                __unhandled_user_irq
                0x100001cc                isr_irq17
                0x100001cc                isr_irq14
                0x100001cc                isr_irq28
                0x100001cc                isr_irq2
                0x100001cc                isr_irq10
                0x100001cc                isr_irq8
                0x100001cc                isr_irq24
                0x100001cc                isr_irq1
                0x100001cc                isr_irq7
                0x100001cc                isr_irq21
                0x100001cc                isr_irq20
                0x100001cc                isr_irq15
                0x100001cc                isr_irq25
                0x100001cc                isr_irq30
                0x100001cc                isr_irq4
                0x100001cc                isr_irq16
                0x100001cc                isr_irq29
                0x100001cc                isr_irq26
                0x100001cc                __default_isrs_end
                0x100001cc                isr_irq3
                0x100001cc                isr_irq9
                0x100001d2                unhandled_user_irq_num_in_r0
 *(.binary_info_header)
 .binary_info_header
                0x100001d4       0x14 CMakeFiles/FreeRTOS-Project.dir/C_/Pico/pico-sdk/src/rp2_common/pico_standard_link/crt0.S.obj
                0x100001e8                __binary_info_header_end = .
 *(.reset)
 .reset         0x100001e8       0xa0 CMakeFiles/FreeRTOS-Project.dir/C_/Pico/pico-sdk/src/rp2_common/pico_standard_link/crt0.S.obj
                0x100001e8                _entry_point
 .reset         0x10000288       0x30 CMakeFiles/FreeRTOS-Project.dir/C_/Pico/pico-sdk/src/rp2_common/pico_standard_link/binary_info.c.obj
 *(.init)
 .init          0x100002b8        0x4 c:/progra~2/gnuarm~1/102021~1.10/bin/../lib/gcc/arm-none-eabi/10.3.1/thumb/v6-m/nofp/crti.o
                0x100002b8                _init
 *(EXCLUDE_FILE(*libm.a: *libc.a:*lib_a-mem*.o *libgcc.a:) .text*)
 .text          0x100002bc       0x48 c:/progra~2/gnuarm~1/102021~1.10/bin/../lib/gcc/arm-none-eabi/10.3.1/thumb/v6-m/nofp/crtbegin.o
 .text.led_task
                0x10000304       0x40 CMakeFiles/FreeRTOS-Project.dir/main.c.obj
                0x10000304                led_task
 .text.temp_sens
                0x10000344       0xa4 CMakeFiles/FreeRTOS-Project.dir/main.c.obj
                0x10000344                temp_sens
 .text.main     0x100003e8       0x48 CMakeFiles/FreeRTOS-Project.dir/main.c.obj
                0x100003e8                main
 .text.gpio_set_function
                0x10000430       0x30 CMakeFiles/FreeRTOS-Project.dir/C_/Pico/pico-sdk/src/rp2_common/hardware_gpio/gpio.c.obj
                0x10000430                gpio_set_function
 .text.gpio_init
                0x10000460       0x16 CMakeFiles/FreeRTOS-Project.dir/C_/Pico/pico-sdk/src/rp2_common/hardware_gpio/gpio.c.obj
                0x10000460                gpio_init
 *fill*         0x10000476        0x2 
 .text.running_on_fpga
                0x10000478       0x14 CMakeFiles/FreeRTOS-Project.dir/C_/Pico/pico-sdk/src/rp2_common/pico_platform/platform.c.obj
                0x10000478                running_on_fpga
 .text.hw_claim_lock
                0x1000048c       0x18 CMakeFiles/FreeRTOS-Project.dir/C_/Pico/pico-sdk/src/rp2_common/hardware_claim/claim.c.obj
                0x1000048c                hw_claim_lock
 .text.hw_claim_unlock
                0x100004a4       0x14 CMakeFiles/FreeRTOS-Project.dir/C_/Pico/pico-sdk/src/rp2_common/hardware_claim/claim.c.obj
                0x100004a4                hw_claim_unlock
 .text.hw_claim_or_assert
                0x100004b8       0x32 CMakeFiles/FreeRTOS-Project.dir/C_/Pico/pico-sdk/src/rp2_common/hardware_claim/claim.c.obj
                0x100004b8                hw_claim_or_assert
 *fill*         0x100004ea        0x2 
 .text.spin_locks_reset
                0x100004ec       0x20 CMakeFiles/FreeRTOS-Project.dir/C_/Pico/pico-sdk/src/rp2_common/hardware_sync/sync.c.obj
                0x100004ec                spin_locks_reset
 .text.next_striped_spin_lock_num
                0x1000050c       0x1c CMakeFiles/FreeRTOS-Project.dir/C_/Pico/pico-sdk/src/rp2_common/hardware_sync/sync.c.obj
                0x1000050c                next_striped_spin_lock_num
 .text.set_raw_irq_handler_and_unlock
                0x10000528       0x28 CMakeFiles/FreeRTOS-Project.dir/C_/Pico/pico-sdk/src/rp2_common/hardware_irq/irq.c.obj
 .text.make_branch
                0x10000550       0x48 CMakeFiles/FreeRTOS-Project.dir/C_/Pico/pico-sdk/src/rp2_common/hardware_irq/irq.c.obj
 .text.insert_branch_and_link
                0x10000598       0x40 CMakeFiles/FreeRTOS-Project.dir/C_/Pico/pico-sdk/src/rp2_common/hardware_irq/irq.c.obj
 .text.irq_is_enabled
                0x100005d8       0x18 CMakeFiles/FreeRTOS-Project.dir/C_/Pico/pico-sdk/src/rp2_common/hardware_irq/irq.c.obj
                0x100005d8                irq_is_enabled
 .text.irq_set_mask_enabled
                0x100005f0       0x20 CMakeFiles/FreeRTOS-Project.dir/C_/Pico/pico-sdk/src/rp2_common/hardware_irq/irq.c.obj
                0x100005f0                irq_set_mask_enabled
 .text.irq_set_enabled
                0x10000610        0xe CMakeFiles/FreeRTOS-Project.dir/C_/Pico/pico-sdk/src/rp2_common/hardware_irq/irq.c.obj
                0x10000610                irq_set_enabled
 *fill*         0x1000061e        0x2 
 .text.irq_get_vtable_handler
                0x10000620       0x10 CMakeFiles/FreeRTOS-Project.dir/C_/Pico/pico-sdk/src/rp2_common/hardware_irq/irq.c.obj
                0x10000620                irq_get_vtable_handler
 .text.irq_set_exclusive_handler
                0x10000630       0x54 CMakeFiles/FreeRTOS-Project.dir/C_/Pico/pico-sdk/src/rp2_common/hardware_irq/irq.c.obj
                0x10000630                irq_set_exclusive_handler
 .text.irq_remove_handler
                0x10000684      0x1ac CMakeFiles/FreeRTOS-Project.dir/C_/Pico/pico-sdk/src/rp2_common/hardware_irq/irq.c.obj
                0x10000684                irq_remove_handler
 .text.irq_add_tail_to_free_list
                0x10000830       0xf0 CMakeFiles/FreeRTOS-Project.dir/C_/Pico/pico-sdk/src/rp2_common/hardware_irq/irq.c.obj
                0x10000830                irq_add_tail_to_free_list
 .text.irq_init_priorities
                0x10000920       0x1c CMakeFiles/FreeRTOS-Project.dir/C_/Pico/pico-sdk/src/rp2_common/hardware_irq/irq.c.obj
                0x10000920                irq_init_priorities
 .text.lock_init
                0x1000093c       0x10 CMakeFiles/FreeRTOS-Project.dir/C_/Pico/pico-sdk/src/common/pico_sync/lock_core.c.obj
                0x1000093c                lock_init
 .text.mutex_init
                0x1000094c       0x1a CMakeFiles/FreeRTOS-Project.dir/C_/Pico/pico-sdk/src/common/pico_sync/mutex.c.obj
                0x1000094c                mutex_init
 .text.recursive_mutex_init
                0x10000966       0x1e CMakeFiles/FreeRTOS-Project.dir/C_/Pico/pico-sdk/src/common/pico_sync/mutex.c.obj
                0x10000966                recursive_mutex_init
 .text.alarm_pool_post_alloc_init
                0x10000984       0x40 CMakeFiles/FreeRTOS-Project.dir/C_/Pico/pico-sdk/src/common/pico_time/time.c.obj
 .text.sleep_until_callback
                0x100009c4       0x30 CMakeFiles/FreeRTOS-Project.dir/C_/Pico/pico-sdk/src/common/pico_time/time.c.obj
 .text.timer_pool_entry_comparator
                0x100009f4       0x7c CMakeFiles/FreeRTOS-Project.dir/C_/Pico/pico-sdk/src/common/pico_time/time.c.obj
                0x100009f4                timer_pool_entry_comparator
 .text.ph_add_child_node
                0x10000a70       0xa4 CMakeFiles/FreeRTOS-Project.dir/C_/Pico/pico-sdk/src/common/pico_time/time.c.obj
 .text.ph_merge_nodes
                0x10000b14       0x3e CMakeFiles/FreeRTOS-Project.dir/C_/Pico/pico-sdk/src/common/pico_time/time.c.obj
 *fill*         0x10000b52        0x2 
 .text.add_alarm_under_lock
                0x10000b54      0x174 CMakeFiles/FreeRTOS-Project.dir/C_/Pico/pico-sdk/src/common/pico_time/time.c.obj
 .text.alarm_pool_alarm_callback
                0x10000cc8      0x33c CMakeFiles/FreeRTOS-Project.dir/C_/Pico/pico-sdk/src/common/pico_time/time.c.obj
 .text.alarm_pool_init_default
                0x10001004       0x40 CMakeFiles/FreeRTOS-Project.dir/C_/Pico/pico-sdk/src/common/pico_time/time.c.obj
                0x10001004                alarm_pool_init_default
 .text.alarm_pool_get_default
                0x10001044       0x2c CMakeFiles/FreeRTOS-Project.dir/C_/Pico/pico-sdk/src/common/pico_time/time.c.obj
                0x10001044                alarm_pool_get_default
 .text.alarm_pool_add_alarm_at
                0x10001070      0x168 CMakeFiles/FreeRTOS-Project.dir/C_/Pico/pico-sdk/src/common/pico_time/time.c.obj
                0x10001070                alarm_pool_add_alarm_at
 .text.alarm_pool_cancel_alarm
                0x100011d8       0xf0 CMakeFiles/FreeRTOS-Project.dir/C_/Pico/pico-sdk/src/common/pico_time/time.c.obj
                0x100011d8                alarm_pool_cancel_alarm
 .text.sleep_until
                0x100012c8       0xfc CMakeFiles/FreeRTOS-Project.dir/C_/Pico/pico-sdk/src/common/pico_time/time.c.obj
                0x100012c8                sleep_until
 .text.sleep_us
                0x100013c4       0x58 CMakeFiles/FreeRTOS-Project.dir/C_/Pico/pico-sdk/src/common/pico_time/time.c.obj
                0x100013c4                sleep_us
 .text.sleep_ms
                0x1000141c       0x14 CMakeFiles/FreeRTOS-Project.dir/C_/Pico/pico-sdk/src/common/pico_time/time.c.obj
                0x1000141c                sleep_ms
 .text.best_effort_wfe_or_timeout
                0x10001430       0xac CMakeFiles/FreeRTOS-Project.dir/C_/Pico/pico-sdk/src/common/pico_time/time.c.obj
                0x10001430                best_effort_wfe_or_timeout
 .text.hardware_alarm_irq_handler
                0x100014dc       0x90 CMakeFiles/FreeRTOS-Project.dir/C_/Pico/pico-sdk/src/rp2_common/hardware_timer/timer.c.obj
 .text.hardware_alarm_claim
                0x1000156c       0x18 CMakeFiles/FreeRTOS-Project.dir/C_/Pico/pico-sdk/src/rp2_common/hardware_timer/timer.c.obj
                0x1000156c                hardware_alarm_claim
 .text.time_us_64
                0x10001584       0x18 CMakeFiles/FreeRTOS-Project.dir/C_/Pico/pico-sdk/src/rp2_common/hardware_timer/timer.c.obj
                0x10001584                time_us_64
 .text.busy_wait_until
                0x1000159c       0x28 CMakeFiles/FreeRTOS-Project.dir/C_/Pico/pico-sdk/src/rp2_common/hardware_timer/timer.c.obj
                0x1000159c                busy_wait_until
 .text.hardware_alarm_set_callback
                0x100015c4       0x90 CMakeFiles/FreeRTOS-Project.dir/C_/Pico/pico-sdk/src/rp2_common/hardware_timer/timer.c.obj
                0x100015c4                hardware_alarm_set_callback
 .text.hardware_alarm_set_target
                0x10001654       0xe8 CMakeFiles/FreeRTOS-Project.dir/C_/Pico/pico-sdk/src/rp2_common/hardware_timer/timer.c.obj
                0x10001654                hardware_alarm_set_target
 .text.hardware_alarm_cancel
                0x1000173c       0x40 CMakeFiles/FreeRTOS-Project.dir/C_/Pico/pico-sdk/src/rp2_common/hardware_timer/timer.c.obj
                0x1000173c                hardware_alarm_cancel
 .text.ph_add_child_node
                0x1000177c       0xa4 CMakeFiles/FreeRTOS-Project.dir/C_/Pico/pico-sdk/src/common/pico_util/pheap.c.obj
 .text.ph_merge_nodes
                0x10001820       0x3e CMakeFiles/FreeRTOS-Project.dir/C_/Pico/pico-sdk/src/common/pico_util/pheap.c.obj
 *fill*         0x1000185e        0x2 
 .text.ph_clear
                0x10001860       0x70 CMakeFiles/FreeRTOS-Project.dir/C_/Pico/pico-sdk/src/common/pico_util/pheap.c.obj
                0x10001860                ph_clear
 .text.ph_post_alloc_init
                0x100018d0        0xe CMakeFiles/FreeRTOS-Project.dir/C_/Pico/pico-sdk/src/common/pico_util/pheap.c.obj
                0x100018d0                ph_post_alloc_init
 *fill*         0x100018de        0x2 
 .text.ph_merge_two_pass
                0x100018e0       0xa8 CMakeFiles/FreeRTOS-Project.dir/C_/Pico/pico-sdk/src/common/pico_util/pheap.c.obj
                0x100018e0                ph_merge_two_pass
 .text.ph_remove_any_head
                0x10001988      0x128 CMakeFiles/FreeRTOS-Project.dir/C_/Pico/pico-sdk/src/common/pico_util/pheap.c.obj
 .text.ph_remove_head
                0x10001ab0       0x14 CMakeFiles/FreeRTOS-Project.dir/C_/Pico/pico-sdk/src/common/pico_util/pheap.c.obj
                0x10001ab0                ph_remove_head
 .text.ph_remove_and_free_node
                0x10001ac4       0xf8 CMakeFiles/FreeRTOS-Project.dir/C_/Pico/pico-sdk/src/common/pico_util/pheap.c.obj
                0x10001ac4                ph_remove_and_free_node
 .text.uart_set_baudrate
                0x10001bbc       0x5c CMakeFiles/FreeRTOS-Project.dir/C_/Pico/pico-sdk/src/rp2_common/hardware_uart/uart.c.obj
                0x10001bbc                uart_set_baudrate
 .text.uart_set_translate_crlf
                0x10001c18       0x28 CMakeFiles/FreeRTOS-Project.dir/C_/Pico/pico-sdk/src/rp2_common/hardware_uart/uart.c.obj
                0x10001c18                uart_set_translate_crlf
 .text.uart_init
                0x10001c40       0x80 CMakeFiles/FreeRTOS-Project.dir/C_/Pico/pico-sdk/src/rp2_common/hardware_uart/uart.c.obj
                0x10001c40                uart_init
 .text.clock_configure
                0x10001cc0      0x104 CMakeFiles/FreeRTOS-Project.dir/C_/Pico/pico-sdk/src/rp2_common/hardware_clocks/clocks.c.obj
                0x10001cc0                clock_configure
 .text.clocks_init
                0x10001dc4      0x100 CMakeFiles/FreeRTOS-Project.dir/C_/Pico/pico-sdk/src/rp2_common/hardware_clocks/clocks.c.obj
                0x10001dc4                clocks_init
 .text.clock_get_hz
                0x10001ec4        0xc CMakeFiles/FreeRTOS-Project.dir/C_/Pico/pico-sdk/src/rp2_common/hardware_clocks/clocks.c.obj
                0x10001ec4                clock_get_hz
 .text.pll_init
                0x10001ed0      0x12c CMakeFiles/FreeRTOS-Project.dir/C_/Pico/pico-sdk/src/rp2_common/hardware_pll/pll.c.obj
                0x10001ed0                pll_init
 .text.watchdog_start_tick
                0x10001ffc       0x10 CMakeFiles/FreeRTOS-Project.dir/C_/Pico/pico-sdk/src/rp2_common/hardware_watchdog/watchdog.c.obj
                0x10001ffc                watchdog_start_tick
 .text.xosc_init
                0x1000200c       0x28 CMakeFiles/FreeRTOS-Project.dir/C_/Pico/pico-sdk/src/rp2_common/hardware_xosc/xosc.c.obj
                0x1000200c                xosc_init
 .text._exit    0x10002034        0x4 CMakeFiles/FreeRTOS-Project.dir/C_/Pico/pico-sdk/src/rp2_common/pico_runtime/runtime.c.obj
                0x10002034                _exit
 .text._sbrk    0x10002038       0x38 CMakeFiles/FreeRTOS-Project.dir/C_/Pico/pico-sdk/src/rp2_common/pico_runtime/runtime.c.obj
                0x10002038                _sbrk
 .text.exit     0x10002070        0x6 CMakeFiles/FreeRTOS-Project.dir/C_/Pico/pico-sdk/src/rp2_common/pico_runtime/runtime.c.obj
                0x10002070                exit
 *fill*         0x10002076        0x2 
 .text.__assert_func
                0x10002078       0x3c CMakeFiles/FreeRTOS-Project.dir/C_/Pico/pico-sdk/src/rp2_common/pico_runtime/runtime.c.obj
                0x10002078                __assert_func
 .text.runtime_init
                0x100020b4       0xf8 CMakeFiles/FreeRTOS-Project.dir/C_/Pico/pico-sdk/src/rp2_common/pico_runtime/runtime.c.obj
                0x100020b4                runtime_init
 .text.panic    0x100021ac       0x30 CMakeFiles/FreeRTOS-Project.dir/C_/Pico/pico-sdk/src/rp2_common/pico_runtime/runtime.c.obj
                0x100021ac                panic
 .text._out_null
                0x100021dc        0x2 CMakeFiles/FreeRTOS-Project.dir/C_/Pico/pico-sdk/src/rp2_common/pico_printf/printf.c.obj
 .text._out_fct
                0x100021de        0xe CMakeFiles/FreeRTOS-Project.dir/C_/Pico/pico-sdk/src/rp2_common/pico_printf/printf.c.obj
 .text._atoi    0x100021ec       0x24 CMakeFiles/FreeRTOS-Project.dir/C_/Pico/pico-sdk/src/rp2_common/pico_printf/printf.c.obj
 .text._out_rev
                0x10002210       0xae CMakeFiles/FreeRTOS-Project.dir/C_/Pico/pico-sdk/src/rp2_common/pico_printf/printf.c.obj
 .text._ntoa_format
                0x100022be      0x112 CMakeFiles/FreeRTOS-Project.dir/C_/Pico/pico-sdk/src/rp2_common/pico_printf/printf.c.obj
 .text._ntoa_long
                0x100023d0       0xbc CMakeFiles/FreeRTOS-Project.dir/C_/Pico/pico-sdk/src/rp2_common/pico_printf/printf.c.obj
 .text._ntoa_long_long
                0x1000248c       0xe2 CMakeFiles/FreeRTOS-Project.dir/C_/Pico/pico-sdk/src/rp2_common/pico_printf/printf.c.obj
 *fill*         0x1000256e        0x2 
 .text._etoa    0x10002570      0x414 CMakeFiles/FreeRTOS-Project.dir/C_/Pico/pico-sdk/src/rp2_common/pico_printf/printf.c.obj
 .text._ftoa    0x10002984      0x354 CMakeFiles/FreeRTOS-Project.dir/C_/Pico/pico-sdk/src/rp2_common/pico_printf/printf.c.obj
 .text._vsnprintf
                0x10002cd8      0x624 CMakeFiles/FreeRTOS-Project.dir/C_/Pico/pico-sdk/src/rp2_common/pico_printf/printf.c.obj
 .text.vfctprintf
                0x100032fc       0x20 CMakeFiles/FreeRTOS-Project.dir/C_/Pico/pico-sdk/src/rp2_common/pico_printf/printf.c.obj
                0x100032fc                vfctprintf
 .text          0x1000331c       0x10 CMakeFiles/FreeRTOS-Project.dir/C_/Pico/pico-sdk/src/rp2_common/pico_bit_ops/bit_ops_aeabi.S.obj
 .text.rom_func_lookup
                0x1000332c       0x10 CMakeFiles/FreeRTOS-Project.dir/C_/Pico/pico-sdk/src/rp2_common/pico_bootrom/bootrom.c.obj
                0x1000332c                rom_func_lookup
 .text.rom_data_lookup
                0x1000333c       0x10 CMakeFiles/FreeRTOS-Project.dir/C_/Pico/pico-sdk/src/rp2_common/pico_bootrom/bootrom.c.obj
                0x1000333c                rom_data_lookup
 .text.rom_funcs_lookup
                0x1000334c       0x36 CMakeFiles/FreeRTOS-Project.dir/C_/Pico/pico-sdk/src/rp2_common/pico_bootrom/bootrom.c.obj
                0x1000334c                rom_funcs_lookup
 *fill*         0x10003382        0x2 
 .text.__wrap___aeabi_idiv
                0x10003384       0x50 CMakeFiles/FreeRTOS-Project.dir/C_/Pico/pico-sdk/src/rp2_common/pico_divider/divider.S.obj
                0x10003384                __wrap___aeabi_idivmod
                0x10003384                divmod_s32s32
                0x10003384                div_s32s32
                0x10003384                __wrap___aeabi_idiv
                0x1000338c                divmod_s32s32_unsafe
                0x100033b8                divmod_s32s32_savestate
 .text.__wrap___aeabi_uidiv
                0x100033d4       0x4c CMakeFiles/FreeRTOS-Project.dir/C_/Pico/pico-sdk/src/rp2_common/pico_divider/divider.S.obj
                0x100033d4                __wrap___aeabi_uidiv
                0x100033d4                __wrap___aeabi_uidivmod
                0x100033d4                div_u32u32
                0x100033d4                divmod_u32u32
                0x100033dc                divmod_u32u32_unsafe
                0x10003404                divmod_u32u32_savestate
 .text.__wrap___aeabi_ldiv
                0x10003420      0x424 CMakeFiles/FreeRTOS-Project.dir/C_/Pico/pico-sdk/src/rp2_common/pico_divider/divider.S.obj
                0x10003420                div_s64s64
                0x10003420                divmod_s64s64
                0x10003420                __wrap___aeabi_ldivmod
                0x10003450                divmod_u64u64
                0x10003450                div_u64u64
                0x10003450                __wrap___aeabi_uldivmod
                0x10003460                divmod_u64u64_savestate
                0x10003480                divmod_s64s64_unsafe
                0x10003508                divmod_u64u64_unsafe
 .text.__wrap___aeabi_darithmetic
                0x10003844       0x80 CMakeFiles/FreeRTOS-Project.dir/C_/Pico/pico-sdk/src/rp2_common/pico_double/double_aeabi.S.obj
                0x10003844                __wrap___aeabi_drsub
                0x1000384a                __wrap___aeabi_dsub
                0x1000385c                __wrap___aeabi_dadd
                0x1000386e                __wrap___aeabi_ddiv
                0x100038aa                __wrap___aeabi_dmul
 .text.__wrap___aeabi_cdcmple
                0x100038c4       0x6c CMakeFiles/FreeRTOS-Project.dir/C_/Pico/pico-sdk/src/rp2_common/pico_double/double_aeabi.S.obj
                0x100038c4                __wrap___aeabi_cdrcmple
                0x100038d4                __wrap___aeabi_cdcmpeq
                0x100038d4                __wrap___aeabi_cdcmple
 .text.__wrap___aeabi_dcmplt
                0x10003930        0xc CMakeFiles/FreeRTOS-Project.dir/C_/Pico/pico-sdk/src/rp2_common/pico_double/double_aeabi.S.obj
                0x10003930                __wrap___aeabi_dcmplt
 .text.__wrap___aeabi_dcmple
                0x1000393c       0x10 CMakeFiles/FreeRTOS-Project.dir/C_/Pico/pico-sdk/src/rp2_common/pico_double/double_aeabi.S.obj
                0x1000393c                __wrap___aeabi_dcmple
 .text.__wrap___aeabi_dcmpge
                0x1000394c       0x10 CMakeFiles/FreeRTOS-Project.dir/C_/Pico/pico-sdk/src/rp2_common/pico_double/double_aeabi.S.obj
                0x1000394c                __wrap___aeabi_dcmpge
 .text.__wrap___aeabi_dcmpgt
                0x1000395c        0xa CMakeFiles/FreeRTOS-Project.dir/C_/Pico/pico-sdk/src/rp2_common/pico_double/double_aeabi.S.obj
                0x1000395c                __wrap___aeabi_dcmpgt
 .text.__wrap___aeabi_dcmpun
                0x10003966       0x1c CMakeFiles/FreeRTOS-Project.dir/C_/Pico/pico-sdk/src/rp2_common/pico_double/double_aeabi.S.obj
                0x10003966                __wrap___aeabi_dcmpun
 *fill*         0x10003982        0x2 
 .text.__wrap___aeabi_i2d
                0x10003984       0x38 CMakeFiles/FreeRTOS-Project.dir/C_/Pico/pico-sdk/src/rp2_common/pico_double/double_aeabi.S.obj
                0x10003984                __wrap___aeabi_ui2d
                0x1000398c                __wrap___aeabi_i2d
 .text.__wrap___aeabi_d2iz
                0x100039bc       0x48 CMakeFiles/FreeRTOS-Project.dir/C_/Pico/pico-sdk/src/rp2_common/pico_double/double_aeabi.S.obj
                0x100039bc                double2int_z
                0x100039bc                __wrap___aeabi_d2iz
 .text.__wrap___aeabi_d2uiz
                0x10003a04       0x18 CMakeFiles/FreeRTOS-Project.dir/C_/Pico/pico-sdk/src/rp2_common/pico_double/double_aeabi.S.obj
                0x10003a04                __wrap___aeabi_d2uiz
                0x10003a04                double2uint
 .text.__wrap___aeabi_d2f
                0x10003a1c       0x18 CMakeFiles/FreeRTOS-Project.dir/C_/Pico/pico-sdk/src/rp2_common/pico_double/double_aeabi.S.obj
                0x10003a1c                __wrap___aeabi_d2f
 .text.__aeabi_double_init
                0x10003a34       0xc8 CMakeFiles/FreeRTOS-Project.dir/C_/Pico/pico-sdk/src/rp2_common/pico_double/double_init_rom.c.obj
                0x10003a34                __aeabi_double_init
 .text.double_table_shim_on_use_helper
                0x10003afc       0x34 CMakeFiles/FreeRTOS-Project.dir/C_/Pico/pico-sdk/src/rp2_common/pico_double/double_v1_rom_shim.S.obj
                0x10003afc                double_table_shim_on_use_helper
 .text.__wrap___aeabi_dsub
                0x10003b30       0x10 CMakeFiles/FreeRTOS-Project.dir/C_/Pico/pico-sdk/src/rp2_common/pico_double/double_v1_rom_shim.S.obj
                0x10003b30                drsub_shim
                0x10003b36                dsub_shim
 .text.dadd_shim
                0x10003b40      0x15c CMakeFiles/FreeRTOS-Project.dir/C_/Pico/pico-sdk/src/rp2_common/pico_double/double_v1_rom_shim.S.obj
                0x10003b40                dadd_shim
 .text.dmul_shim
                0x10003c9c      0x15c CMakeFiles/FreeRTOS-Project.dir/C_/Pico/pico-sdk/src/rp2_common/pico_double/double_v1_rom_shim.S.obj
                0x10003c9c                dmul_shim
 .text.ddiv_shim
                0x10003df8      0x1b0 CMakeFiles/FreeRTOS-Project.dir/C_/Pico/pico-sdk/src/rp2_common/pico_double/double_v1_rom_shim.S.obj
                0x10003df8                ddiv_shim
 .text.double2uint_shim
                0x10003fa8        0xe CMakeFiles/FreeRTOS-Project.dir/C_/Pico/pico-sdk/src/rp2_common/pico_double/double_v1_rom_shim.S.obj
                0x10003fa8                double2uint_shim
                0x10003faa                double2ufix_shim
 *fill*         0x10003fb6        0x2 
 .text.double2uint64_shim
                0x10003fb8       0x70 CMakeFiles/FreeRTOS-Project.dir/C_/Pico/pico-sdk/src/rp2_common/pico_double/double_v1_rom_shim.S.obj
                0x10003fb8                double2uint64_shim
                0x10003fba                double2ufix64_shim
                0x10003fda                d2fix_a
 .text.double2float_shim
                0x10004028       0x5c CMakeFiles/FreeRTOS-Project.dir/C_/Pico/pico-sdk/src/rp2_common/pico_double/double_v1_rom_shim.S.obj
                0x10004028                double2float_shim
 .text.dunpacks
                0x10004084       0x3c CMakeFiles/FreeRTOS-Project.dir/C_/Pico/pico-sdk/src/rp2_common/pico_double/double_v1_rom_shim.S.obj
                0x10004084                dunpacks
 .text.__aeabi_lmul
                0x100040c0       0x32 CMakeFiles/FreeRTOS-Project.dir/C_/Pico/pico-sdk/src/rp2_common/pico_int64_ops/pico_int64_ops_aeabi.S.obj
                0x100040c0                __wrap___aeabi_lmul
 *fill*         0x100040f2        0x2 
 .text.__wrap___aeabi_farithmetic
                0x100040f4       0x58 CMakeFiles/FreeRTOS-Project.dir/C_/Pico/pico-sdk/src/rp2_common/pico_float/float_aeabi.S.obj
                0x100040f4                __wrap___aeabi_frsub
                0x100040fa                __wrap___aeabi_fsub
                0x10004104                __wrap___aeabi_fadd
                0x1000410e                __wrap___aeabi_fdiv
                0x1000413a                __wrap___aeabi_fmul
 .text.__wrap___aeabi_i2f
                0x1000414c       0x44 CMakeFiles/FreeRTOS-Project.dir/C_/Pico/pico-sdk/src/rp2_common/pico_float/float_aeabi.S.obj
                0x1000414c                __wrap___aeabi_i2f
 .text.__wrap___aeabi_f2d
                0x10004190       0x14 CMakeFiles/FreeRTOS-Project.dir/C_/Pico/pico-sdk/src/rp2_common/pico_float/float_aeabi.S.obj
                0x10004190                __wrap___aeabi_f2d
 .text.__aeabi_float_init
                0x100041a4       0xfc CMakeFiles/FreeRTOS-Project.dir/C_/Pico/pico-sdk/src/rp2_common/pico_float/float_init_rom.c.obj
                0x100041a4                __aeabi_float_init
 .text.float_table_shim_on_use_helper
                0x100042a0       0x34 CMakeFiles/FreeRTOS-Project.dir/C_/Pico/pico-sdk/src/rp2_common/pico_float/float_v1_rom_shim.S.obj
                0x100042a0                float_table_shim_on_use_helper
 .text.float2double_shim
                0x100042d4       0x30 CMakeFiles/FreeRTOS-Project.dir/C_/Pico/pico-sdk/src/rp2_common/pico_float/float_v1_rom_shim.S.obj
                0x100042d4                float2double_shim
 .text.__wrap_malloc
                0x10004304       0x24 CMakeFiles/FreeRTOS-Project.dir/C_/Pico/pico-sdk/src/rp2_common/pico_malloc/pico_malloc.c.obj
                0x10004304                __wrap_malloc
 .text.__wrap_free
                0x10004328        0x8 CMakeFiles/FreeRTOS-Project.dir/C_/Pico/pico-sdk/src/rp2_common/pico_malloc/pico_malloc.c.obj
                0x10004328                __wrap_free
 .text          0x10004330       0x10 CMakeFiles/FreeRTOS-Project.dir/C_/Pico/pico-sdk/src/rp2_common/pico_mem_ops/mem_ops_aeabi.S.obj
                0x10004330                __aeabi_mem_init
 .text.memset   0x10004340        0xc CMakeFiles/FreeRTOS-Project.dir/C_/Pico/pico-sdk/src/rp2_common/pico_mem_ops/mem_ops_aeabi.S.obj
                0x10004340                __wrap_memset
 .text.memcpy   0x1000434c        0xc CMakeFiles/FreeRTOS-Project.dir/C_/Pico/pico-sdk/src/rp2_common/pico_mem_ops/mem_ops_aeabi.S.obj
                0x1000434c                __wrap_memcpy
                0x1000434c                __wrap___aeabi_memcpy
 .text.stdio_out_chars_no_crlf
                0x10004358        0xe CMakeFiles/FreeRTOS-Project.dir/C_/Pico/pico-sdk/src/rp2_common/pico_stdio/stdio.c.obj
 *fill*         0x10004366        0x2 
 .text.stdio_out_chars_crlf
                0x10004368       0x80 CMakeFiles/FreeRTOS-Project.dir/C_/Pico/pico-sdk/src/rp2_common/pico_stdio/stdio.c.obj
 .text.stdio_stack_buffer_flush
                0x100043e8       0x44 CMakeFiles/FreeRTOS-Project.dir/C_/Pico/pico-sdk/src/rp2_common/pico_stdio/stdio.c.obj
 .text.stdio_buffered_printer
                0x1000442c       0x20 CMakeFiles/FreeRTOS-Project.dir/C_/Pico/pico-sdk/src/rp2_common/pico_stdio/stdio.c.obj
 .text.stdout_serialize_begin
                0x1000444c       0x5c CMakeFiles/FreeRTOS-Project.dir/C_/Pico/pico-sdk/src/rp2_common/pico_stdio/stdio.c.obj
                0x1000444c                stdout_serialize_begin
 .text.stdout_serialize_end
                0x100044a8       0x10 CMakeFiles/FreeRTOS-Project.dir/C_/Pico/pico-sdk/src/rp2_common/pico_stdio/stdio.c.obj
                0x100044a8                stdout_serialize_end
 .text.stdio_put_string
                0x100044b8       0x98 CMakeFiles/FreeRTOS-Project.dir/C_/Pico/pico-sdk/src/rp2_common/pico_stdio/stdio.c.obj
 .text.stdio_set_driver_enabled
                0x10004550       0x2c CMakeFiles/FreeRTOS-Project.dir/C_/Pico/pico-sdk/src/rp2_common/pico_stdio/stdio.c.obj
                0x10004550                stdio_set_driver_enabled
 .text.stdio_flush
                0x1000457c       0x20 CMakeFiles/FreeRTOS-Project.dir/C_/Pico/pico-sdk/src/rp2_common/pico_stdio/stdio.c.obj
                0x1000457c                stdio_flush
 .text.__wrap_puts
                0x1000459c       0x1e CMakeFiles/FreeRTOS-Project.dir/C_/Pico/pico-sdk/src/rp2_common/pico_stdio/stdio.c.obj
                0x1000459c                __wrap_puts
 *fill*         0x100045ba        0x2 
 .text.__wrap_vprintf
                0x100045bc       0x40 CMakeFiles/FreeRTOS-Project.dir/C_/Pico/pico-sdk/src/rp2_common/pico_stdio/stdio.c.obj
                0x100045bc                __wrap_vprintf
 .text.__wrap_printf
                0x100045fc       0x18 CMakeFiles/FreeRTOS-Project.dir/C_/Pico/pico-sdk/src/rp2_common/pico_stdio/stdio.c.obj
                0x100045fc                __wrap_printf
 .text.stdio_init_all
                0x10004614        0xa CMakeFiles/FreeRTOS-Project.dir/C_/Pico/pico-sdk/src/rp2_common/pico_stdio/stdio.c.obj
                0x10004614                stdio_init_all
 *fill*         0x1000461e        0x2 
 .text.stdio_uart_out_chars
                0x10004620       0x74 CMakeFiles/FreeRTOS-Project.dir/C_/Pico/pico-sdk/src/rp2_common/pico_stdio_uart/stdio_uart.c.obj
 .text.stdio_uart_in_chars
                0x10004694       0x80 CMakeFiles/FreeRTOS-Project.dir/C_/Pico/pico-sdk/src/rp2_common/pico_stdio_uart/stdio_uart.c.obj
                0x10004694                stdio_uart_in_chars
 .text.on_uart_rx
                0x10004714       0x28 CMakeFiles/FreeRTOS-Project.dir/C_/Pico/pico-sdk/src/rp2_common/pico_stdio_uart/stdio_uart.c.obj
 .text.stdio_uart_set_chars_available_callback
                0x1000473c       0x8c CMakeFiles/FreeRTOS-Project.dir/C_/Pico/pico-sdk/src/rp2_common/pico_stdio_uart/stdio_uart.c.obj
 .text.stdio_uart_init_full
                0x100047c8       0x44 CMakeFiles/FreeRTOS-Project.dir/C_/Pico/pico-sdk/src/rp2_common/pico_stdio_uart/stdio_uart.c.obj
                0x100047c8                stdio_uart_init_full
 .text.stdio_uart_init
                0x1000480c       0x28 CMakeFiles/FreeRTOS-Project.dir/C_/Pico/pico-sdk/src/rp2_common/pico_stdio_uart/stdio_uart.c.obj
                0x1000480c                stdio_uart_init
 .text.adc_init
                0x10004834       0x34 CMakeFiles/FreeRTOS-Project.dir/C_/Pico/pico-sdk/src/rp2_common/hardware_adc/adc.c.obj
                0x10004834                adc_init
 .text          0x10004868     0x128c ..\freertos\libfreertos.a(tasks.c.obj)
                0x10004b28                xTaskCreate
                0x10004b90                vTaskDelete
                0x10004c14                uxTaskPriorityGet
                0x10004c34                uxTaskPriorityGetFromISR
                0x10004c54                vTaskPrioritySet
                0x10004d24                vTaskResume
                0x10004da8                xTaskResumeFromISR
                0x10004e44                vTaskStartScheduler
                0x10004ea0                vTaskEndScheduler
                0x10004eb4                vTaskSuspendAll
                0x10004ec4                xTaskGetTickCount
                0x10004ed0                xTaskGetTickCountFromISR
                0x10004edc                uxTaskGetNumberOfTasks
                0x10004ee8                pcTaskGetName
                0x10004efc                xTaskIncrementTick
                0x10005028                xTaskResumeAll
                0x10005148                xTaskDelayUntil
                0x100051a8                vTaskDelay
                0x100051c8                xTaskCatchUpTicks
                0x100051ec                vTaskSwitchContext
                0x10005264                vTaskSuspend
                0x10005308                vTaskPlaceOnEventList
                0x10005324                vTaskPlaceOnUnorderedEventList
                0x10005364                vTaskPlaceOnEventListRestricted
                0x100053a4                xTaskRemoveFromEventList
                0x10005478                vTaskRemoveFromUnorderedEventList
                0x10005528                vTaskSetTimeOutState
                0x10005544                vTaskInternalSetTimeOutState
                0x10005554                xTaskCheckForTimeOut
                0x100055ac                vTaskMissedYield
                0x100055b8                vTaskSetThreadLocalStoragePointer
                0x100055d4                pvTaskGetThreadLocalStoragePointer
                0x100055f4                xTaskGetCurrentTaskHandle
                0x10005600                xTaskGetSchedulerState
                0x10005620                uxTaskResetEventItemValue
                0x10005638                ulTaskGenericNotifyTake
                0x100056c4                xTaskGenericNotifyWait
                0x10005764                xTaskGenericNotify
                0x1000586c                xTaskGenericNotifyFromISR
                0x100059b0                vTaskGenericNotifyGiveFromISR
                0x10005a8c                xTaskGenericNotifyStateClear
                0x10005ac4                ulTaskGenericNotifyValueClear
 .text          0x10005af4      0x478 ..\freertos\libfreertos.a(timers.c.obj)
                0x10005dfa                xTimerCreateTimerTask
                0x10005e34                xTimerCreate
                0x10005e68                xTimerGenericCommand
                0x10005ec0                xTimerGetTimerDaemonTaskHandle
                0x10005ecc                xTimerGetPeriod
                0x10005ed0                vTimerSetReloadMode
                0x10005efa                xTimerGetReloadMode
                0x10005f18                uxTimerGetReloadMode
                0x10005f20                xTimerGetExpiryTime
                0x10005f24                pcTimerGetName
                0x10005f28                xTimerIsTimerActive
                0x10005f46                pvTimerGetTimerID
                0x10005f58                vTimerSetTimerID
 .text          0x10005f6c       0x2e ..\freertos\libfreertos.a(heap_3.c.obj)
                0x10005f6c                pvPortMalloc
                0x10005f84                vPortFree
 *fill*         0x10005f9a        0x6 
 .text          0x10005fa0      0x18c ..\freertos\libfreertos.a(port.c.obj)
                0x10005fe4                pxPortInitialiseStack
                0x10006004                isr_svcall
                0x10006006                vPortEndScheduler
                0x10006008                vPortYield
                0x10006020                vPortEnterCritical
                0x10006038                vPortExitCritical
                0x1000604c                ulSetInterruptMaskFromISR
                0x10006054                vClearInterruptMaskFromISR
                0x1000605a                isr_pendsv
                0x100060a4                isr_systick
                0x100060c8                vPortSetupTimerInterrupt
                0x100060f0                xPortStartScheduler
 .text          0x1000612c       0x86 ..\freertos\libfreertos.a(list.c.obj)
                0x1000612c                vListInitialise
                0x10006142                vListInitialiseItem
                0x10006148                vListInsertEnd
                0x1000615e                vListInsert
                0x1000618c                uxListRemove
 *fill*         0x100061b2        0x2 
 .text          0x100061b4      0x910 ..\freertos\libfreertos.a(queue.c.obj)
                0x100062e4                xQueueGenericReset
                0x100063b8                xQueueGenericCreate
                0x10006436                xQueueGenericSend
                0x10006528                xQueueGenericSendFromISR
                0x100065ae                xQueueGiveFromISR
                0x1000661e                xQueueReceive
                0x1000670c                xQueueSemaphoreTake
                0x100067f0                xQueuePeek
                0x100068de                xQueueReceiveFromISR
                0x1000695c                xQueuePeekFromISR
                0x1000698a                uxQueueMessagesWaiting
                0x1000699c                uxQueueSpacesAvailable
                0x100069b2                uxQueueMessagesWaitingFromISR
                0x100069b6                xQueueIsQueueEmptyFromISR
                0x100069c4                xQueueIsQueueFullFromISR
                0x100069d4                vQueueAddToRegistry
                0x10006a18                pcQueueGetName
                0x10006a3c                vQueueUnregisterQueue
                0x10006a64                vQueueDelete
                0x10006a74                vQueueWaitForMessageRestricted
 .text.malloc   0x10006ac4       0x14 c:/progra~2/gnuarm~1/102021~1.10/bin/../lib/gcc/arm-none-eabi/10.3.1/../../../../arm-none-eabi/lib/thumb/v6-m/nofp\libg.a(lib_a-malloc.o)
                0x10006ac4                malloc
 .text.free     0x10006ad8       0x14 c:/progra~2/gnuarm~1/102021~1.10/bin/../lib/gcc/arm-none-eabi/10.3.1/../../../../arm-none-eabi/lib/thumb/v6-m/nofp\libg.a(lib_a-malloc.o)
                0x10006ad8                free
 .text._malloc_r
                0x10006aec      0x584 c:/progra~2/gnuarm~1/102021~1.10/bin/../lib/gcc/arm-none-eabi/10.3.1/../../../../arm-none-eabi/lib/thumb/v6-m/nofp\libg.a(lib_a-mallocr.o)
                0x10006aec                _malloc_r
 .text.__malloc_lock
                0x10007070       0x10 c:/progra~2/gnuarm~1/102021~1.10/bin/../lib/gcc/arm-none-eabi/10.3.1/../../../../arm-none-eabi/lib/thumb/v6-m/nofp\libg.a(lib_a-mlock.o)
                0x10007070                __malloc_lock
 .text.__malloc_unlock
                0x10007080       0x10 c:/progra~2/gnuarm~1/102021~1.10/bin/../lib/gcc/arm-none-eabi/10.3.1/../../../../arm-none-eabi/lib/thumb/v6-m/nofp\libg.a(lib_a-mlock.o)
                0x10007080                __malloc_unlock
 .text._sbrk_r  0x10007090       0x24 c:/progra~2/gnuarm~1/102021~1.10/bin/../lib/gcc/arm-none-eabi/10.3.1/../../../../arm-none-eabi/lib/thumb/v6-m/nofp\libg.a(lib_a-sbrkr.o)
                0x10007090                _sbrk_r
 .text.strlen   0x100070b4       0x5c c:/progra~2/gnuarm~1/102021~1.10/bin/../lib/gcc/arm-none-eabi/10.3.1/../../../../arm-none-eabi/lib/thumb/v6-m/nofp\libg.a(lib_a-strlen-stub.o)
                0x100070b4                strlen
 .text._malloc_trim_r
                0x10007110       0x9c c:/progra~2/gnuarm~1/102021~1.10/bin/../lib/gcc/arm-none-eabi/10.3.1/../../../../arm-none-eabi/lib/thumb/v6-m/nofp\libg.a(lib_a-freer.o)
                0x10007110                _malloc_trim_r
 .text._free_r  0x100071ac      0x1c4 c:/progra~2/gnuarm~1/102021~1.10/bin/../lib/gcc/arm-none-eabi/10.3.1/../../../../arm-none-eabi/lib/thumb/v6-m/nofp\libg.a(lib_a-freer.o)
                0x100071ac                _free_r
 .text.__retarget_lock_acquire_recursive
                0x10007370        0x4 c:/progra~2/gnuarm~1/102021~1.10/bin/../lib/gcc/arm-none-eabi/10.3.1/../../../../arm-none-eabi/lib/thumb/v6-m/nofp\libg.a(lib_a-lock.o)
                0x10007370                __retarget_lock_acquire_recursive
 .text.__retarget_lock_release_recursive
                0x10007374        0x4 c:/progra~2/gnuarm~1/102021~1.10/bin/../lib/gcc/arm-none-eabi/10.3.1/../../../../arm-none-eabi/lib/thumb/v6-m/nofp\libg.a(lib_a-lock.o)
                0x10007374                __retarget_lock_release_recursive
 *(.fini)
 .fini          0x10007378        0x4 c:/progra~2/gnuarm~1/102021~1.10/bin/../lib/gcc/arm-none-eabi/10.3.1/thumb/v6-m/nofp/crti.o
                0x10007378                _fini
 *fill*         0x1000737c        0x4 
 .fini.__stub   0x10007380       0x40 linker stubs
 *crtbegin.o(.ctors)
 *crtbegin?.o(.ctors)
 *(EXCLUDE_FILE(*crtend.o *crtend?.o) .ctors)
 *(SORT_BY_NAME(.ctors.*))
 *(.ctors)
 *crtbegin.o(.dtors)
 *crtbegin?.o(.dtors)
 *(EXCLUDE_FILE(*crtend.o *crtend?.o) .dtors)
 *(SORT_BY_NAME(.dtors.*))
 *(.dtors)
 *(.eh_frame*)
 .eh_frame      0x100073c0        0x0 c:/progra~2/gnuarm~1/102021~1.10/bin/../lib/gcc/arm-none-eabi/10.3.1/thumb/v6-m/nofp/crtbegin.o
                0x100073c0                . = ALIGN (0x4)

.glue_7         0x100073c0        0x0
 .glue_7        0x100073c0        0x0 linker stubs

.glue_7t        0x100073c0        0x0
 .glue_7t       0x100073c0        0x0 linker stubs

.vfp11_veneer   0x100073c0        0x0
 .vfp11_veneer  0x100073c0        0x0 linker stubs

.v4_bx          0x100073c0        0x0
 .v4_bx         0x100073c0        0x0 linker stubs

.iplt           0x100073c0        0x0
 .iplt          0x100073c0        0x0 c:/progra~2/gnuarm~1/102021~1.10/bin/../lib/gcc/arm-none-eabi/10.3.1/thumb/v6-m/nofp/crtbegin.o

.rodata         0x100073c0      0xf50
 *(EXCLUDE_FILE(*libm.a: *libc.a:*lib_a-mem*.o *libgcc.a:) .rodata*)
 .rodata.led_task.str1.4
                0x100073c0       0x17 CMakeFiles/FreeRTOS-Project.dir/main.c.obj
 *fill*         0x100073d7        0x1 
 .rodata.temp_sens.str1.4
                0x100073d8        0xd CMakeFiles/FreeRTOS-Project.dir/main.c.obj
 *fill*         0x100073e5        0x3 
 .rodata.main.str1.4
                0x100073e8       0x16 CMakeFiles/FreeRTOS-Project.dir/main.c.obj
 *fill*         0x100073fe        0x2 
 .rodata.make_branch.str1.4
                0x10007400       0x63 CMakeFiles/FreeRTOS-Project.dir/C_/Pico/pico-sdk/src/rp2_common/hardware_irq/irq.c.obj
 *fill*         0x10007463        0x1 
 .rodata.insert_branch_and_link.str1.4
                0x10007464       0x10 CMakeFiles/FreeRTOS-Project.dir/C_/Pico/pico-sdk/src/rp2_common/hardware_irq/irq.c.obj
 .rodata.irq_set_exclusive_handler.str1.4
                0x10007474       0x36 CMakeFiles/FreeRTOS-Project.dir/C_/Pico/pico-sdk/src/rp2_common/hardware_irq/irq.c.obj
 *fill*         0x100074aa        0x2 
 .rodata.irq_add_shared_handler.str1.4
                0x100074ac       0xd9 CMakeFiles/FreeRTOS-Project.dir/C_/Pico/pico-sdk/src/rp2_common/hardware_irq/irq.c.obj
 *fill*         0x10007585        0x3 
 .rodata.irq_remove_handler.str1.4
                0x10007588       0x3a CMakeFiles/FreeRTOS-Project.dir/C_/Pico/pico-sdk/src/rp2_common/hardware_irq/irq.c.obj
 *fill*         0x100075c2        0x2 
 .rodata.irq_add_tail_to_free_list.str1.4
                0x100075c4       0x3a CMakeFiles/FreeRTOS-Project.dir/C_/Pico/pico-sdk/src/rp2_common/hardware_irq/irq.c.obj
 *fill*         0x100075fe        0x2 
 .rodata.__func__.0
                0x10007600       0x1a CMakeFiles/FreeRTOS-Project.dir/C_/Pico/pico-sdk/src/rp2_common/hardware_irq/irq.c.obj
 *fill*         0x1000761a        0x2 
 .rodata.__func__.1
                0x1000761c       0x17 CMakeFiles/FreeRTOS-Project.dir/C_/Pico/pico-sdk/src/rp2_common/hardware_irq/irq.c.obj
 *fill*         0x10007633        0x1 
 .rodata.__func__.2
                0x10007634       0x13 CMakeFiles/FreeRTOS-Project.dir/C_/Pico/pico-sdk/src/rp2_common/hardware_irq/irq.c.obj
 *fill*         0x10007647        0x1 
 .rodata.__func__.3
                0x10007648        0xc CMakeFiles/FreeRTOS-Project.dir/C_/Pico/pico-sdk/src/rp2_common/hardware_irq/irq.c.obj
 .rodata.__func__.4
                0x10007654        0xf CMakeFiles/FreeRTOS-Project.dir/C_/Pico/pico-sdk/src/rp2_common/hardware_irq/irq.c.obj
 *fill*         0x10007663        0x1 
 .rodata.__func__.6
                0x10007664       0x1a CMakeFiles/FreeRTOS-Project.dir/C_/Pico/pico-sdk/src/rp2_common/hardware_irq/irq.c.obj
 *fill*         0x1000767e        0x2 
 .rodata.str1.4
                0x10007680       0xd9 CMakeFiles/FreeRTOS-Project.dir/C_/Pico/pico-sdk/src/common/pico_sync/mutex.c.obj
 *fill*         0x10007759        0x3 
 .rodata.__func__.1
                0x1000775c        0xb CMakeFiles/FreeRTOS-Project.dir/C_/Pico/pico-sdk/src/common/pico_sync/mutex.c.obj
 *fill*         0x10007767        0x1 
 .rodata.__func__.3
                0x10007768       0x18 CMakeFiles/FreeRTOS-Project.dir/C_/Pico/pico-sdk/src/common/pico_sync/mutex.c.obj
 .rodata.repeating_timer_callback.str1.4
                0x10007780       0x41 CMakeFiles/FreeRTOS-Project.dir/C_/Pico/pico-sdk/src/common/pico_time/time.c.obj
 *fill*         0x100077c1        0x3 
 .rodata.timer_pool_entry_comparator.str1.4
                0x100077c4       0x22 CMakeFiles/FreeRTOS-Project.dir/C_/Pico/pico-sdk/src/common/pico_time/time.c.obj
 *fill*         0x100077e6        0x2 
 .rodata.ph_add_child_node.str1.4
                0x100077e8       0x8a CMakeFiles/FreeRTOS-Project.dir/C_/Pico/pico-sdk/src/common/pico_time/time.c.obj
 *fill*         0x10007872        0x2 
 .rodata.add_alarm_under_lock.str1.4
                0x10007874       0x28 CMakeFiles/FreeRTOS-Project.dir/C_/Pico/pico-sdk/src/common/pico_time/time.c.obj
                                 0x2b (size before relaxing)
 .rodata.alarm_pool_alarm_callback.str1.4
                0x1000789c       0x98 CMakeFiles/FreeRTOS-Project.dir/C_/Pico/pico-sdk/src/common/pico_time/time.c.obj
                                 0xf0 (size before relaxing)
 .rodata.alarm_pool_get_default.str1.4
                0x10007934       0x21 CMakeFiles/FreeRTOS-Project.dir/C_/Pico/pico-sdk/src/common/pico_time/time.c.obj
 *fill*         0x10007955        0x3 
 .rodata.alarm_pool_cancel_alarm.str1.4
                0x10007958       0x27 CMakeFiles/FreeRTOS-Project.dir/C_/Pico/pico-sdk/src/common/pico_time/time.c.obj
 *fill*         0x1000797f        0x1 
 .rodata.sleep_until.str1.4
                0x10007980       0x4d CMakeFiles/FreeRTOS-Project.dir/C_/Pico/pico-sdk/src/common/pico_time/time.c.obj
 *fill*         0x100079cd        0x3 
 .rodata.__func__.1
                0x100079d0       0x18 CMakeFiles/FreeRTOS-Project.dir/C_/Pico/pico-sdk/src/common/pico_time/time.c.obj
 .rodata.__func__.10
                0x100079e8       0x15 CMakeFiles/FreeRTOS-Project.dir/C_/Pico/pico-sdk/src/common/pico_time/time.c.obj
 *fill*         0x100079fd        0x3 
 .rodata.__func__.11
                0x10007a00       0x1a CMakeFiles/FreeRTOS-Project.dir/C_/Pico/pico-sdk/src/common/pico_time/time.c.obj
 *fill*         0x10007a1a        0x2 
 .rodata.__func__.12
                0x10007a1c        0xa CMakeFiles/FreeRTOS-Project.dir/C_/Pico/pico-sdk/src/common/pico_time/time.c.obj
 *fill*         0x10007a26        0x2 
 .rodata.__func__.3
                0x10007a28       0x17 CMakeFiles/FreeRTOS-Project.dir/C_/Pico/pico-sdk/src/common/pico_time/time.c.obj
 *fill*         0x10007a3f        0x1 
 .rodata.__func__.4
                0x10007a40       0x12 CMakeFiles/FreeRTOS-Project.dir/C_/Pico/pico-sdk/src/common/pico_time/time.c.obj
 *fill*         0x10007a52        0x2 
 .rodata.__func__.5
                0x10007a54        0xd CMakeFiles/FreeRTOS-Project.dir/C_/Pico/pico-sdk/src/common/pico_time/time.c.obj
 *fill*         0x10007a61        0x3 
 .rodata.__func__.6
                0x10007a64       0x12 CMakeFiles/FreeRTOS-Project.dir/C_/Pico/pico-sdk/src/common/pico_time/time.c.obj
 *fill*         0x10007a76        0x2 
 .rodata.__func__.7
                0x10007a78        0xf CMakeFiles/FreeRTOS-Project.dir/C_/Pico/pico-sdk/src/common/pico_time/time.c.obj
 *fill*         0x10007a87        0x1 
 .rodata.__func__.8
                0x10007a88        0xc CMakeFiles/FreeRTOS-Project.dir/C_/Pico/pico-sdk/src/common/pico_time/time.c.obj
 .rodata.__func__.9
                0x10007a94       0x15 CMakeFiles/FreeRTOS-Project.dir/C_/Pico/pico-sdk/src/common/pico_time/time.c.obj
 *fill*         0x10007aa9        0x3 
 .rodata.hardware_alarm_claim.str1.4
                0x10007aac       0x22 CMakeFiles/FreeRTOS-Project.dir/C_/Pico/pico-sdk/src/rp2_common/hardware_timer/timer.c.obj
 *fill*         0x10007ace        0x2 
 .rodata.hardware_alarm_set_target.str1.4
                0x10007ad0       0x5b CMakeFiles/FreeRTOS-Project.dir/C_/Pico/pico-sdk/src/rp2_common/hardware_timer/timer.c.obj
 *fill*         0x10007b2b        0x1 
 .rodata.__func__.0
                0x10007b2c       0x1a CMakeFiles/FreeRTOS-Project.dir/C_/Pico/pico-sdk/src/rp2_common/hardware_timer/timer.c.obj
 .rodata.ph_add_child_node.str1.4
                0x10007b46       0x8a CMakeFiles/FreeRTOS-Project.dir/C_/Pico/pico-sdk/src/common/pico_util/pheap.c.obj
 *fill*         0x10007b46        0x2 
 .rodata.ph_remove_any_head.str1.4
                0x10007b48       0x84 CMakeFiles/FreeRTOS-Project.dir/C_/Pico/pico-sdk/src/common/pico_util/pheap.c.obj
                                 0x98 (size before relaxing)
 .rodata.ph_remove_and_free_node.str1.4
                0x10007bcc       0x1e CMakeFiles/FreeRTOS-Project.dir/C_/Pico/pico-sdk/src/common/pico_util/pheap.c.obj
                                 0x26 (size before relaxing)
 *fill*         0x10007bea        0x2 
 .rodata.__func__.0
                0x10007bec       0x18 CMakeFiles/FreeRTOS-Project.dir/C_/Pico/pico-sdk/src/common/pico_util/pheap.c.obj
 .rodata.__func__.1
                0x10007c04       0x13 CMakeFiles/FreeRTOS-Project.dir/C_/Pico/pico-sdk/src/common/pico_util/pheap.c.obj
 *fill*         0x10007c17        0x1 
 .rodata.__func__.2
                0x10007c18       0x12 CMakeFiles/FreeRTOS-Project.dir/C_/Pico/pico-sdk/src/common/pico_util/pheap.c.obj
 *fill*         0x10007c2a        0x2 
 .rodata.__func__.3
                0x10007c2c        0xc CMakeFiles/FreeRTOS-Project.dir/C_/Pico/pico-sdk/src/common/pico_util/pheap.c.obj
 .rodata.clock_configure.str1.4
                0x10007c38       0x4d CMakeFiles/FreeRTOS-Project.dir/C_/Pico/pico-sdk/src/rp2_common/hardware_clocks/clocks.c.obj
 *fill*         0x10007c85        0x3 
 .rodata.__func__.1
                0x10007c88       0x10 CMakeFiles/FreeRTOS-Project.dir/C_/Pico/pico-sdk/src/rp2_common/hardware_clocks/clocks.c.obj
 .rodata.pll_init.str1.4
                0x10007c98      0x117 CMakeFiles/FreeRTOS-Project.dir/C_/Pico/pico-sdk/src/rp2_common/hardware_pll/pll.c.obj
 *fill*         0x10007daf        0x1 
 .rodata.__func__.0
                0x10007db0        0x9 CMakeFiles/FreeRTOS-Project.dir/C_/Pico/pico-sdk/src/rp2_common/hardware_pll/pll.c.obj
 *fill*         0x10007db9        0x3 
 .rodata.__assert_func.str1.4
                0x10007dbc       0x3f CMakeFiles/FreeRTOS-Project.dir/C_/Pico/pico-sdk/src/rp2_common/pico_runtime/runtime.c.obj
                                 0x43 (size before relaxing)
 *fill*         0x10007dfb        0x1 
 .rodata.runtime_init.str1.4
                0x10007dfc       0x57 CMakeFiles/FreeRTOS-Project.dir/C_/Pico/pico-sdk/src/rp2_common/pico_runtime/runtime.c.obj
 *fill*         0x10007e53        0x1 
 .rodata.panic.str1.4
                0x10007e54       0x12 CMakeFiles/FreeRTOS-Project.dir/C_/Pico/pico-sdk/src/rp2_common/pico_runtime/runtime.c.obj
 *fill*         0x10007e66        0x2 
 .rodata.__func__.2
                0x10007e68        0xd CMakeFiles/FreeRTOS-Project.dir/C_/Pico/pico-sdk/src/rp2_common/pico_runtime/runtime.c.obj
 *fill*         0x10007e75        0x3 
 .rodata._ftoa.str1.4
                0x10007e78       0x15 CMakeFiles/FreeRTOS-Project.dir/C_/Pico/pico-sdk/src/rp2_common/pico_printf/printf.c.obj
 *fill*         0x10007e8d        0x3 
 .rodata._vsnprintf
                0x10007e90      0x1e0 CMakeFiles/FreeRTOS-Project.dir/C_/Pico/pico-sdk/src/rp2_common/pico_printf/printf.c.obj
 .rodata.pow10.0
                0x10008070       0x50 CMakeFiles/FreeRTOS-Project.dir/C_/Pico/pico-sdk/src/rp2_common/pico_printf/printf.c.obj
 .rodata.__aeabi_double_init.str1.4
                0x100080c0       0x9e CMakeFiles/FreeRTOS-Project.dir/C_/Pico/pico-sdk/src/rp2_common/pico_double/double_init_rom.c.obj
 *fill*         0x1000815e        0x2 
 .rodata.__func__.0
                0x10008160       0x14 CMakeFiles/FreeRTOS-Project.dir/C_/Pico/pico-sdk/src/rp2_common/pico_double/double_init_rom.c.obj
 .rodata.__aeabi_float_init.str1.4
                0x10008174       0x70 CMakeFiles/FreeRTOS-Project.dir/C_/Pico/pico-sdk/src/rp2_common/pico_float/float_init_rom.c.obj
                                 0x74 (size before relaxing)
 .rodata.__func__.0
                0x100081e4       0x13 CMakeFiles/FreeRTOS-Project.dir/C_/Pico/pico-sdk/src/rp2_common/pico_float/float_init_rom.c.obj
 *fill*         0x100081f7        0x1 
 .rodata.__wrap_malloc.str1.4
                0x100081f8        0xe CMakeFiles/FreeRTOS-Project.dir/C_/Pico/pico-sdk/src/rp2_common/pico_malloc/pico_malloc.c.obj
 *fill*         0x10008206        0x2 
 .rodata.str1.4
                0x10008208       0x48 CMakeFiles/FreeRTOS-Project.dir/C_/Pico/pico-sdk/src/rp2_common/pico_standard_link/binary_info.c.obj
 .rodata.__bi_44
                0x10008250        0xc CMakeFiles/FreeRTOS-Project.dir/C_/Pico/pico-sdk/src/rp2_common/pico_standard_link/binary_info.c.obj
 .rodata.__bi_75
                0x1000825c        0xc CMakeFiles/FreeRTOS-Project.dir/C_/Pico/pico-sdk/src/rp2_common/pico_standard_link/binary_info.c.obj
 .rodata.__bi_81
                0x10008268        0xc CMakeFiles/FreeRTOS-Project.dir/C_/Pico/pico-sdk/src/rp2_common/pico_standard_link/binary_info.c.obj
 .rodata.stdout_serialize_begin.str1.4
                0x10008274       0x57 CMakeFiles/FreeRTOS-Project.dir/C_/Pico/pico-sdk/src/rp2_common/pico_stdio/stdio.c.obj
 .rodata.__func__.3
                0x10008274       0x15 CMakeFiles/FreeRTOS-Project.dir/C_/Pico/pico-sdk/src/rp2_common/pico_stdio/stdio.c.obj
 *fill*         0x10008289        0x3 
 .rodata.crlf_str.2
                0x1000828c        0x2 CMakeFiles/FreeRTOS-Project.dir/C_/Pico/pico-sdk/src/rp2_common/pico_stdio/stdio.c.obj
 *fill*         0x1000828e        0x2 
 .rodata.str1.4
                0x10008290       0x2c CMakeFiles/FreeRTOS-Project.dir/C_/Pico/pico-sdk/src/rp2_common/pico_stdio_uart/stdio_uart.c.obj
 .rodata.__bi_33.4
                0x100082bc        0xc CMakeFiles/FreeRTOS-Project.dir/C_/Pico/pico-sdk/src/rp2_common/pico_stdio_uart/stdio_uart.c.obj
 .rodata.__bi_34.5
                0x100082c8        0x8 CMakeFiles/FreeRTOS-Project.dir/C_/Pico/pico-sdk/src/rp2_common/pico_stdio_uart/stdio_uart.c.obj
 .rodata.str1.4
                0x100082d0        0x5 ..\freertos\libfreertos.a(tasks.c.obj)
 *fill*         0x100082d5        0x3 
 .rodata        0x100082d8       0x28 ..\freertos\libfreertos.a(timers.c.obj)
 .rodata.str1.4
                0x10008300       0x10 ..\freertos\libfreertos.a(timers.c.obj)
                0x10008310                . = ALIGN (0x4)
 *(SORT_BY_ALIGNMENT(SORT_BY_NAME(.flashdata*)))
                0x10008310                . = ALIGN (0x4)

.rel.dyn        0x10008310        0x0
 .rel.iplt      0x10008310        0x0 c:/progra~2/gnuarm~1/102021~1.10/bin/../lib/gcc/arm-none-eabi/10.3.1/thumb/v6-m/nofp/crtbegin.o

.ARM.extab
 *(.ARM.extab* .gnu.linkonce.armextab.*)
                0x10008310                __exidx_start = .

.ARM.exidx
 *(.ARM.exidx* .gnu.linkonce.armexidx.*)
                0x10008310                __exidx_end = .
                0x10008310                . = ALIGN (0x4)
                0x10008310                __binary_info_start = .

.binary_info    0x10008310       0x24
 *(.binary_info.keep.*)
 .binary_info.keep.__bi_ptr22
                0x10008310        0x4 CMakeFiles/FreeRTOS-Project.dir/C_/Pico/pico-sdk/src/rp2_common/pico_standard_link/binary_info.c.obj
 .binary_info.keep.__bi_ptr30
                0x10008314        0x4 CMakeFiles/FreeRTOS-Project.dir/C_/Pico/pico-sdk/src/rp2_common/pico_standard_link/binary_info.c.obj
 .binary_info.keep.__bi_ptr38
                0x10008318        0x4 CMakeFiles/FreeRTOS-Project.dir/C_/Pico/pico-sdk/src/rp2_common/pico_standard_link/binary_info.c.obj
 .binary_info.keep.__bi_ptr44
                0x1000831c        0x4 CMakeFiles/FreeRTOS-Project.dir/C_/Pico/pico-sdk/src/rp2_common/pico_standard_link/binary_info.c.obj
 .binary_info.keep.__bi_ptr50
                0x10008320        0x4 CMakeFiles/FreeRTOS-Project.dir/C_/Pico/pico-sdk/src/rp2_common/pico_standard_link/binary_info.c.obj
 .binary_info.keep.__bi_ptr75
                0x10008324        0x4 CMakeFiles/FreeRTOS-Project.dir/C_/Pico/pico-sdk/src/rp2_common/pico_standard_link/binary_info.c.obj
 .binary_info.keep.__bi_ptr81
                0x10008328        0x4 CMakeFiles/FreeRTOS-Project.dir/C_/Pico/pico-sdk/src/rp2_common/pico_standard_link/binary_info.c.obj
 *(.binary_info.*)
 .binary_info.__bi_ptr33
                0x1000832c        0x4 CMakeFiles/FreeRTOS-Project.dir/C_/Pico/pico-sdk/src/rp2_common/pico_stdio_uart/stdio_uart.c.obj
 .binary_info.__bi_ptr34
                0x10008330        0x4 CMakeFiles/FreeRTOS-Project.dir/C_/Pico/pico-sdk/src/rp2_common/pico_stdio_uart/stdio_uart.c.obj
                0x10008334                __binary_info_end = .
                0x10008334                . = ALIGN (0x4)
                0x10008334                __etext = .

.ram_vector_table
                0x20000000       0xc0
 *(.ram_vector_table)
 .ram_vector_table
                0x20000000       0xc0 CMakeFiles/FreeRTOS-Project.dir/C_/Pico/pico-sdk/src/rp2_common/pico_runtime/runtime.c.obj
                0x20000000                ram_vector_table

.data           0x200000c0      0xa8c load address 0x10008334
                0x200000c0                __data_start__ = .
 *(vtable)
 *(.time_critical*)
 .time_critical.mutex_try_enter
                0x200000c0       0x46 CMakeFiles/FreeRTOS-Project.dir/C_/Pico/pico-sdk/src/common/pico_sync/mutex.c.obj
                0x200000c0                mutex_try_enter
 *fill*         0x20000106        0x2 
 .time_critical.mutex_enter_block_until
                0x20000108       0x8c CMakeFiles/FreeRTOS-Project.dir/C_/Pico/pico-sdk/src/common/pico_sync/mutex.c.obj
                0x20000108                mutex_enter_block_until
 .time_critical.mutex_try_enter_block_until
                0x20000194       0x34 CMakeFiles/FreeRTOS-Project.dir/C_/Pico/pico-sdk/src/common/pico_sync/mutex.c.obj
                0x20000194                mutex_try_enter_block_until
 .time_critical.mutex_exit
                0x200001c8       0x4c CMakeFiles/FreeRTOS-Project.dir/C_/Pico/pico-sdk/src/common/pico_sync/mutex.c.obj
                0x200001c8                mutex_exit
 *(.text*)
 .text          0x20000214        0x4 c:/progra~2/gnuarm~1/102021~1.10/bin/../lib/gcc/arm-none-eabi/10.3.1/thumb/v6-m/nofp\libgcc.a(_dvmd_tls.o)
                0x20000214                __aeabi_idiv0
                0x20000214                __aeabi_ldiv0
 .text.__stub   0x20000218       0x20 linker stubs
                0x20000238                . = ALIGN (0x4)
 *(.rodata*)
                0x20000238                . = ALIGN (0x4)
 *(.data*)
 .data.striped_spin_lock_num
                0x20000238        0x1 CMakeFiles/FreeRTOS-Project.dir/C_/Pico/pico-sdk/src/rp2_common/hardware_sync/sync.c.obj
 *fill*         0x20000239        0x3 
 .data          0x2000023c       0x48 CMakeFiles/FreeRTOS-Project.dir/C_/Pico/pico-sdk/src/rp2_common/hardware_irq/irq_handler_chain.S.obj
                0x2000023c                irq_handler_chain_slots
                0x2000026c                irq_handler_chain_first_slot
                0x20000276                irq_handler_chain_remove_tail
 .data.default_alarm_pool
                0x20000284       0x18 CMakeFiles/FreeRTOS-Project.dir/C_/Pico/pico-sdk/src/common/pico_time/time.c.obj
 .data.default_alarm_pool_heap
                0x2000029c       0x10 CMakeFiles/FreeRTOS-Project.dir/C_/Pico/pico-sdk/src/common/pico_time/time.c.obj
 *fill*         0x200002ac        0x4 
 .data.aeabi_bits_funcs
                0x200002b0       0x10 CMakeFiles/FreeRTOS-Project.dir/C_/Pico/pico-sdk/src/rp2_common/pico_bit_ops/bit_ops_aeabi.S.obj
                0x200002b0                aeabi_bits_funcs
                0x200002c0                aeabi_bits_funcs_end
 .data.aeabi_mem_funcs
                0x200002c0       0x10 CMakeFiles/FreeRTOS-Project.dir/C_/Pico/pico-sdk/src/rp2_common/pico_mem_ops/mem_ops_aeabi.S.obj
                0x200002c0                aeabi_mem_funcs
                0x200002d0                aeabi_mem_funcs_end
 .data.stdio_uart
                0x200002d0       0x18 CMakeFiles/FreeRTOS-Project.dir/C_/Pico/pico-sdk/src/rp2_common/pico_stdio_uart/stdio_uart.c.obj
                0x200002d0                stdio_uart
 .data          0x200002e8        0x4 ..\freertos\libfreertos.a(tasks.c.obj)
                0x200002e8                uxTopUsedPriority
 .data          0x200002ec        0x4 ..\freertos\libfreertos.a(port.c.obj)
 .data._impure_ptr
                0x200002f0        0x4 c:/progra~2/gnuarm~1/102021~1.10/bin/../lib/gcc/arm-none-eabi/10.3.1/../../../../arm-none-eabi/lib/thumb/v6-m/nofp\libg.a(lib_a-impure.o)
                0x200002f0                _impure_ptr
 *fill*         0x200002f4        0x4 
 .data.impure_data
                0x200002f8      0x428 c:/progra~2/gnuarm~1/102021~1.10/bin/../lib/gcc/arm-none-eabi/10.3.1/../../../../arm-none-eabi/lib/thumb/v6-m/nofp\libg.a(lib_a-impure.o)
 .data.__malloc_av_
                0x20000720      0x408 c:/progra~2/gnuarm~1/102021~1.10/bin/../lib/gcc/arm-none-eabi/10.3.1/../../../../arm-none-eabi/lib/thumb/v6-m/nofp\libg.a(lib_a-mallocr.o)
                0x20000720                __malloc_av_
 .data.__malloc_sbrk_base
                0x20000b28        0x4 c:/progra~2/gnuarm~1/102021~1.10/bin/../lib/gcc/arm-none-eabi/10.3.1/../../../../arm-none-eabi/lib/thumb/v6-m/nofp\libg.a(lib_a-mallocr.o)
                0x20000b28                __malloc_sbrk_base
 .data.__malloc_trim_threshold
                0x20000b2c        0x4 c:/progra~2/gnuarm~1/102021~1.10/bin/../lib/gcc/arm-none-eabi/10.3.1/../../../../arm-none-eabi/lib/thumb/v6-m/nofp\libg.a(lib_a-mallocr.o)
                0x20000b2c                __malloc_trim_threshold
                0x20000b30                . = ALIGN (0x4)
 *(.after_data.*)
                0x20000b30                . = ALIGN (0x4)
                0x20000b30                PROVIDE (__mutex_array_start = .)
 *(SORT_BY_NAME(.mutex_array.*))
 *(.mutex_array)
 .mutex_array   0x20000b30        0x8 CMakeFiles/FreeRTOS-Project.dir/C_/Pico/pico-sdk/src/rp2_common/pico_stdio/stdio.c.obj
                0x20000b38                PROVIDE (__mutex_array_end = .)
                0x20000b38                . = ALIGN (0x4)
                0x20000b38                PROVIDE (__preinit_array_start = .)
 *(SORT_BY_NAME(.preinit_array.*))
 .preinit_array.00001
                0x20000b38        0x4 CMakeFiles/FreeRTOS-Project.dir/C_/Pico/pico-sdk/src/rp2_common/pico_mem_ops/mem_ops_aeabi.S.obj
 .preinit_array.00010
                0x20000b3c        0x4 CMakeFiles/FreeRTOS-Project.dir/C_/Pico/pico-sdk/src/rp2_common/pico_bit_ops/bit_ops_aeabi.S.obj
 .preinit_array.00020
                0x20000b40        0x4 CMakeFiles/FreeRTOS-Project.dir/C_/Pico/pico-sdk/src/rp2_common/pico_double/double_aeabi.S.obj
 .preinit_array.00020
                0x20000b44        0x4 CMakeFiles/FreeRTOS-Project.dir/C_/Pico/pico-sdk/src/rp2_common/pico_float/float_aeabi.S.obj
 *(.preinit_array)
                0x20000b48                PROVIDE (__preinit_array_end = .)
                0x20000b48                . = ALIGN (0x4)
                0x20000b48                PROVIDE (__init_array_start = .)
 *(SORT_BY_NAME(.init_array.*))
 *(.init_array)
 .init_array    0x20000b48        0x4 c:/progra~2/gnuarm~1/102021~1.10/bin/../lib/gcc/arm-none-eabi/10.3.1/thumb/v6-m/nofp/crtbegin.o
                0x20000b4c                PROVIDE (__init_array_end = .)
                0x20000b4c                . = ALIGN (0x4)
                [!provide]                PROVIDE (__fini_array_start = .)
 *(SORT_BY_NAME(.fini_array.*))
 *(.fini_array)
                [!provide]                PROVIDE (__fini_array_end = .)
 *(.jcr)
                0x20000b4c                . = ALIGN (0x4)
                0x20000b4c                __data_end__ = .

.igot.plt       0x20000b4c        0x0 load address 0x10008dc0
 .igot.plt      0x20000b4c        0x0 c:/progra~2/gnuarm~1/102021~1.10/bin/../lib/gcc/arm-none-eabi/10.3.1/thumb/v6-m/nofp/crtbegin.o

.uninitialized_data
                0x20000b4c        0x0 load address 0x10008dc0
                0x20000b4c                . = ALIGN (0x4)
 *(.uninitialized_data*)

.scratch_x      0x20040000        0x0 load address 0x10008dc0
                0x20040000                __scratch_x_start__ = .
 *(.scratch_x.*)
                0x20040000                . = ALIGN (0x4)
                0x20040000                __scratch_x_end__ = .
                0x10008dc0                __scratch_x_source__ = LOADADDR (.scratch_x)

.scratch_y      0x20041000        0x0 load address 0x10008dc0
                0x20041000                __scratch_y_start__ = .
 *(.scratch_y.*)
                0x20041000                . = ALIGN (0x4)
                0x20041000                __scratch_y_end__ = .
                0x10008dc0                __scratch_y_source__ = LOADADDR (.scratch_y)

.bss            0x20000b50      0x5a8
                0x20000b50                . = ALIGN (0x4)
                0x20000b50                __bss_start__ = .
 *(SORT_BY_ALIGNMENT(SORT_BY_NAME(.bss*)))
 .bss.default_alarm_pool_entries
                0x20000b50      0x100 CMakeFiles/FreeRTOS-Project.dir/C_/Pico/pico-sdk/src/common/pico_time/time.c.obj
 .bss           0x20000c50       0x1c c:/progra~2/gnuarm~1/102021~1.10/bin/../lib/gcc/arm-none-eabi/10.3.1/thumb/v6-m/nofp/crtbegin.o
 .bss           0x20000c6c      0x104 ..\freertos\libfreertos.a(tasks.c.obj)
                0x20000d44                pxCurrentTCB
 .bss           0x20000d70       0x3c ..\freertos\libfreertos.a(timers.c.obj)
 .bss           0x20000dac       0x50 ..\freertos\libfreertos.a(queue.c.obj)
                0x20000dac                xQueueRegistry
 .bss.__lock___malloc_recursive_mutex
                0x20000dfc        0x1 c:/progra~2/gnuarm~1/102021~1.10/bin/../lib/gcc/arm-none-eabi/10.3.1/../../../../arm-none-eabi/lib/thumb/v6-m/nofp\libg.a(lib_a-lock.o)
                0x20000dfc                __lock___malloc_recursive_mutex
 *fill*         0x20000dfd        0x3 
 .bss.__malloc_current_mallinfo
                0x20000e00       0x28 c:/progra~2/gnuarm~1/102021~1.10/bin/../lib/gcc/arm-none-eabi/10.3.1/../../../../arm-none-eabi/lib/thumb/v6-m/nofp\libg.a(lib_a-mallocr.o)
                0x20000e00                __malloc_current_mallinfo
 .bss.__malloc_max_sbrked_mem
                0x20000e28        0x4 c:/progra~2/gnuarm~1/102021~1.10/bin/../lib/gcc/arm-none-eabi/10.3.1/../../../../arm-none-eabi/lib/thumb/v6-m/nofp\libg.a(lib_a-mallocr.o)
                0x20000e28                __malloc_max_sbrked_mem
 .bss.__malloc_max_total_mem
                0x20000e2c        0x4 c:/progra~2/gnuarm~1/102021~1.10/bin/../lib/gcc/arm-none-eabi/10.3.1/../../../../arm-none-eabi/lib/thumb/v6-m/nofp\libg.a(lib_a-mallocr.o)
                0x20000e2c                __malloc_max_total_mem
 .bss.__malloc_top_pad
                0x20000e30        0x4 c:/progra~2/gnuarm~1/102021~1.10/bin/../lib/gcc/arm-none-eabi/10.3.1/../../../../arm-none-eabi/lib/thumb/v6-m/nofp\libg.a(lib_a-mallocr.o)
                0x20000e30                __malloc_top_pad
 .bss.alarm_callbacks
                0x20000e34       0x10 CMakeFiles/FreeRTOS-Project.dir/C_/Pico/pico-sdk/src/rp2_common/hardware_timer/timer.c.obj
 .bss.chars_available_callback
                0x20000e44        0x4 CMakeFiles/FreeRTOS-Project.dir/C_/Pico/pico-sdk/src/rp2_common/pico_stdio_uart/stdio_uart.c.obj
 .bss.chars_available_param
                0x20000e48        0x4 CMakeFiles/FreeRTOS-Project.dir/C_/Pico/pico-sdk/src/rp2_common/pico_stdio_uart/stdio_uart.c.obj
 .bss.configured_freq
                0x20000e4c       0x28 CMakeFiles/FreeRTOS-Project.dir/C_/Pico/pico-sdk/src/rp2_common/hardware_clocks/clocks.c.obj
 .bss.default_alarm_pool_entry_ids_high
                0x20000e74       0x10 CMakeFiles/FreeRTOS-Project.dir/C_/Pico/pico-sdk/src/common/pico_time/time.c.obj
 .bss.default_alarm_pool_heap_nodes
                0x20000e84       0x30 CMakeFiles/FreeRTOS-Project.dir/C_/Pico/pico-sdk/src/common/pico_time/time.c.obj
 .bss.drivers   0x20000eb4        0x4 CMakeFiles/FreeRTOS-Project.dir/C_/Pico/pico-sdk/src/rp2_common/pico_stdio/stdio.c.obj
 .bss.errno     0x20000eb8        0x4 c:/progra~2/gnuarm~1/102021~1.10/bin/../lib/gcc/arm-none-eabi/10.3.1/../../../../arm-none-eabi/lib/thumb/v6-m/nofp\libg.a(lib_a-reent.o)
                0x20000eb8                errno
 .bss.filter    0x20000ebc        0x4 CMakeFiles/FreeRTOS-Project.dir/C_/Pico/pico-sdk/src/rp2_common/pico_stdio/stdio.c.obj
 .bss.heap_end.1
                0x20000ec0        0x4 CMakeFiles/FreeRTOS-Project.dir/C_/Pico/pico-sdk/src/rp2_common/pico_runtime/runtime.c.obj
 .bss.pools     0x20000ec4       0x10 CMakeFiles/FreeRTOS-Project.dir/C_/Pico/pico-sdk/src/common/pico_time/time.c.obj
 .bss.sd_table  0x20000ed4      0x100 CMakeFiles/FreeRTOS-Project.dir/C_/Pico/pico-sdk/src/rp2_common/pico_double/double_init_rom.c.obj
                0x20000ed4                sd_table
 .bss.sf_clz_func
                0x20000fd4        0x4 CMakeFiles/FreeRTOS-Project.dir/C_/Pico/pico-sdk/src/rp2_common/pico_double/double_init_rom.c.obj
                0x20000fd4                sf_clz_func
 .bss.sf_table  0x20000fd8      0x100 CMakeFiles/FreeRTOS-Project.dir/C_/Pico/pico-sdk/src/rp2_common/pico_float/float_init_rom.c.obj
                0x20000fd8                sf_table
 .bss.sleep_notifier
                0x200010d8        0x4 CMakeFiles/FreeRTOS-Project.dir/C_/Pico/pico-sdk/src/common/pico_time/time.c.obj
 .bss.target_hi
                0x200010dc       0x10 CMakeFiles/FreeRTOS-Project.dir/C_/Pico/pico-sdk/src/rp2_common/hardware_timer/timer.c.obj
 .bss.uart_char_to_line_feed
                0x200010ec        0x4 CMakeFiles/FreeRTOS-Project.dir/C_/Pico/pico-sdk/src/rp2_common/hardware_uart/uart.c.obj
                0x200010ec                uart_char_to_line_feed
 .bss.uart_instance
                0x200010f0        0x4 CMakeFiles/FreeRTOS-Project.dir/C_/Pico/pico-sdk/src/rp2_common/pico_stdio_uart/stdio_uart.c.obj
 .bss.claimed   0x200010f4        0x1 CMakeFiles/FreeRTOS-Project.dir/C_/Pico/pico-sdk/src/rp2_common/hardware_timer/timer.c.obj
 .bss.irq_hander_chain_free_slot_head
                0x200010f5        0x1 CMakeFiles/FreeRTOS-Project.dir/C_/Pico/pico-sdk/src/rp2_common/hardware_irq/irq.c.obj
 .bss.timer_callbacks_pending
                0x200010f6        0x1 CMakeFiles/FreeRTOS-Project.dir/C_/Pico/pico-sdk/src/rp2_common/hardware_timer/timer.c.obj
 *(COMMON)
                0x200010f8                . = ALIGN (0x4)
 *fill*         0x200010f7        0x1 
                0x200010f8                __bss_end__ = .

.heap           0x200010f8      0x800
                0x200010f8                __end__ = .
                0x200010f8                end = __end__
 *(.heap*)
 .heap          0x200010f8      0x800 CMakeFiles/FreeRTOS-Project.dir/C_/Pico/pico-sdk/src/rp2_common/pico_standard_link/crt0.S.obj
                0x200018f8                __HeapLimit = .

.stack1_dummy   0x20040000        0x0
 *(.stack1*)

.stack_dummy    0x20041000      0x800
 *(.stack*)
 .stack         0x20041000      0x800 CMakeFiles/FreeRTOS-Project.dir/C_/Pico/pico-sdk/src/rp2_common/pico_standard_link/crt0.S.obj

.flash_end      0x10008dc0        0x0
                0x10008dc0                __flash_binary_end = .
                0x20040000                __StackLimit = (ORIGIN (RAM) + LENGTH (RAM))
                0x20041000                __StackOneTop = (ORIGIN (SCRATCH_X) + LENGTH (SCRATCH_X))
                0x20042000                __StackTop = (ORIGIN (SCRATCH_Y) + LENGTH (SCRATCH_Y))
                0x20041000                __StackOneBottom = (__StackOneTop - SIZEOF (.stack1_dummy))
                0x20041800                __StackBottom = (__StackTop - SIZEOF (.stack_dummy))
                0x20042000                PROVIDE (__stack = __StackTop)
                0x00000001                ASSERT ((__StackLimit >= __HeapLimit), region RAM overflowed)
                0x00000001                ASSERT (((__binary_info_header_end - __logical_binary_start) <= 0x100), Binary info must be in first 256 bytes of the binary)
LOAD CMakeFiles/FreeRTOS-Project.dir/main.c.obj
LOAD CMakeFiles/FreeRTOS-Project.dir/C_/Pico/pico-sdk/src/rp2_common/pico_stdlib/stdlib.c.obj
LOAD CMakeFiles/FreeRTOS-Project.dir/C_/Pico/pico-sdk/src/rp2_common/hardware_gpio/gpio.c.obj
LOAD CMakeFiles/FreeRTOS-Project.dir/C_/Pico/pico-sdk/src/rp2_common/pico_platform/platform.c.obj
LOAD CMakeFiles/FreeRTOS-Project.dir/C_/Pico/pico-sdk/src/rp2_common/hardware_claim/claim.c.obj
LOAD CMakeFiles/FreeRTOS-Project.dir/C_/Pico/pico-sdk/src/rp2_common/hardware_sync/sync.c.obj
LOAD CMakeFiles/FreeRTOS-Project.dir/C_/Pico/pico-sdk/src/rp2_common/hardware_irq/irq.c.obj
LOAD CMakeFiles/FreeRTOS-Project.dir/C_/Pico/pico-sdk/src/rp2_common/hardware_irq/irq_handler_chain.S.obj
LOAD CMakeFiles/FreeRTOS-Project.dir/C_/Pico/pico-sdk/src/common/pico_sync/sem.c.obj
LOAD CMakeFiles/FreeRTOS-Project.dir/C_/Pico/pico-sdk/src/common/pico_sync/lock_core.c.obj
LOAD CMakeFiles/FreeRTOS-Project.dir/C_/Pico/pico-sdk/src/common/pico_sync/mutex.c.obj
LOAD CMakeFiles/FreeRTOS-Project.dir/C_/Pico/pico-sdk/src/common/pico_sync/critical_section.c.obj
LOAD CMakeFiles/FreeRTOS-Project.dir/C_/Pico/pico-sdk/src/common/pico_time/time.c.obj
LOAD CMakeFiles/FreeRTOS-Project.dir/C_/Pico/pico-sdk/src/common/pico_time/timeout_helper.c.obj
LOAD CMakeFiles/FreeRTOS-Project.dir/C_/Pico/pico-sdk/src/rp2_common/hardware_timer/timer.c.obj
LOAD CMakeFiles/FreeRTOS-Project.dir/C_/Pico/pico-sdk/src/common/pico_util/datetime.c.obj
LOAD CMakeFiles/FreeRTOS-Project.dir/C_/Pico/pico-sdk/src/common/pico_util/pheap.c.obj
LOAD CMakeFiles/FreeRTOS-Project.dir/C_/Pico/pico-sdk/src/common/pico_util/queue.c.obj
LOAD CMakeFiles/FreeRTOS-Project.dir/C_/Pico/pico-sdk/src/rp2_common/hardware_uart/uart.c.obj
LOAD CMakeFiles/FreeRTOS-Project.dir/C_/Pico/pico-sdk/src/rp2_common/hardware_clocks/clocks.c.obj
LOAD CMakeFiles/FreeRTOS-Project.dir/C_/Pico/pico-sdk/src/rp2_common/hardware_pll/pll.c.obj
LOAD CMakeFiles/FreeRTOS-Project.dir/C_/Pico/pico-sdk/src/rp2_common/hardware_vreg/vreg.c.obj
LOAD CMakeFiles/FreeRTOS-Project.dir/C_/Pico/pico-sdk/src/rp2_common/hardware_watchdog/watchdog.c.obj
LOAD CMakeFiles/FreeRTOS-Project.dir/C_/Pico/pico-sdk/src/rp2_common/hardware_xosc/xosc.c.obj
LOAD CMakeFiles/FreeRTOS-Project.dir/C_/Pico/pico-sdk/src/rp2_common/hardware_divider/divider.S.obj
LOAD CMakeFiles/FreeRTOS-Project.dir/C_/Pico/pico-sdk/src/rp2_common/pico_runtime/runtime.c.obj
LOAD CMakeFiles/FreeRTOS-Project.dir/C_/Pico/pico-sdk/src/rp2_common/pico_printf/printf.c.obj
LOAD CMakeFiles/FreeRTOS-Project.dir/C_/Pico/pico-sdk/src/rp2_common/pico_bit_ops/bit_ops_aeabi.S.obj
LOAD CMakeFiles/FreeRTOS-Project.dir/C_/Pico/pico-sdk/src/rp2_common/pico_bootrom/bootrom.c.obj
LOAD CMakeFiles/FreeRTOS-Project.dir/C_/Pico/pico-sdk/src/rp2_common/pico_divider/divider.S.obj
LOAD CMakeFiles/FreeRTOS-Project.dir/C_/Pico/pico-sdk/src/rp2_common/pico_double/double_aeabi.S.obj
LOAD CMakeFiles/FreeRTOS-Project.dir/C_/Pico/pico-sdk/src/rp2_common/pico_double/double_init_rom.c.obj
LOAD CMakeFiles/FreeRTOS-Project.dir/C_/Pico/pico-sdk/src/rp2_common/pico_double/double_math.c.obj
LOAD CMakeFiles/FreeRTOS-Project.dir/C_/Pico/pico-sdk/src/rp2_common/pico_double/double_v1_rom_shim.S.obj
LOAD CMakeFiles/FreeRTOS-Project.dir/C_/Pico/pico-sdk/src/rp2_common/pico_int64_ops/pico_int64_ops_aeabi.S.obj
LOAD CMakeFiles/FreeRTOS-Project.dir/C_/Pico/pico-sdk/src/rp2_common/pico_float/float_aeabi.S.obj
LOAD CMakeFiles/FreeRTOS-Project.dir/C_/Pico/pico-sdk/src/rp2_common/pico_float/float_init_rom.c.obj
LOAD CMakeFiles/FreeRTOS-Project.dir/C_/Pico/pico-sdk/src/rp2_common/pico_float/float_math.c.obj
LOAD CMakeFiles/FreeRTOS-Project.dir/C_/Pico/pico-sdk/src/rp2_common/pico_float/float_v1_rom_shim.S.obj
LOAD CMakeFiles/FreeRTOS-Project.dir/C_/Pico/pico-sdk/src/rp2_common/pico_malloc/pico_malloc.c.obj
LOAD CMakeFiles/FreeRTOS-Project.dir/C_/Pico/pico-sdk/src/rp2_common/pico_mem_ops/mem_ops_aeabi.S.obj
LOAD CMakeFiles/FreeRTOS-Project.dir/C_/Pico/pico-sdk/src/rp2_common/pico_standard_link/crt0.S.obj
LOAD CMakeFiles/FreeRTOS-Project.dir/C_/Pico/pico-sdk/src/rp2_common/pico_standard_link/new_delete.cpp.obj
LOAD CMakeFiles/FreeRTOS-Project.dir/C_/Pico/pico-sdk/src/rp2_common/pico_standard_link/binary_info.c.obj
LOAD CMakeFiles/FreeRTOS-Project.dir/C_/Pico/pico-sdk/src/rp2_common/pico_stdio/stdio.c.obj
LOAD CMakeFiles/FreeRTOS-Project.dir/C_/Pico/pico-sdk/src/rp2_common/pico_stdio_uart/stdio_uart.c.obj
LOAD CMakeFiles/FreeRTOS-Project.dir/C_/Pico/pico-sdk/src/rp2_common/hardware_adc/adc.c.obj
LOAD ..\freertos\libfreertos.a
LOAD C:\Users\AKHILA~1\AppData\Local\Temp\cccv2HFm.o
LOAD c:/progra~2/gnuarm~1/102021~1.10/bin/../lib/gcc/arm-none-eabi/10.3.1/../../../../arm-none-eabi/lib/thumb/v6-m/nofp\libstdc++.a
LOAD c:/progra~2/gnuarm~1/102021~1.10/bin/../lib/gcc/arm-none-eabi/10.3.1/../../../../arm-none-eabi/lib/thumb/v6-m/nofp\libm.a
START GROUP
LOAD c:/progra~2/gnuarm~1/102021~1.10/bin/../lib/gcc/arm-none-eabi/10.3.1/thumb/v6-m/nofp\libgcc.a
LOAD c:/progra~2/gnuarm~1/102021~1.10/bin/../lib/gcc/arm-none-eabi/10.3.1/../../../../arm-none-eabi/lib/thumb/v6-m/nofp\libg.a
LOAD c:/progra~2/gnuarm~1/102021~1.10/bin/../lib/gcc/arm-none-eabi/10.3.1/../../../../arm-none-eabi/lib/thumb/v6-m/nofp\libc.a
END GROUP
START GROUP
LOAD c:/progra~2/gnuarm~1/102021~1.10/bin/../lib/gcc/arm-none-eabi/10.3.1/thumb/v6-m/nofp\libgcc.a
LOAD c:/progra~2/gnuarm~1/102021~1.10/bin/../lib/gcc/arm-none-eabi/10.3.1/../../../../arm-none-eabi/lib/thumb/v6-m/nofp\libc.a
LOAD c:/progra~2/gnuarm~1/102021~1.10/bin/../lib/gcc/arm-none-eabi/10.3.1/../../../../arm-none-eabi/lib/thumb/v6-m/nofp\libnosys.a
END GROUP
LOAD c:/progra~2/gnuarm~1/102021~1.10/bin/../lib/gcc/arm-none-eabi/10.3.1/thumb/v6-m/nofp/crtend.o
LOAD c:/progra~2/gnuarm~1/102021~1.10/bin/../lib/gcc/arm-none-eabi/10.3.1/thumb/v6-m/nofp/crtn.o
OUTPUT(FreeRTOS-Project.elf elf32-littlearm)
LOAD linker stubs

.ARM.attributes
                0x00000000       0x28
 .ARM.attributes
                0x00000000       0x1e c:/progra~2/gnuarm~1/102021~1.10/bin/../lib/gcc/arm-none-eabi/10.3.1/thumb/v6-m/nofp/crti.o
 .ARM.attributes
                0x0000001e       0x2c c:/progra~2/gnuarm~1/102021~1.10/bin/../lib/gcc/arm-none-eabi/10.3.1/thumb/v6-m/nofp/crtbegin.o
 .ARM.attributes
                0x0000004a       0x2c CMakeFiles/FreeRTOS-Project.dir/main.c.obj
 .ARM.attributes
                0x00000076       0x2c CMakeFiles/FreeRTOS-Project.dir/C_/Pico/pico-sdk/src/rp2_common/hardware_gpio/gpio.c.obj
 .ARM.attributes
                0x000000a2       0x2c CMakeFiles/FreeRTOS-Project.dir/C_/Pico/pico-sdk/src/rp2_common/pico_platform/platform.c.obj
 .ARM.attributes
                0x000000ce       0x2c CMakeFiles/FreeRTOS-Project.dir/C_/Pico/pico-sdk/src/rp2_common/hardware_claim/claim.c.obj
 .ARM.attributes
                0x000000fa       0x2c CMakeFiles/FreeRTOS-Project.dir/C_/Pico/pico-sdk/src/rp2_common/hardware_sync/sync.c.obj
 .ARM.attributes
                0x00000126       0x2c CMakeFiles/FreeRTOS-Project.dir/C_/Pico/pico-sdk/src/rp2_common/hardware_irq/irq.c.obj
 .ARM.attributes
                0x00000152       0x22 CMakeFiles/FreeRTOS-Project.dir/C_/Pico/pico-sdk/src/rp2_common/hardware_irq/irq_handler_chain.S.obj
 .ARM.attributes
                0x00000174       0x2c CMakeFiles/FreeRTOS-Project.dir/C_/Pico/pico-sdk/src/common/pico_sync/lock_core.c.obj
 .ARM.attributes
                0x000001a0       0x2c CMakeFiles/FreeRTOS-Project.dir/C_/Pico/pico-sdk/src/common/pico_sync/mutex.c.obj
 .ARM.attributes
                0x000001cc       0x2c CMakeFiles/FreeRTOS-Project.dir/C_/Pico/pico-sdk/src/common/pico_time/time.c.obj
 .ARM.attributes
                0x000001f8       0x2c CMakeFiles/FreeRTOS-Project.dir/C_/Pico/pico-sdk/src/rp2_common/hardware_timer/timer.c.obj
 .ARM.attributes
                0x00000224       0x2c CMakeFiles/FreeRTOS-Project.dir/C_/Pico/pico-sdk/src/common/pico_util/pheap.c.obj
 .ARM.attributes
                0x00000250       0x2c CMakeFiles/FreeRTOS-Project.dir/C_/Pico/pico-sdk/src/rp2_common/hardware_uart/uart.c.obj
 .ARM.attributes
                0x0000027c       0x2c CMakeFiles/FreeRTOS-Project.dir/C_/Pico/pico-sdk/src/rp2_common/hardware_clocks/clocks.c.obj
 .ARM.attributes
                0x000002a8       0x2c CMakeFiles/FreeRTOS-Project.dir/C_/Pico/pico-sdk/src/rp2_common/hardware_pll/pll.c.obj
 .ARM.attributes
                0x000002d4       0x2c CMakeFiles/FreeRTOS-Project.dir/C_/Pico/pico-sdk/src/rp2_common/hardware_watchdog/watchdog.c.obj
 .ARM.attributes
                0x00000300       0x2c CMakeFiles/FreeRTOS-Project.dir/C_/Pico/pico-sdk/src/rp2_common/hardware_xosc/xosc.c.obj
 .ARM.attributes
                0x0000032c       0x2c CMakeFiles/FreeRTOS-Project.dir/C_/Pico/pico-sdk/src/rp2_common/pico_runtime/runtime.c.obj
 .ARM.attributes
                0x00000358       0x2c CMakeFiles/FreeRTOS-Project.dir/C_/Pico/pico-sdk/src/rp2_common/pico_printf/printf.c.obj
 .ARM.attributes
                0x00000384       0x22 CMakeFiles/FreeRTOS-Project.dir/C_/Pico/pico-sdk/src/rp2_common/pico_bit_ops/bit_ops_aeabi.S.obj
 .ARM.attributes
                0x000003a6       0x2c CMakeFiles/FreeRTOS-Project.dir/C_/Pico/pico-sdk/src/rp2_common/pico_bootrom/bootrom.c.obj
 .ARM.attributes
                0x000003d2       0x22 CMakeFiles/FreeRTOS-Project.dir/C_/Pico/pico-sdk/src/rp2_common/pico_divider/divider.S.obj
 .ARM.attributes
                0x000003f4       0x22 CMakeFiles/FreeRTOS-Project.dir/C_/Pico/pico-sdk/src/rp2_common/pico_double/double_aeabi.S.obj
 .ARM.attributes
                0x00000416       0x2c CMakeFiles/FreeRTOS-Project.dir/C_/Pico/pico-sdk/src/rp2_common/pico_double/double_init_rom.c.obj
 .ARM.attributes
                0x00000442       0x22 CMakeFiles/FreeRTOS-Project.dir/C_/Pico/pico-sdk/src/rp2_common/pico_double/double_v1_rom_shim.S.obj
 .ARM.attributes
                0x00000464       0x22 CMakeFiles/FreeRTOS-Project.dir/C_/Pico/pico-sdk/src/rp2_common/pico_int64_ops/pico_int64_ops_aeabi.S.obj
 .ARM.attributes
                0x00000486       0x22 CMakeFiles/FreeRTOS-Project.dir/C_/Pico/pico-sdk/src/rp2_common/pico_float/float_aeabi.S.obj
 .ARM.attributes
                0x000004a8       0x2c CMakeFiles/FreeRTOS-Project.dir/C_/Pico/pico-sdk/src/rp2_common/pico_float/float_init_rom.c.obj
 .ARM.attributes
                0x000004d4       0x22 CMakeFiles/FreeRTOS-Project.dir/C_/Pico/pico-sdk/src/rp2_common/pico_float/float_v1_rom_shim.S.obj
 .ARM.attributes
                0x000004f6       0x2c CMakeFiles/FreeRTOS-Project.dir/C_/Pico/pico-sdk/src/rp2_common/pico_malloc/pico_malloc.c.obj
 .ARM.attributes
                0x00000522       0x22 CMakeFiles/FreeRTOS-Project.dir/C_/Pico/pico-sdk/src/rp2_common/pico_mem_ops/mem_ops_aeabi.S.obj
 .ARM.attributes
                0x00000544       0x22 CMakeFiles/FreeRTOS-Project.dir/C_/Pico/pico-sdk/src/rp2_common/pico_standard_link/crt0.S.obj
 .ARM.attributes
                0x00000566       0x2c CMakeFiles/FreeRTOS-Project.dir/C_/Pico/pico-sdk/src/rp2_common/pico_standard_link/binary_info.c.obj
 .ARM.attributes
                0x00000592       0x2c CMakeFiles/FreeRTOS-Project.dir/C_/Pico/pico-sdk/src/rp2_common/pico_stdio/stdio.c.obj
 .ARM.attributes
                0x000005be       0x2c CMakeFiles/FreeRTOS-Project.dir/C_/Pico/pico-sdk/src/rp2_common/pico_stdio_uart/stdio_uart.c.obj
 .ARM.attributes
                0x000005ea       0x2c CMakeFiles/FreeRTOS-Project.dir/C_/Pico/pico-sdk/src/rp2_common/hardware_adc/adc.c.obj
 .ARM.attributes
                0x00000616       0x2c ..\freertos\libfreertos.a(tasks.c.obj)
 .ARM.attributes
                0x00000642       0x2c ..\freertos\libfreertos.a(timers.c.obj)
 .ARM.attributes
                0x0000066e       0x2c ..\freertos\libfreertos.a(heap_3.c.obj)
 .ARM.attributes
                0x0000069a       0x2c ..\freertos\libfreertos.a(port.c.obj)
 .ARM.attributes
                0x000006c6       0x2c ..\freertos\libfreertos.a(list.c.obj)
 .ARM.attributes
                0x000006f2       0x2c ..\freertos\libfreertos.a(queue.c.obj)
 .ARM.attributes
                0x0000071e       0x22 C:\Users\AKHILA~1\AppData\Local\Temp\cccv2HFm.o
 .ARM.attributes
                0x00000740       0x1e c:/progra~2/gnuarm~1/102021~1.10/bin/../lib/gcc/arm-none-eabi/10.3.1/thumb/v6-m/nofp\libgcc.a(_dvmd_tls.o)
 .ARM.attributes
                0x0000075e       0x2c c:/progra~2/gnuarm~1/102021~1.10/bin/../lib/gcc/arm-none-eabi/10.3.1/../../../../arm-none-eabi/lib/thumb/v6-m/nofp\libg.a(lib_a-impure.o)
 .ARM.attributes
                0x0000078a       0x2c c:/progra~2/gnuarm~1/102021~1.10/bin/../lib/gcc/arm-none-eabi/10.3.1/../../../../arm-none-eabi/lib/thumb/v6-m/nofp\libg.a(lib_a-malloc.o)
 .ARM.attributes
                0x000007b6       0x2c c:/progra~2/gnuarm~1/102021~1.10/bin/../lib/gcc/arm-none-eabi/10.3.1/../../../../arm-none-eabi/lib/thumb/v6-m/nofp\libg.a(lib_a-mallocr.o)
 .ARM.attributes
                0x000007e2       0x2c c:/progra~2/gnuarm~1/102021~1.10/bin/../lib/gcc/arm-none-eabi/10.3.1/../../../../arm-none-eabi/lib/thumb/v6-m/nofp\libg.a(lib_a-mlock.o)
 .ARM.attributes
                0x0000080e       0x2c c:/progra~2/gnuarm~1/102021~1.10/bin/../lib/gcc/arm-none-eabi/10.3.1/../../../../arm-none-eabi/lib/thumb/v6-m/nofp\libg.a(lib_a-sbrkr.o)
 .ARM.attributes
                0x0000083a       0x2c c:/progra~2/gnuarm~1/102021~1.10/bin/../lib/gcc/arm-none-eabi/10.3.1/../../../../arm-none-eabi/lib/thumb/v6-m/nofp\libg.a(lib_a-strlen-stub.o)
 .ARM.attributes
                0x00000866       0x2c c:/progra~2/gnuarm~1/102021~1.10/bin/../lib/gcc/arm-none-eabi/10.3.1/../../../../arm-none-eabi/lib/thumb/v6-m/nofp\libg.a(lib_a-freer.o)
 .ARM.attributes
                0x00000892       0x2c c:/progra~2/gnuarm~1/102021~1.10/bin/../lib/gcc/arm-none-eabi/10.3.1/../../../../arm-none-eabi/lib/thumb/v6-m/nofp\libg.a(lib_a-lock.o)
 .ARM.attributes
                0x000008be       0x2c c:/progra~2/gnuarm~1/102021~1.10/bin/../lib/gcc/arm-none-eabi/10.3.1/../../../../arm-none-eabi/lib/thumb/v6-m/nofp\libg.a(lib_a-reent.o)

.comment        0x00000000       0x49
 .comment       0x00000000       0x49 CMakeFiles/FreeRTOS-Project.dir/main.c.obj
                                 0x4a (size before relaxing)
 .comment       0x00000049       0x4a CMakeFiles/FreeRTOS-Project.dir/C_/Pico/pico-sdk/src/rp2_common/hardware_gpio/gpio.c.obj
 .comment       0x00000049       0x4a CMakeFiles/FreeRTOS-Project.dir/C_/Pico/pico-sdk/src/rp2_common/pico_platform/platform.c.obj
 .comment       0x00000049       0x4a CMakeFiles/FreeRTOS-Project.dir/C_/Pico/pico-sdk/src/rp2_common/hardware_claim/claim.c.obj
 .comment       0x00000049       0x4a CMakeFiles/FreeRTOS-Project.dir/C_/Pico/pico-sdk/src/rp2_common/hardware_sync/sync.c.obj
 .comment       0x00000049       0x4a CMakeFiles/FreeRTOS-Project.dir/C_/Pico/pico-sdk/src/rp2_common/hardware_irq/irq.c.obj
 .comment       0x00000049       0x4a CMakeFiles/FreeRTOS-Project.dir/C_/Pico/pico-sdk/src/common/pico_sync/lock_core.c.obj
 .comment       0x00000049       0x4a CMakeFiles/FreeRTOS-Project.dir/C_/Pico/pico-sdk/src/common/pico_sync/mutex.c.obj
 .comment       0x00000049       0x4a CMakeFiles/FreeRTOS-Project.dir/C_/Pico/pico-sdk/src/common/pico_time/time.c.obj
 .comment       0x00000049       0x4a CMakeFiles/FreeRTOS-Project.dir/C_/Pico/pico-sdk/src/rp2_common/hardware_timer/timer.c.obj
 .comment       0x00000049       0x4a CMakeFiles/FreeRTOS-Project.dir/C_/Pico/pico-sdk/src/common/pico_util/pheap.c.obj
 .comment       0x00000049       0x4a CMakeFiles/FreeRTOS-Project.dir/C_/Pico/pico-sdk/src/rp2_common/hardware_uart/uart.c.obj
 .comment       0x00000049       0x4a CMakeFiles/FreeRTOS-Project.dir/C_/Pico/pico-sdk/src/rp2_common/hardware_clocks/clocks.c.obj
 .comment       0x00000049       0x4a CMakeFiles/FreeRTOS-Project.dir/C_/Pico/pico-sdk/src/rp2_common/hardware_pll/pll.c.obj
 .comment       0x00000049       0x4a CMakeFiles/FreeRTOS-Project.dir/C_/Pico/pico-sdk/src/rp2_common/hardware_watchdog/watchdog.c.obj
 .comment       0x00000049       0x4a CMakeFiles/FreeRTOS-Project.dir/C_/Pico/pico-sdk/src/rp2_common/hardware_xosc/xosc.c.obj
 .comment       0x00000049       0x4a CMakeFiles/FreeRTOS-Project.dir/C_/Pico/pico-sdk/src/rp2_common/pico_runtime/runtime.c.obj
 .comment       0x00000049       0x4a CMakeFiles/FreeRTOS-Project.dir/C_/Pico/pico-sdk/src/rp2_common/pico_printf/printf.c.obj
 .comment       0x00000049       0x4a CMakeFiles/FreeRTOS-Project.dir/C_/Pico/pico-sdk/src/rp2_common/pico_bootrom/bootrom.c.obj
 .comment       0x00000049       0x4a CMakeFiles/FreeRTOS-Project.dir/C_/Pico/pico-sdk/src/rp2_common/pico_double/double_init_rom.c.obj
 .comment       0x00000049       0x4a CMakeFiles/FreeRTOS-Project.dir/C_/Pico/pico-sdk/src/rp2_common/pico_float/float_init_rom.c.obj
 .comment       0x00000049       0x4a CMakeFiles/FreeRTOS-Project.dir/C_/Pico/pico-sdk/src/rp2_common/pico_malloc/pico_malloc.c.obj
 .comment       0x00000049       0x4a CMakeFiles/FreeRTOS-Project.dir/C_/Pico/pico-sdk/src/rp2_common/pico_standard_link/binary_info.c.obj
 .comment       0x00000049       0x4a CMakeFiles/FreeRTOS-Project.dir/C_/Pico/pico-sdk/src/rp2_common/pico_stdio/stdio.c.obj
 .comment       0x00000049       0x4a CMakeFiles/FreeRTOS-Project.dir/C_/Pico/pico-sdk/src/rp2_common/pico_stdio_uart/stdio_uart.c.obj
 .comment       0x00000049       0x4a CMakeFiles/FreeRTOS-Project.dir/C_/Pico/pico-sdk/src/rp2_common/hardware_adc/adc.c.obj
 .comment       0x00000049       0x4a ..\freertos\libfreertos.a(tasks.c.obj)
 .comment       0x00000049       0x4a ..\freertos\libfreertos.a(timers.c.obj)
 .comment       0x00000049       0x4a ..\freertos\libfreertos.a(heap_3.c.obj)
 .comment       0x00000049       0x4a ..\freertos\libfreertos.a(port.c.obj)
 .comment       0x00000049       0x4a ..\freertos\libfreertos.a(list.c.obj)
 .comment       0x00000049       0x4a ..\freertos\libfreertos.a(queue.c.obj)

.debug_info     0x00000000    0x1b720
 .debug_info    0x00000000      0xb45 CMakeFiles/FreeRTOS-Project.dir/main.c.obj
 .debug_info    0x00000b45     0x16d8 CMakeFiles/FreeRTOS-Project.dir/C_/Pico/pico-sdk/src/rp2_common/hardware_gpio/gpio.c.obj