Archive member included to satisfy reference by file (symbol)

..\freertos\libfreertos.a(queue.c.obj)
                              CMakeFiles/rp2040-freertos-project.dir/main.c.obj (xQueueGenericCreate)
..\freertos\libfreertos.a(tasks.c.obj)
                              CMakeFiles/rp2040-freertos-project.dir/main.c.obj (xTaskCreate)
..\freertos\libfreertos.a(timers.c.obj)
                              ..\freertos\libfreertos.a(tasks.c.obj) (xTimerCreateTimerTask)
..\freertos\libfreertos.a(heap_3.c.obj)
                              ..\freertos\libfreertos.a(queue.c.obj) (pvPortMalloc)
..\freertos\libfreertos.a(port.c.obj)
                              ..\freertos\libfreertos.a(tasks.c.obj) (pxPortInitialiseStack)
..\freertos\libfreertos.a(list.c.obj)
                              ..\freertos\libfreertos.a(queue.c.obj) (vListInitialise)
c:/progra~2/gnuarm~1/102021~1.10/bin/../lib/gcc/arm-none-eabi/10.3.1/thumb/v6-m/nofp\libgcc.a(_dvmd_tls.o)
                              CMakeFiles/rp2040-freertos-project.dir/C_/Pico/pico-sdk/src/rp2_common/pico_divider/divider.S.obj (__aeabi_idiv0)
c:/progra~2/gnuarm~1/102021~1.10/bin/../lib/gcc/arm-none-eabi/10.3.1/../../../../arm-none-eabi/lib/thumb/v6-m/nofp\libg.a(lib_a-calloc.o)
                              CMakeFiles/rp2040-freertos-project.dir/C_/Pico/pico-sdk/src/rp2_common/pico_malloc/pico_malloc.c.obj (calloc)
c:/progra~2/gnuarm~1/102021~1.10/bin/../lib/gcc/arm-none-eabi/10.3.1/../../../../arm-none-eabi/lib/thumb/v6-m/nofp\libg.a(lib_a-callocr.o)
                              c:/progra~2/gnuarm~1/102021~1.10/bin/../lib/gcc/arm-none-eabi/10.3.1/../../../../arm-none-eabi/lib/thumb/v6-m/nofp\libg.a(lib_a-calloc.o) (_calloc_r)
c:/progra~2/gnuarm~1/102021~1.10/bin/../lib/gcc/arm-none-eabi/10.3.1/../../../../arm-none-eabi/lib/thumb/v6-m/nofp\libg.a(lib_a-errno.o)
                              c:/progra~2/gnuarm~1/102021~1.10/bin/../lib/gcc/arm-none-eabi/10.3.1/../../../../arm-none-eabi/lib/thumb/v6-m/nofp\libg.a(lib_a-callocr.o) (__errno)
c:/progra~2/gnuarm~1/102021~1.10/bin/../lib/gcc/arm-none-eabi/10.3.1/../../../../arm-none-eabi/lib/thumb/v6-m/nofp\libg.a(lib_a-impure.o)
                              c:/progra~2/gnuarm~1/102021~1.10/bin/../lib/gcc/arm-none-eabi/10.3.1/../../../../arm-none-eabi/lib/thumb/v6-m/nofp\libg.a(lib_a-calloc.o) (_impure_ptr)
c:/progra~2/gnuarm~1/102021~1.10/bin/../lib/gcc/arm-none-eabi/10.3.1/../../../../arm-none-eabi/lib/thumb/v6-m/nofp\libg.a(lib_a-init.o)
                              c:/progra~2/gnuarm~1/102021~1.10/bin/../lib/gcc/arm-none-eabi/10.3.1/../../../../arm-none-eabi/lib/thumb/v6-m/nofp/crt0.o (__libc_init_array)
c:/progra~2/gnuarm~1/102021~1.10/bin/../lib/gcc/arm-none-eabi/10.3.1/../../../../arm-none-eabi/lib/thumb/v6-m/nofp\libg.a(lib_a-malloc.o)
                              CMakeFiles/rp2040-freertos-project.dir/C_/Pico/pico-sdk/src/rp2_common/pico_malloc/pico_malloc.c.obj (malloc)
c:/progra~2/gnuarm~1/102021~1.10/bin/../lib/gcc/arm-none-eabi/10.3.1/../../../../arm-none-eabi/lib/thumb/v6-m/nofp\libg.a(lib_a-mallocr.o)
                              c:/progra~2/gnuarm~1/102021~1.10/bin/../lib/gcc/arm-none-eabi/10.3.1/../../../../arm-none-eabi/lib/thumb/v6-m/nofp\libg.a(lib_a-callocr.o) (_malloc_r)
c:/progra~2/gnuarm~1/102021~1.10/bin/../lib/gcc/arm-none-eabi/10.3.1/../../../../arm-none-eabi/lib/thumb/v6-m/nofp\libg.a(lib_a-mlock.o)
                              c:/progra~2/gnuarm~1/102021~1.10/bin/../lib/gcc/arm-none-eabi/10.3.1/../../../../arm-none-eabi/lib/thumb/v6-m/nofp\libg.a(lib_a-mallocr.o) (__malloc_lock)
c:/progra~2/gnuarm~1/102021~1.10/bin/../lib/gcc/arm-none-eabi/10.3.1/../../../../arm-none-eabi/lib/thumb/v6-m/nofp\libg.a(lib_a-realloc.o)
                              CMakeFiles/rp2040-freertos-project.dir/C_/Pico/pico-sdk/src/rp2_common/pico_malloc/pico_malloc.c.obj (realloc)
c:/progra~2/gnuarm~1/102021~1.10/bin/../lib/gcc/arm-none-eabi/10.3.1/../../../../arm-none-eabi/lib/thumb/v6-m/nofp\libg.a(lib_a-reallocr.o)
                              c:/progra~2/gnuarm~1/102021~1.10/bin/../lib/gcc/arm-none-eabi/10.3.1/../../../../arm-none-eabi/lib/thumb/v6-m/nofp\libg.a(lib_a-realloc.o) (_realloc_r)
c:/progra~2/gnuarm~1/102021~1.10/bin/../lib/gcc/arm-none-eabi/10.3.1/../../../../arm-none-eabi/lib/thumb/v6-m/nofp\libg.a(lib_a-sbrkr.o)
                              c:/progra~2/gnuarm~1/102021~1.10/bin/../lib/gcc/arm-none-eabi/10.3.1/../../../../arm-none-eabi/lib/thumb/v6-m/nofp\libg.a(lib_a-mallocr.o) (_sbrk_r)
c:/progra~2/gnuarm~1/102021~1.10/bin/../lib/gcc/arm-none-eabi/10.3.1/../../../../arm-none-eabi/lib/thumb/v6-m/nofp\libg.a(lib_a-strlen-stub.o)
                              CMakeFiles/rp2040-freertos-project.dir/C_/Pico/pico-sdk/src/rp2_common/pico_stdio/stdio.c.obj (strlen)
c:/progra~2/gnuarm~1/102021~1.10/bin/../lib/gcc/arm-none-eabi/10.3.1/../../../../arm-none-eabi/lib/thumb/v6-m/nofp\libg.a(lib_a-freer.o)
[...]
Memory Configuration

Name             Origin             Length             Attributes
FLASH            0x10000000         0x00200000         xr
RAM              0x20000000         0x00040000         xrw
SCRATCH_X        0x20040000         0x00001000         xrw
SCRATCH_Y        0x20041000         0x00001000         xrw
*default*        0x00000000         0xffffffff

Linker script and memory map

LOAD c:/progra~2/gnuarm~1/102021~1.10/bin/../lib/gcc/arm-none-eabi/10.3.1/thumb/v6-m/nofp/crti.o
LOAD c:/progra~2/gnuarm~1/102021~1.10/bin/../lib/gcc/arm-none-eabi/10.3.1/thumb/v6-m/nofp/crtbegin.o
LOAD c:/progra~2/gnuarm~1/102021~1.10/bin/../lib/gcc/arm-none-eabi/10.3.1/../../../../arm-none-eabi/lib/thumb/v6-m/nofp/crt0.o

.flash_begin    0x10000000        0x0
                0x10000000                __flash_binary_start = .

.boot2          0x10000000      0x100
                0x10000000                __boot2_start__ = .
 *(.boot2)
 .boot2         0x10000000      0x100 C:\Users\AKHILA~1\AppData\Local\Temp\ccUNr18p.o
                0x10000100                __boot2_end__ = .
                0x00000001                ASSERT (((__boot2_end__ - __boot2_start__) == 0x100), ERROR: Pico second stage bootloader must be 256 bytes in size)

.text           0x10000100     0x6f30
                0x10000100                __logical_binary_start = .
 *(.vectors)
 .vectors       0x10000100       0xd4 CMakeFiles/rp2040-freertos-project.dir/C_/Pico/pico-sdk/src/rp2_common/pico_standard_link/crt0.S.obj
                0x10000100                __vectors
                0x10000100                __VECTOR_TABLE
                0x100001c0                isr_invalid
                0x100001c0                __default_isrs_start
                0x100001c2                isr_nmi
                0x100001c4                isr_hardfault
                0x100001cc                isr_irq11
                0x100001cc                isr_irq23
                0x100001cc                isr_irq18
                0x100001cc                isr_irq5
                0x100001cc                isr_irq31
                0x100001cc                isr_irq27
                0x100001cc                isr_irq19
                0x100001cc                isr_irq0
                0x100001cc                isr_irq6
                0x100001cc                isr_irq13
                0x100001cc                isr_irq12
                0x100001cc                isr_irq22
                0x100001cc                __unhandled_user_irq
                0x100001cc                isr_irq17
                0x100001cc                isr_irq14
                0x100001cc                isr_irq28
                0x100001cc                isr_irq2
                0x100001cc                isr_irq10
                0x100001cc                isr_irq8
                0x100001cc                isr_irq24
                0x100001cc                isr_irq1
                0x100001cc                isr_irq7
                0x100001cc                isr_irq21
                0x100001cc                isr_irq20
                0x100001cc                isr_irq15
                0x100001cc                isr_irq25
                0x100001cc                isr_irq30
                0x100001cc                isr_irq4
                0x100001cc                isr_irq16
                0x100001cc                isr_irq29
                0x100001cc                isr_irq26
                0x100001cc                __default_isrs_end
                0x100001cc                isr_irq3
                0x100001cc                isr_irq9
                0x100001d2                unhandled_user_irq_num_in_r0
 *(.binary_info_header)
 .binary_info_header
                0x100001d4       0x14 CMakeFiles/rp2040-freertos-project.dir/C_/Pico/pico-sdk/src/rp2_common/pico_standard_link/crt0.S.obj
                0x100001e8                __binary_info_header_end = .
 *(.reset)
 .reset         0x100001e8       0xa0 CMakeFiles/rp2040-freertos-project.dir/C_/Pico/pico-sdk/src/rp2_common/pico_standard_link/crt0.S.obj
                0x100001e8                _entry_point
 .reset         0x10000288       0x30 CMakeFiles/rp2040-freertos-project.dir/C_/Pico/pico-sdk/src/rp2_common/pico_standard_link/binary_info.c.obj
 *(.init)
 .init          0x100002b8        0x4 c:/progra~2/gnuarm~1/102021~1.10/bin/../lib/gcc/arm-none-eabi/10.3.1/thumb/v6-m/nofp/crti.o
                0x100002b8                _init
 *(EXCLUDE_FILE(*libm.a: *libc.a:*lib_a-mem*.o *libgcc.a:) .text*)
 .text          0x100002bc       0x48 c:/progra~2/gnuarm~1/102021~1.10/bin/../lib/gcc/arm-none-eabi/10.3.1/thumb/v6-m/nofp/crtbegin.o
 .text.led_task
                0x10000304       0x58 CMakeFiles/rp2040-freertos-project.dir/main.c.obj
                0x10000304                led_task
 .text.usb_task
                0x1000035c       0x3c CMakeFiles/rp2040-freertos-project.dir/main.c.obj
                0x1000035c                usb_task
 .text.main     0x10000398       0x58 CMakeFiles/rp2040-freertos-project.dir/main.c.obj
                0x10000398                main
 .text.gpio_set_function
                0x100003f0       0x30 CMakeFiles/rp2040-freertos-project.dir/C_/Pico/pico-sdk/src/rp2_common/hardware_gpio/gpio.c.obj
                0x100003f0                gpio_set_function
 .text.gpio_init
                0x10000420       0x16 CMakeFiles/rp2040-freertos-project.dir/C_/Pico/pico-sdk/src/rp2_common/hardware_gpio/gpio.c.obj
                0x10000420                gpio_init
 *fill*         0x10000436        0x2 
 .text.running_on_fpga
                0x10000438       0x14 CMakeFiles/rp2040-freertos-project.dir/C_/Pico/pico-sdk/src/rp2_common/pico_platform/platform.c.obj
                0x10000438                running_on_fpga
 .text.hw_claim_lock
                0x1000044c       0x18 CMakeFiles/rp2040-freertos-project.dir/C_/Pico/pico-sdk/src/rp2_common/hardware_claim/claim.c.obj
                0x1000044c                hw_claim_lock
 .text.hw_claim_unlock
                0x10000464       0x14 CMakeFiles/rp2040-freertos-project.dir/C_/Pico/pico-sdk/src/rp2_common/hardware_claim/claim.c.obj
                0x10000464                hw_claim_unlock
 .text.hw_claim_or_assert
                0x10000478       0x32 CMakeFiles/rp2040-freertos-project.dir/C_/Pico/pico-sdk/src/rp2_common/hardware_claim/claim.c.obj
                0x10000478                hw_claim_or_assert
 *fill*         0x100004aa        0x2 
 .text.spin_locks_reset
                0x100004ac       0x20 CMakeFiles/rp2040-freertos-project.dir/C_/Pico/pico-sdk/src/rp2_common/hardware_sync/sync.c.obj
                0x100004ac                spin_locks_reset
 .text.next_striped_spin_lock_num
                0x100004cc       0x1c CMakeFiles/rp2040-freertos-project.dir/C_/Pico/pico-sdk/src/rp2_common/hardware_sync/sync.c.obj
                0x100004cc                next_striped_spin_lock_num
 .text.set_raw_irq_handler_and_unlock
                0x100004e8       0x28 CMakeFiles/rp2040-freertos-project.dir/C_/Pico/pico-sdk/src/rp2_common/hardware_irq/irq.c.obj
 .text.make_branch
                0x10000510       0x48 CMakeFiles/rp2040-freertos-project.dir/C_/Pico/pico-sdk/src/rp2_common/hardware_irq/irq.c.obj
 .text.insert_branch_and_link
                0x10000558       0x40 CMakeFiles/rp2040-freertos-project.dir/C_/Pico/pico-sdk/src/rp2_common/hardware_irq/irq.c.obj
 .text.irq_is_enabled
                0x10000598       0x18 CMakeFiles/rp2040-freertos-project.dir/C_/Pico/pico-sdk/src/rp2_common/hardware_irq/irq.c.obj
                0x10000598                irq_is_enabled
 .text.irq_set_mask_enabled
                0x100005b0       0x20 CMakeFiles/rp2040-freertos-project.dir/C_/Pico/pico-sdk/src/rp2_common/hardware_irq/irq.c.obj
                0x100005b0                irq_set_mask_enabled
 .text.irq_set_enabled
                0x100005d0        0xe CMakeFiles/rp2040-freertos-project.dir/C_/Pico/pico-sdk/src/rp2_common/hardware_irq/irq.c.obj
                0x100005d0                irq_set_enabled
 *fill*         0x100005de        0x2 
 .text.irq_get_vtable_handler
                0x100005e0       0x10 CMakeFiles/rp2040-freertos-project.dir/C_/Pico/pico-sdk/src/rp2_common/hardware_irq/irq.c.obj
                0x100005e0                irq_get_vtable_handler
 .text.irq_set_exclusive_handler
                0x100005f0       0x54 CMakeFiles/rp2040-freertos-project.dir/C_/Pico/pico-sdk/src/rp2_common/hardware_irq/irq.c.obj
                0x100005f0                irq_set_exclusive_handler
 .text.irq_remove_handler
                0x10000644      0x1ac CMakeFiles/rp2040-freertos-project.dir/C_/Pico/pico-sdk/src/rp2_common/hardware_irq/irq.c.obj
                0x10000644                irq_remove_handler
 .text.irq_add_tail_to_free_list
                0x100007f0       0xf0 CMakeFiles/rp2040-freertos-project.dir/C_/Pico/pico-sdk/src/rp2_common/hardware_irq/irq.c.obj
                0x100007f0                irq_add_tail_to_free_list
 .text.irq_init_priorities
                0x100008e0       0x1c CMakeFiles/rp2040-freertos-project.dir/C_/Pico/pico-sdk/src/rp2_common/hardware_irq/irq.c.obj
                0x100008e0                irq_init_priorities
 .text.lock_init
                0x100008fc       0x10 CMakeFiles/rp2040-freertos-project.dir/C_/Pico/pico-sdk/src/common/pico_sync/lock_core.c.obj
                0x100008fc                lock_init
 .text.mutex_init
                0x1000090c       0x1a CMakeFiles/rp2040-freertos-project.dir/C_/Pico/pico-sdk/src/common/pico_sync/mutex.c.obj
                0x1000090c                mutex_init
 .text.recursive_mutex_init
                0x10000926       0x1e CMakeFiles/rp2040-freertos-project.dir/C_/Pico/pico-sdk/src/common/pico_sync/mutex.c.obj
                0x10000926                recursive_mutex_init
 .text.alarm_pool_post_alloc_init
                0x10000944       0x40 CMakeFiles/rp2040-freertos-project.dir/C_/Pico/pico-sdk/src/common/pico_time/time.c.obj
 .text.sleep_until_callback
                0x10000984       0x30 CMakeFiles/rp2040-freertos-project.dir/C_/Pico/pico-sdk/src/common/pico_time/time.c.obj
 .text.timer_pool_entry_comparator
                0x100009b4       0x7c CMakeFiles/rp2040-freertos-project.dir/C_/Pico/pico-sdk/src/common/pico_time/time.c.obj
                0x100009b4                timer_pool_entry_comparator
 .text.ph_add_child_node
                0x10000a30       0xa4 CMakeFiles/rp2040-freertos-project.dir/C_/Pico/pico-sdk/src/common/pico_time/time.c.obj
 .text.ph_merge_nodes
                0x10000ad4       0x3e CMakeFiles/rp2040-freertos-project.dir/C_/Pico/pico-sdk/src/common/pico_time/time.c.obj
 *fill*         0x10000b12        0x2 
 .text.add_alarm_under_lock
                0x10000b14      0x174 CMakeFiles/rp2040-freertos-project.dir/C_/Pico/pico-sdk/src/common/pico_time/time.c.obj
 .text.alarm_pool_alarm_callback
                0x10000c88      0x33c CMakeFiles/rp2040-freertos-project.dir/C_/Pico/pico-sdk/src/common/pico_time/time.c.obj
 .text.alarm_pool_init_default
                0x10000fc4       0x40 CMakeFiles/rp2040-freertos-project.dir/C_/Pico/pico-sdk/src/common/pico_time/time.c.obj
                0x10000fc4                alarm_pool_init_default
 .text.alarm_pool_get_default
                0x10001004       0x2c CMakeFiles/rp2040-freertos-project.dir/C_/Pico/pico-sdk/src/common/pico_time/time.c.obj
                0x10001004                alarm_pool_get_default
 .text.alarm_pool_add_alarm_at
                0x10001030      0x168 CMakeFiles/rp2040-freertos-project.dir/C_/Pico/pico-sdk/src/common/pico_time/time.c.obj
                0x10001030                alarm_pool_add_alarm_at
 .text.alarm_pool_cancel_alarm
                0x10001198       0xf0 CMakeFiles/rp2040-freertos-project.dir/C_/Pico/pico-sdk/src/common/pico_time/time.c.obj
                0x10001198                alarm_pool_cancel_alarm
 .text.best_effort_wfe_or_timeout
                0x10001288       0xac CMakeFiles/rp2040-freertos-project.dir/C_/Pico/pico-sdk/src/common/pico_time/time.c.obj
                0x10001288                best_effort_wfe_or_timeout
 .text.hardware_alarm_irq_handler
                0x10001334       0x90 CMakeFiles/rp2040-freertos-project.dir/C_/Pico/pico-sdk/src/rp2_common/hardware_timer/timer.c.obj
 .text.hardware_alarm_claim
                0x100013c4       0x18 CMakeFiles/rp2040-freertos-project.dir/C_/Pico/pico-sdk/src/rp2_common/hardware_timer/timer.c.obj
                0x100013c4                hardware_alarm_claim
 .text.time_us_64
                0x100013dc       0x18 CMakeFiles/rp2040-freertos-project.dir/C_/Pico/pico-sdk/src/rp2_common/hardware_timer/timer.c.obj
                0x100013dc                time_us_64
 .text.hardware_alarm_set_callback
                0x100013f4       0x90 CMakeFiles/rp2040-freertos-project.dir/C_/Pico/pico-sdk/src/rp2_common/hardware_timer/timer.c.obj
                0x100013f4                hardware_alarm_set_callback
 .text.hardware_alarm_set_target
                0x10001484       0xe8 CMakeFiles/rp2040-freertos-project.dir/C_/Pico/pico-sdk/src/rp2_common/hardware_timer/timer.c.obj
                0x10001484                hardware_alarm_set_target
 .text.hardware_alarm_cancel
                0x1000156c       0x40 CMakeFiles/rp2040-freertos-project.dir/C_/Pico/pico-sdk/src/rp2_common/hardware_timer/timer.c.obj
                0x1000156c                hardware_alarm_cancel
 .text.ph_add_child_node
                0x100015ac       0xa4 CMakeFiles/rp2040-freertos-project.dir/C_/Pico/pico-sdk/src/common/pico_util/pheap.c.obj
 .text.ph_merge_nodes
                0x10001650       0x3e CMakeFiles/rp2040-freertos-project.dir/C_/Pico/pico-sdk/src/common/pico_util/pheap.c.obj
 *fill*         0x1000168e        0x2 
 .text.ph_clear
                0x10001690       0x70 CMakeFiles/rp2040-freertos-project.dir/C_/Pico/pico-sdk/src/common/pico_util/pheap.c.obj
                0x10001690                ph_clear
 .text.ph_post_alloc_init
                0x10001700        0xe CMakeFiles/rp2040-freertos-project.dir/C_/Pico/pico-sdk/src/common/pico_util/pheap.c.obj
                0x10001700                ph_post_alloc_init
 *fill*         0x1000170e        0x2 
 .text.ph_merge_two_pass
                0x10001710       0xa8 CMakeFiles/rp2040-freertos-project.dir/C_/Pico/pico-sdk/src/common/pico_util/pheap.c.obj
                0x10001710                ph_merge_two_pass
 .text.ph_remove_any_head
                0x100017b8      0x128 CMakeFiles/rp2040-freertos-project.dir/C_/Pico/pico-sdk/src/common/pico_util/pheap.c.obj
 .text.ph_remove_head
                0x100018e0       0x14 CMakeFiles/rp2040-freertos-project.dir/C_/Pico/pico-sdk/src/common/pico_util/pheap.c.obj
                0x100018e0                ph_remove_head
 .text.ph_remove_and_free_node
                0x100018f4       0xf8 CMakeFiles/rp2040-freertos-project.dir/C_/Pico/pico-sdk/src/common/pico_util/pheap.c.obj
                0x100018f4                ph_remove_and_free_node
 .text.uart_set_baudrate
                0x100019ec       0x5c CMakeFiles/rp2040-freertos-project.dir/C_/Pico/pico-sdk/src/rp2_common/hardware_uart/uart.c.obj
                0x100019ec                uart_set_baudrate
 .text.uart_set_translate_crlf
                0x10001a48       0x28 CMakeFiles/rp2040-freertos-project.dir/C_/Pico/pico-sdk/src/rp2_common/hardware_uart/uart.c.obj
                0x10001a48                uart_set_translate_crlf
 .text.uart_init
                0x10001a70       0x80 CMakeFiles/rp2040-freertos-project.dir/C_/Pico/pico-sdk/src/rp2_common/hardware_uart/uart.c.obj
                0x10001a70                uart_init
 .text.clock_configure
                0x10001af0      0x104 CMakeFiles/rp2040-freertos-project.dir/C_/Pico/pico-sdk/src/rp2_common/hardware_clocks/clocks.c.obj
                0x10001af0                clock_configure
 .text.clocks_init
                0x10001bf4      0x100 CMakeFiles/rp2040-freertos-project.dir/C_/Pico/pico-sdk/src/rp2_common/hardware_clocks/clocks.c.obj
                0x10001bf4                clocks_init
 .text.clock_get_hz
                0x10001cf4        0xc CMakeFiles/rp2040-freertos-project.dir/C_/Pico/pico-sdk/src/rp2_common/hardware_clocks/clocks.c.obj
                0x10001cf4                clock_get_hz
 .text.pll_init
                0x10001d00      0x12c CMakeFiles/rp2040-freertos-project.dir/C_/Pico/pico-sdk/src/rp2_common/hardware_pll/pll.c.obj
                0x10001d00                pll_init
 .text.watchdog_start_tick
                0x10001e2c       0x10 CMakeFiles/rp2040-freertos-project.dir/C_/Pico/pico-sdk/src/rp2_common/hardware_watchdog/watchdog.c.obj
                0x10001e2c                watchdog_start_tick
 .text.xosc_init
                0x10001e3c       0x28 CMakeFiles/rp2040-freertos-project.dir/C_/Pico/pico-sdk/src/rp2_common/hardware_xosc/xosc.c.obj
                0x10001e3c                xosc_init
 .text._exit    0x10001e64        0x4 CMakeFiles/rp2040-freertos-project.dir/C_/Pico/pico-sdk/src/rp2_common/pico_runtime/runtime.c.obj
                0x10001e64                _exit
 .text._sbrk    0x10001e68       0x38 CMakeFiles/rp2040-freertos-project.dir/C_/Pico/pico-sdk/src/rp2_common/pico_runtime/runtime.c.obj
                0x10001e68                _sbrk
 .text.exit     0x10001ea0        0x6 CMakeFiles/rp2040-freertos-project.dir/C_/Pico/pico-sdk/src/rp2_common/pico_runtime/runtime.c.obj
                0x10001ea0                exit
 *fill*         0x10001ea6        0x2 
 .text.__assert_func
                0x10001ea8       0x3c CMakeFiles/rp2040-freertos-project.dir/C_/Pico/pico-sdk/src/rp2_common/pico_runtime/runtime.c.obj
                0x10001ea8                __assert_func
 .text.runtime_init
                0x10001ee4       0xf8 CMakeFiles/rp2040-freertos-project.dir/C_/Pico/pico-sdk/src/rp2_common/pico_runtime/runtime.c.obj
                0x10001ee4                runtime_init
 .text.panic    0x10001fdc       0x30 CMakeFiles/rp2040-freertos-project.dir/C_/Pico/pico-sdk/src/rp2_common/pico_runtime/runtime.c.obj
                0x10001fdc                panic
 .text._out_null
                0x1000200c        0x2 CMakeFiles/rp2040-freertos-project.dir/C_/Pico/pico-sdk/src/rp2_common/pico_printf/printf.c.obj
 .text._out_fct
                0x1000200e        0xe CMakeFiles/rp2040-freertos-project.dir/C_/Pico/pico-sdk/src/rp2_common/pico_printf/printf.c.obj
 .text._atoi    0x1000201c       0x24 CMakeFiles/rp2040-freertos-project.dir/C_/Pico/pico-sdk/src/rp2_common/pico_printf/printf.c.obj
 .text._out_rev
                0x10002040       0xae CMakeFiles/rp2040-freertos-project.dir/C_/Pico/pico-sdk/src/rp2_common/pico_printf/printf.c.obj
 .text._ntoa_format
                0x100020ee      0x112 CMakeFiles/rp2040-freertos-project.dir/C_/Pico/pico-sdk/src/rp2_common/pico_printf/printf.c.obj
 .text._ntoa_long
                0x10002200       0xbc CMakeFiles/rp2040-freertos-project.dir/C_/Pico/pico-sdk/src/rp2_common/pico_printf/printf.c.obj
 .text._ntoa_long_long
                0x100022bc       0xe2 CMakeFiles/rp2040-freertos-project.dir/C_/Pico/pico-sdk/src/rp2_common/pico_printf/printf.c.obj
 *fill*         0x1000239e        0x2 
 .text._etoa    0x100023a0      0x414 CMakeFiles/rp2040-freertos-project.dir/C_/Pico/pico-sdk/src/rp2_common/pico_printf/printf.c.obj
 .text._ftoa    0x100027b4      0x354 CMakeFiles/rp2040-freertos-project.dir/C_/Pico/pico-sdk/src/rp2_common/pico_printf/printf.c.obj
 .text._vsnprintf
                0x10002b08      0x624 CMakeFiles/rp2040-freertos-project.dir/C_/Pico/pico-sdk/src/rp2_common/pico_printf/printf.c.obj
 .text.vfctprintf
                0x1000312c       0x20 CMakeFiles/rp2040-freertos-project.dir/C_/Pico/pico-sdk/src/rp2_common/pico_printf/printf.c.obj
                0x1000312c                vfctprintf
 .text          0x1000314c       0x10 CMakeFiles/rp2040-freertos-project.dir/C_/Pico/pico-sdk/src/rp2_common/pico_bit_ops/bit_ops_aeabi.S.obj
 .text.rom_func_lookup
                0x1000315c       0x10 CMakeFiles/rp2040-freertos-project.dir/C_/Pico/pico-sdk/src/rp2_common/pico_bootrom/bootrom.c.obj
                0x1000315c                rom_func_lookup
 .text.rom_data_lookup
                0x1000316c       0x10 CMakeFiles/rp2040-freertos-project.dir/C_/Pico/pico-sdk/src/rp2_common/pico_bootrom/bootrom.c.obj
                0x1000316c                rom_data_lookup
 .text.rom_funcs_lookup
                0x1000317c       0x36 CMakeFiles/rp2040-freertos-project.dir/C_/Pico/pico-sdk/src/rp2_common/pico_bootrom/bootrom.c.obj
                0x1000317c                rom_funcs_lookup
 *fill*         0x100031b2        0x2 
 .text.__wrap___aeabi_idiv
                0x100031b4       0x50 CMakeFiles/rp2040-freertos-project.dir/C_/Pico/pico-sdk/src/rp2_common/pico_divider/divider.S.obj
                0x100031b4                __wrap___aeabi_idivmod
                0x100031b4                divmod_s32s32
                0x100031b4                div_s32s32
                0x100031b4                __wrap___aeabi_idiv
                0x100031bc                divmod_s32s32_unsafe
                0x100031e8                divmod_s32s32_savestate
 .text.__wrap___aeabi_uidiv
                0x10003204       0x4c CMakeFiles/rp2040-freertos-project.dir/C_/Pico/pico-sdk/src/rp2_common/pico_divider/divider.S.obj
                0x10003204                __wrap___aeabi_uidiv
                0x10003204                __wrap___aeabi_uidivmod
                0x10003204                div_u32u32
                0x10003204                divmod_u32u32
                0x1000320c                divmod_u32u32_unsafe
                0x10003234                divmod_u32u32_savestate
 .text.__wrap___aeabi_ldiv
                0x10003250      0x424 CMakeFiles/rp2040-freertos-project.dir/C_/Pico/pico-sdk/src/rp2_common/pico_divider/divider.S.obj
                0x10003250                div_s64s64
                0x10003250                divmod_s64s64
                0x10003250                __wrap___aeabi_ldivmod
                0x10003280                divmod_u64u64
                0x10003280                div_u64u64
                0x10003280                __wrap___aeabi_uldivmod
                0x10003290                divmod_u64u64_savestate
                0x100032b0                divmod_s64s64_unsafe
                0x10003338                divmod_u64u64_unsafe
 .text.__wrap___aeabi_darithmetic
                0x10003674       0x80 CMakeFiles/rp2040-freertos-project.dir/C_/Pico/pico-sdk/src/rp2_common/pico_double/double_aeabi.S.obj
                0x10003674                __wrap___aeabi_drsub
                0x1000367a                __wrap___aeabi_dsub
                0x1000368c                __wrap___aeabi_dadd
                0x1000369e                __wrap___aeabi_ddiv
                0x100036da                __wrap___aeabi_dmul
 .text.__wrap___aeabi_cdcmple
                0x100036f4       0x6c CMakeFiles/rp2040-freertos-project.dir/C_/Pico/pico-sdk/src/rp2_common/pico_double/double_aeabi.S.obj
                0x100036f4                __wrap___aeabi_cdrcmple
                0x10003704                __wrap___aeabi_cdcmpeq
                0x10003704                __wrap___aeabi_cdcmple
 .text.__wrap___aeabi_dcmplt
                0x10003760        0xc CMakeFiles/rp2040-freertos-project.dir/C_/Pico/pico-sdk/src/rp2_common/pico_double/double_aeabi.S.obj
                0x10003760                __wrap___aeabi_dcmplt
 .text.__wrap___aeabi_dcmple
                0x1000376c       0x10 CMakeFiles/rp2040-freertos-project.dir/C_/Pico/pico-sdk/src/rp2_common/pico_double/double_aeabi.S.obj
                0x1000376c                __wrap___aeabi_dcmple
 .text.__wrap___aeabi_dcmpge
                0x1000377c       0x10 CMakeFiles/rp2040-freertos-project.dir/C_/Pico/pico-sdk/src/rp2_common/pico_double/double_aeabi.S.obj
                0x1000377c                __wrap___aeabi_dcmpge
 .text.__wrap___aeabi_dcmpgt
                0x1000378c        0xa CMakeFiles/rp2040-freertos-project.dir/C_/Pico/pico-sdk/src/rp2_common/pico_double/double_aeabi.S.obj
                0x1000378c                __wrap___aeabi_dcmpgt
 .text.__wrap___aeabi_dcmpun
                0x10003796       0x1c CMakeFiles/rp2040-freertos-project.dir/C_/Pico/pico-sdk/src/rp2_common/pico_double/double_aeabi.S.obj
                0x10003796                __wrap___aeabi_dcmpun
 *fill*         0x100037b2        0x2 
 .text.__wrap___aeabi_i2d
                0x100037b4       0x38 CMakeFiles/rp2040-freertos-project.dir/C_/Pico/pico-sdk/src/rp2_common/pico_double/double_aeabi.S.obj
                0x100037b4                __wrap___aeabi_ui2d
                0x100037bc                __wrap___aeabi_i2d
 .text.__wrap___aeabi_d2iz
                0x100037ec       0x48 CMakeFiles/rp2040-freertos-project.dir/C_/Pico/pico-sdk/src/rp2_common/pico_double/double_aeabi.S.obj
                0x100037ec                double2int_z
                0x100037ec                __wrap___aeabi_d2iz
 .text.__wrap___aeabi_d2uiz
                0x10003834       0x18 CMakeFiles/rp2040-freertos-project.dir/C_/Pico/pico-sdk/src/rp2_common/pico_double/double_aeabi.S.obj
                0x10003834                __wrap___aeabi_d2uiz
                0x10003834                double2uint
 .text.__aeabi_double_init
                0x1000384c       0xc8 CMakeFiles/rp2040-freertos-project.dir/C_/Pico/pico-sdk/src/rp2_common/pico_double/double_init_rom.c.obj
                0x1000384c                __aeabi_double_init
 .text.double_table_shim_on_use_helper
                0x10003914       0x34 CMakeFiles/rp2040-freertos-project.dir/C_/Pico/pico-sdk/src/rp2_common/pico_double/double_v1_rom_shim.S.obj
                0x10003914                double_table_shim_on_use_helper
 .text.__wrap___aeabi_dsub
                0x10003948       0x10 CMakeFiles/rp2040-freertos-project.dir/C_/Pico/pico-sdk/src/rp2_common/pico_double/double_v1_rom_shim.S.obj
                0x10003948                drsub_shim
                0x1000394e                dsub_shim
 .text.dadd_shim
                0x10003958      0x15c CMakeFiles/rp2040-freertos-project.dir/C_/Pico/pico-sdk/src/rp2_common/pico_double/double_v1_rom_shim.S.obj
                0x10003958                dadd_shim
 .text.dmul_shim
                0x10003ab4      0x15c CMakeFiles/rp2040-freertos-project.dir/C_/Pico/pico-sdk/src/rp2_common/pico_double/double_v1_rom_shim.S.obj
                0x10003ab4                dmul_shim
 .text.ddiv_shim
                0x10003c10      0x1b0 CMakeFiles/rp2040-freertos-project.dir/C_/Pico/pico-sdk/src/rp2_common/pico_double/double_v1_rom_shim.S.obj
                0x10003c10                ddiv_shim
 .text.double2uint_shim
                0x10003dc0        0xe CMakeFiles/rp2040-freertos-project.dir/C_/Pico/pico-sdk/src/rp2_common/pico_double/double_v1_rom_shim.S.obj
                0x10003dc0                double2uint_shim
                0x10003dc2                double2ufix_shim
 *fill*         0x10003dce        0x2 
 .text.double2uint64_shim
                0x10003dd0       0x70 CMakeFiles/rp2040-freertos-project.dir/C_/Pico/pico-sdk/src/rp2_common/pico_double/double_v1_rom_shim.S.obj
                0x10003dd0                double2uint64_shim
                0x10003dd2                double2ufix64_shim
                0x10003df2                d2fix_a
 .text.dunpacks
                0x10003e40       0x3c CMakeFiles/rp2040-freertos-project.dir/C_/Pico/pico-sdk/src/rp2_common/pico_double/double_v1_rom_shim.S.obj
                0x10003e40                dunpacks
 .text.__aeabi_float_init
                0x10003e7c       0xfc CMakeFiles/rp2040-freertos-project.dir/C_/Pico/pico-sdk/src/rp2_common/pico_float/float_init_rom.c.obj
                0x10003e7c                __aeabi_float_init
 .text.float_table_shim_on_use_helper
                0x10003f78       0x34 CMakeFiles/rp2040-freertos-project.dir/C_/Pico/pico-sdk/src/rp2_common/pico_float/float_v1_rom_shim.S.obj
                0x10003f78                float_table_shim_on_use_helper
 .text.__wrap_malloc
                0x10003fac       0x24 CMakeFiles/rp2040-freertos-project.dir/C_/Pico/pico-sdk/src/rp2_common/pico_malloc/pico_malloc.c.obj
                0x10003fac                __wrap_malloc
 .text.__wrap_free
                0x10003fd0        0x8 CMakeFiles/rp2040-freertos-project.dir/C_/Pico/pico-sdk/src/rp2_common/pico_malloc/pico_malloc.c.obj
                0x10003fd0                __wrap_free
 .text          0x10003fd8       0x10 CMakeFiles/rp2040-freertos-project.dir/C_/Pico/pico-sdk/src/rp2_common/pico_mem_ops/mem_ops_aeabi.S.obj
                0x10003fd8                __aeabi_mem_init
 .text.memset   0x10003fe8        0xc CMakeFiles/rp2040-freertos-project.dir/C_/Pico/pico-sdk/src/rp2_common/pico_mem_ops/mem_ops_aeabi.S.obj
                0x10003fe8                __wrap_memset
 .text.memcpy   0x10003ff4        0xc CMakeFiles/rp2040-freertos-project.dir/C_/Pico/pico-sdk/src/rp2_common/pico_mem_ops/mem_ops_aeabi.S.obj
                0x10003ff4                __wrap_memcpy
                0x10003ff4                __wrap___aeabi_memcpy
 .text.stdio_out_chars_no_crlf
                0x10004000        0xe CMakeFiles/rp2040-freertos-project.dir/C_/Pico/pico-sdk/src/rp2_common/pico_stdio/stdio.c.obj
 *fill*         0x1000400e        0x2 
 .text.stdio_out_chars_crlf
                0x10004010       0x80 CMakeFiles/rp2040-freertos-project.dir/C_/Pico/pico-sdk/src/rp2_common/pico_stdio/stdio.c.obj
 .text.stdio_stack_buffer_flush
                0x10004090       0x44 CMakeFiles/rp2040-freertos-project.dir/C_/Pico/pico-sdk/src/rp2_common/pico_stdio/stdio.c.obj
 .text.stdio_buffered_printer
                0x100040d4       0x20 CMakeFiles/rp2040-freertos-project.dir/C_/Pico/pico-sdk/src/rp2_common/pico_stdio/stdio.c.obj
 .text.stdout_serialize_begin
                0x100040f4       0x5c CMakeFiles/rp2040-freertos-project.dir/C_/Pico/pico-sdk/src/rp2_common/pico_stdio/stdio.c.obj
                0x100040f4                stdout_serialize_begin
 .text.stdout_serialize_end
                0x10004150       0x10 CMakeFiles/rp2040-freertos-project.dir/C_/Pico/pico-sdk/src/rp2_common/pico_stdio/stdio.c.obj
                0x10004150                stdout_serialize_end
 .text.stdio_put_string
                0x10004160       0x98 CMakeFiles/rp2040-freertos-project.dir/C_/Pico/pico-sdk/src/rp2_common/pico_stdio/stdio.c.obj
 .text.stdio_set_driver_enabled
                0x100041f8       0x2c CMakeFiles/rp2040-freertos-project.dir/C_/Pico/pico-sdk/src/rp2_common/pico_stdio/stdio.c.obj
                0x100041f8                stdio_set_driver_enabled
 .text.stdio_flush
                0x10004224       0x20 CMakeFiles/rp2040-freertos-project.dir/C_/Pico/pico-sdk/src/rp2_common/pico_stdio/stdio.c.obj
                0x10004224                stdio_flush
 .text.__wrap_puts
                0x10004244       0x1e CMakeFiles/rp2040-freertos-project.dir/C_/Pico/pico-sdk/src/rp2_common/pico_stdio/stdio.c.obj
                0x10004244                __wrap_puts
 *fill*         0x10004262        0x2 
 .text.__wrap_vprintf
                0x10004264       0x40 CMakeFiles/rp2040-freertos-project.dir/C_/Pico/pico-sdk/src/rp2_common/pico_stdio/stdio.c.obj
                0x10004264                __wrap_vprintf
 .text.__wrap_printf
                0x100042a4       0x18 CMakeFiles/rp2040-freertos-project.dir/C_/Pico/pico-sdk/src/rp2_common/pico_stdio/stdio.c.obj
                0x100042a4                __wrap_printf
 .text.stdio_init_all
                0x100042bc        0xa CMakeFiles/rp2040-freertos-project.dir/C_/Pico/pico-sdk/src/rp2_common/pico_stdio/stdio.c.obj
                0x100042bc                stdio_init_all
 *fill*         0x100042c6        0x2 
 .text.stdio_uart_out_chars
                0x100042c8       0x74 CMakeFiles/rp2040-freertos-project.dir/C_/Pico/pico-sdk/src/rp2_common/pico_stdio_uart/stdio_uart.c.obj
 .text.stdio_uart_in_chars
                0x1000433c       0x80 CMakeFiles/rp2040-freertos-project.dir/C_/Pico/pico-sdk/src/rp2_common/pico_stdio_uart/stdio_uart.c.obj
                0x1000433c                stdio_uart_in_chars
 .text.on_uart_rx
                0x100043bc       0x28 CMakeFiles/rp2040-freertos-project.dir/C_/Pico/pico-sdk/src/rp2_common/pico_stdio_uart/stdio_uart.c.obj
 .text.stdio_uart_set_chars_available_callback
                0x100043e4       0x8c CMakeFiles/rp2040-freertos-project.dir/C_/Pico/pico-sdk/src/rp2_common/pico_stdio_uart/stdio_uart.c.obj
 .text.stdio_uart_init_full
                0x10004470       0x44 CMakeFiles/rp2040-freertos-project.dir/C_/Pico/pico-sdk/src/rp2_common/pico_stdio_uart/stdio_uart.c.obj
                0x10004470                stdio_uart_init_full
 .text.stdio_uart_init
                0x100044b4       0x28 CMakeFiles/rp2040-freertos-project.dir/C_/Pico/pico-sdk/src/rp2_common/pico_stdio_uart/stdio_uart.c.obj
                0x100044b4                stdio_uart_init
 .text          0x100044dc      0x910 ..\freertos\libfreertos.a(queue.c.obj)
                0x1000460c                xQueueGenericReset
                0x100046e0                xQueueGenericCreate
                0x1000475e                xQueueGenericSend
                0x10004850                xQueueGenericSendFromISR
                0x100048d6                xQueueGiveFromISR
                0x10004946                xQueueReceive
                0x10004a34                xQueueSemaphoreTake
                0x10004b18                xQueuePeek
                0x10004c06                xQueueReceiveFromISR
                0x10004c84                xQueuePeekFromISR
                0x10004cb2                uxQueueMessagesWaiting
                0x10004cc4                uxQueueSpacesAvailable
                0x10004cda                uxQueueMessagesWaitingFromISR
                0x10004cde                xQueueIsQueueEmptyFromISR
                0x10004cec                xQueueIsQueueFullFromISR
                0x10004cfc                vQueueAddToRegistry
                0x10004d40                pcQueueGetName
                0x10004d64                vQueueUnregisterQueue
                0x10004d8c                vQueueDelete
                0x10004d9c                vQueueWaitForMessageRestricted
 .text          0x10004dec     0x128c ..\freertos\libfreertos.a(tasks.c.obj)
                0x100050ac                xTaskCreate
                0x10005114                vTaskDelete
                0x10005198                uxTaskPriorityGet
                0x100051b8                uxTaskPriorityGetFromISR
                0x100051d8                vTaskPrioritySet
                0x100052a8                vTaskResume
                0x1000532c                xTaskResumeFromISR
                0x100053c8                vTaskStartScheduler
                0x10005424                vTaskEndScheduler
                0x10005438                vTaskSuspendAll
                0x10005448                xTaskGetTickCount
                0x10005454                xTaskGetTickCountFromISR
                0x10005460                uxTaskGetNumberOfTasks
                0x1000546c                pcTaskGetName
                0x10005480                xTaskIncrementTick
                0x100055ac                xTaskResumeAll
                0x100056cc                xTaskDelayUntil
                0x1000572c                vTaskDelay
                0x1000574c                xTaskCatchUpTicks
                0x10005770                vTaskSwitchContext
                0x100057e8                vTaskSuspend
                0x1000588c                vTaskPlaceOnEventList
                0x100058a8                vTaskPlaceOnUnorderedEventList
                0x100058e8                vTaskPlaceOnEventListRestricted
                0x10005928                xTaskRemoveFromEventList
                0x100059fc                vTaskRemoveFromUnorderedEventList
                0x10005aac                vTaskSetTimeOutState
                0x10005ac8                vTaskInternalSetTimeOutState
                0x10005ad8                xTaskCheckForTimeOut
                0x10005b30                vTaskMissedYield
                0x10005b3c                vTaskSetThreadLocalStoragePointer
                0x10005b58                pvTaskGetThreadLocalStoragePointer
                0x10005b78                xTaskGetCurrentTaskHandle
                0x10005b84                xTaskGetSchedulerState
                0x10005ba4                uxTaskResetEventItemValue
                0x10005bbc                ulTaskGenericNotifyTake
                0x10005c48                xTaskGenericNotifyWait
                0x10005ce8                xTaskGenericNotify
                0x10005df0                xTaskGenericNotifyFromISR
                0x10005f34                vTaskGenericNotifyGiveFromISR
                0x10006010                xTaskGenericNotifyStateClear
                0x10006048                ulTaskGenericNotifyValueClear
 .text          0x10006078      0x478 ..\freertos\libfreertos.a(timers.c.obj)
                0x1000637e                xTimerCreateTimerTask
                0x100063b8                xTimerCreate
                0x100063ec                xTimerGenericCommand
                0x10006444                xTimerGetTimerDaemonTaskHandle
                0x10006450                xTimerGetPeriod
                0x10006454                vTimerSetReloadMode
                0x1000647e                xTimerGetReloadMode
                0x1000649c                uxTimerGetReloadMode
                0x100064a4                xTimerGetExpiryTime
                0x100064a8                pcTimerGetName
                0x100064ac                xTimerIsTimerActive
                0x100064ca                pvTimerGetTimerID
                0x100064dc                vTimerSetTimerID
 .text          0x100064f0       0x2e ..\freertos\libfreertos.a(heap_3.c.obj)
                0x100064f0                pvPortMalloc
                0x10006508                vPortFree
 *fill*         0x1000651e        0x2 
 .text          0x10006520      0x18c ..\freertos\libfreertos.a(port.c.obj)
                0x10006564                pxPortInitialiseStack
                0x10006584                isr_svcall
                0x10006586                vPortEndScheduler
                0x10006588                vPortYield
                0x100065a0                vPortEnterCritical
                0x100065b8                vPortExitCritical
                0x100065cc                ulSetInterruptMaskFromISR
                0x100065d4                vClearInterruptMaskFromISR
                0x100065da                isr_pendsv
                0x10006624                isr_systick
                0x10006648                vPortSetupTimerInterrupt
                0x10006670                xPortStartScheduler
 .text          0x100066ac       0x86 ..\freertos\libfreertos.a(list.c.obj)
                0x100066ac                vListInitialise
                0x100066c2                vListInitialiseItem
                0x100066c8                vListInsertEnd
                0x100066de                vListInsert
                0x1000670c                uxListRemove
 *fill*         0x10006732        0x2 
 .text.malloc   0x10006734       0x14 c:/progra~2/gnuarm~1/102021~1.10/bin/../lib/gcc/arm-none-eabi/10.3.1/../../../../arm-none-eabi/lib/thumb/v6-m/nofp\libg.a(lib_a-malloc.o)
                0x10006734                malloc
 .text.free     0x10006748       0x14 c:/progra~2/gnuarm~1/102021~1.10/bin/../lib/gcc/arm-none-eabi/10.3.1/../../../../arm-none-eabi/lib/thumb/v6-m/nofp\libg.a(lib_a-malloc.o)
                0x10006748                free
 .text._malloc_r
                0x1000675c      0x584 c:/progra~2/gnuarm~1/102021~1.10/bin/../lib/gcc/arm-none-eabi/10.3.1/../../../../arm-none-eabi/lib/thumb/v6-m/nofp\libg.a(lib_a-mallocr.o)
                0x1000675c                _malloc_r
 .text.__malloc_lock
                0x10006ce0       0x10 c:/progra~2/gnuarm~1/102021~1.10/bin/../lib/gcc/arm-none-eabi/10.3.1/../../../../arm-none-eabi/lib/thumb/v6-m/nofp\libg.a(lib_a-mlock.o)
                0x10006ce0                __malloc_lock
 .text.__malloc_unlock
                0x10006cf0       0x10 c:/progra~2/gnuarm~1/102021~1.10/bin/../lib/gcc/arm-none-eabi/10.3.1/../../../../arm-none-eabi/lib/thumb/v6-m/nofp\libg.a(lib_a-mlock.o)
                0x10006cf0                __malloc_unlock
 .text._sbrk_r  0x10006d00       0x24 c:/progra~2/gnuarm~1/102021~1.10/bin/../lib/gcc/arm-none-eabi/10.3.1/../../../../arm-none-eabi/lib/thumb/v6-m/nofp\libg.a(lib_a-sbrkr.o)
                0x10006d00                _sbrk_r
 .text.strlen   0x10006d24       0x5c c:/progra~2/gnuarm~1/102021~1.10/bin/../lib/gcc/arm-none-eabi/10.3.1/../../../../arm-none-eabi/lib/thumb/v6-m/nofp\libg.a(lib_a-strlen-stub.o)
                0x10006d24                strlen
 .text._malloc_trim_r
                0x10006d80       0x9c c:/progra~2/gnuarm~1/102021~1.10/bin/../lib/gcc/arm-none-eabi/10.3.1/../../../../arm-none-eabi/lib/thumb/v6-m/nofp\libg.a(lib_a-freer.o)
                0x10006d80                _malloc_trim_r
 .text._free_r  0x10006e1c      0x1c4 c:/progra~2/gnuarm~1/102021~1.10/bin/../lib/gcc/arm-none-eabi/10.3.1/../../../../arm-none-eabi/lib/thumb/v6-m/nofp\libg.a(lib_a-freer.o)
                0x10006e1c                _free_r
 .text.__retarget_lock_acquire_recursive
                0x10006fe0        0x4 c:/progra~2/gnuarm~1/102021~1.10/bin/../lib/gcc/arm-none-eabi/10.3.1/../../../../arm-none-eabi/lib/thumb/v6-m/nofp\libg.a(lib_a-lock.o)
                0x10006fe0                __retarget_lock_acquire_recursive
 .text.__retarget_lock_release_recursive
                0x10006fe4        0x4 c:/progra~2/gnuarm~1/102021~1.10/bin/../lib/gcc/arm-none-eabi/10.3.1/../../../../arm-none-eabi/lib/thumb/v6-m/nofp\libg.a(lib_a-lock.o)
                0x10006fe4                __retarget_lock_release_recursive
 *(.fini)
 .fini          0x10006fe8        0x4 c:/progra~2/gnuarm~1/102021~1.10/bin/../lib/gcc/arm-none-eabi/10.3.1/thumb/v6-m/nofp/crti.o
                0x10006fe8                _fini
 *fill*         0x10006fec        0x4 
 .fini.__stub   0x10006ff0       0x40 linker stubs
 *crtbegin.o(.ctors)
 *crtbegin?.o(.ctors)
 *(EXCLUDE_FILE(*crtend.o *crtend?.o) .ctors)
 *(SORT_BY_NAME(.ctors.*))
 *(.ctors)
 *crtbegin.o(.dtors)
 *crtbegin?.o(.dtors)
 *(EXCLUDE_FILE(*crtend.o *crtend?.o) .dtors)
 *(SORT_BY_NAME(.dtors.*))
 *(.dtors)
 *(.eh_frame*)
 .eh_frame      0x10007030        0x0 c:/progra~2/gnuarm~1/102021~1.10/bin/../lib/gcc/arm-none-eabi/10.3.1/thumb/v6-m/nofp/crtbegin.o
                0x10007030                . = ALIGN (0x4)

.glue_7         0x10007030        0x0
 .glue_7        0x10007030        0x0 linker stubs

.glue_7t        0x10007030        0x0
 .glue_7t       0x10007030        0x0 linker stubs

.vfp11_veneer   0x10007030        0x0
 .vfp11_veneer  0x10007030        0x0 linker stubs

.v4_bx          0x10007030        0x0
 .v4_bx         0x10007030        0x0 linker stubs

.iplt           0x10007030        0x0
 .iplt          0x10007030        0x0 c:/progra~2/gnuarm~1/102021~1.10/bin/../lib/gcc/arm-none-eabi/10.3.1/thumb/v6-m/nofp/crtbegin.o

.rodata         0x10007030      0xefc
 *(EXCLUDE_FILE(*libm.a: *libc.a:*lib_a-mem*.o *libgcc.a:) .rodata*)
 .rodata.usb_task.str1.4
                0x10007030       0x19 CMakeFiles/rp2040-freertos-project.dir/main.c.obj
 *fill*         0x10007049        0x3 
 .rodata.main.str1.4
                0x1000704c       0x15 CMakeFiles/rp2040-freertos-project.dir/main.c.obj
 *fill*         0x10007061        0x3 
 .rodata.make_branch.str1.4
                0x10007064       0x63 CMakeFiles/rp2040-freertos-project.dir/C_/Pico/pico-sdk/src/rp2_common/hardware_irq/irq.c.obj
 *fill*         0x100070c7        0x1 
 .rodata.insert_branch_and_link.str1.4
                0x100070c8       0x10 CMakeFiles/rp2040-freertos-project.dir/C_/Pico/pico-sdk/src/rp2_common/hardware_irq/irq.c.obj
 .rodata.irq_set_exclusive_handler.str1.4
                0x100070d8       0x36 CMakeFiles/rp2040-freertos-project.dir/C_/Pico/pico-sdk/src/rp2_common/hardware_irq/irq.c.obj
 *fill*         0x1000710e        0x2 
 .rodata.irq_add_shared_handler.str1.4
                0x10007110       0xd9 CMakeFiles/rp2040-freertos-project.dir/C_/Pico/pico-sdk/src/rp2_common/hardware_irq/irq.c.obj
 *fill*         0x100071e9        0x3 
 .rodata.irq_remove_handler.str1.4
                0x100071ec       0x3a CMakeFiles/rp2040-freertos-project.dir/C_/Pico/pico-sdk/src/rp2_common/hardware_irq/irq.c.obj
 *fill*         0x10007226        0x2 
 .rodata.irq_add_tail_to_free_list.str1.4
                0x10007228       0x3a CMakeFiles/rp2040-freertos-project.dir/C_/Pico/pico-sdk/src/rp2_common/hardware_irq/irq.c.obj
 *fill*         0x10007262        0x2 
 .rodata.__func__.0
                0x10007264       0x1a CMakeFiles/rp2040-freertos-project.dir/C_/Pico/pico-sdk/src/rp2_common/hardware_irq/irq.c.obj
 *fill*         0x1000727e        0x2 
 .rodata.__func__.1
                0x10007280       0x17 CMakeFiles/rp2040-freertos-project.dir/C_/Pico/pico-sdk/src/rp2_common/hardware_irq/irq.c.obj
 *fill*         0x10007297        0x1 
 .rodata.__func__.2
                0x10007298       0x13 CMakeFiles/rp2040-freertos-project.dir/C_/Pico/pico-sdk/src/rp2_common/hardware_irq/irq.c.obj
 *fill*         0x100072ab        0x1 
 .rodata.__func__.3
                0x100072ac        0xc CMakeFiles/rp2040-freertos-project.dir/C_/Pico/pico-sdk/src/rp2_common/hardware_irq/irq.c.obj
 .rodata.__func__.4
                0x100072b8        0xf CMakeFiles/rp2040-freertos-project.dir/C_/Pico/pico-sdk/src/rp2_common/hardware_irq/irq.c.obj
 *fill*         0x100072c7        0x1 
 .rodata.__func__.6
                0x100072c8       0x1a CMakeFiles/rp2040-freertos-project.dir/C_/Pico/pico-sdk/src/rp2_common/hardware_irq/irq.c.obj
 *fill*         0x100072e2        0x2 
 .rodata.str1.4
                0x100072e4       0xd9 CMakeFiles/rp2040-freertos-project.dir/C_/Pico/pico-sdk/src/common/pico_sync/mutex.c.obj
 *fill*         0x100073bd        0x3 
 .rodata.__func__.1
                0x100073c0        0xb CMakeFiles/rp2040-freertos-project.dir/C_/Pico/pico-sdk/src/common/pico_sync/mutex.c.obj
 *fill*         0x100073cb        0x1 
 .rodata.__func__.3
                0x100073cc       0x18 CMakeFiles/rp2040-freertos-project.dir/C_/Pico/pico-sdk/src/common/pico_sync/mutex.c.obj
 .rodata.repeating_timer_callback.str1.4
                0x100073e4       0x41 CMakeFiles/rp2040-freertos-project.dir/C_/Pico/pico-sdk/src/common/pico_time/time.c.obj
 *fill*         0x10007425        0x3 
 .rodata.timer_pool_entry_comparator.str1.4
                0x10007428       0x22 CMakeFiles/rp2040-freertos-project.dir/C_/Pico/pico-sdk/src/common/pico_time/time.c.obj
 *fill*         0x1000744a        0x2 
 .rodata.ph_add_child_node.str1.4
                0x1000744c       0x8a CMakeFiles/rp2040-freertos-project.dir/C_/Pico/pico-sdk/src/common/pico_time/time.c.obj
 *fill*         0x100074d6        0x2 
 .rodata.add_alarm_under_lock.str1.4
                0x100074d8       0x28 CMakeFiles/rp2040-freertos-project.dir/C_/Pico/pico-sdk/src/common/pico_time/time.c.obj
                                 0x2b (size before relaxing)
 .rodata.alarm_pool_alarm_callback.str1.4
                0x10007500       0x98 CMakeFiles/rp2040-freertos-project.dir/C_/Pico/pico-sdk/src/common/pico_time/time.c.obj
                                 0xf0 (size before relaxing)
 .rodata.alarm_pool_get_default.str1.4
                0x10007598       0x21 CMakeFiles/rp2040-freertos-project.dir/C_/Pico/pico-sdk/src/common/pico_time/time.c.obj
 *fill*         0x100075b9        0x3 
 .rodata.alarm_pool_cancel_alarm.str1.4
                0x100075bc       0x27 CMakeFiles/rp2040-freertos-project.dir/C_/Pico/pico-sdk/src/common/pico_time/time.c.obj
 *fill*         0x100075e3        0x1 
 .rodata.__func__.1
                0x100075e4       0x18 CMakeFiles/rp2040-freertos-project.dir/C_/Pico/pico-sdk/src/common/pico_time/time.c.obj
 .rodata.__func__.10
                0x100075fc       0x15 CMakeFiles/rp2040-freertos-project.dir/C_/Pico/pico-sdk/src/common/pico_time/time.c.obj
 *fill*         0x10007611        0x3 
 .rodata.__func__.11
                0x10007614       0x1a CMakeFiles/rp2040-freertos-project.dir/C_/Pico/pico-sdk/src/common/pico_time/time.c.obj
 *fill*         0x1000762e        0x2 
 .rodata.__func__.12
                0x10007630        0xa CMakeFiles/rp2040-freertos-project.dir/C_/Pico/pico-sdk/src/common/pico_time/time.c.obj
 *fill*         0x1000763a        0x2 
 .rodata.__func__.3
                0x1000763c       0x17 CMakeFiles/rp2040-freertos-project.dir/C_/Pico/pico-sdk/src/common/pico_time/time.c.obj
 *fill*         0x10007653        0x1 
 .rodata.__func__.4
                0x10007654       0x12 CMakeFiles/rp2040-freertos-project.dir/C_/Pico/pico-sdk/src/common/pico_time/time.c.obj
 *fill*         0x10007666        0x2 
 .rodata.__func__.5
                0x10007668        0xd CMakeFiles/rp2040-freertos-project.dir/C_/Pico/pico-sdk/src/common/pico_time/time.c.obj
 *fill*         0x10007675        0x3 
 .rodata.__func__.6
                0x10007678       0x12 CMakeFiles/rp2040-freertos-project.dir/C_/Pico/pico-sdk/src/common/pico_time/time.c.obj
 *fill*         0x1000768a        0x2 
 .rodata.__func__.7
                0x1000768c        0xf CMakeFiles/rp2040-freertos-project.dir/C_/Pico/pico-sdk/src/common/pico_time/time.c.obj
 *fill*         0x1000769b        0x1 
 .rodata.__func__.8
                0x1000769c        0xc CMakeFiles/rp2040-freertos-project.dir/C_/Pico/pico-sdk/src/common/pico_time/time.c.obj
 .rodata.__func__.9
                0x100076a8       0x15 CMakeFiles/rp2040-freertos-project.dir/C_/Pico/pico-sdk/src/common/pico_time/time.c.obj
 *fill*         0x100076bd        0x3 
 .rodata.hardware_alarm_claim.str1.4
                0x100076c0       0x22 CMakeFiles/rp2040-freertos-project.dir/C_/Pico/pico-sdk/src/rp2_common/hardware_timer/timer.c.obj
 *fill*         0x100076e2        0x2 
 .rodata.hardware_alarm_set_target.str1.4
                0x100076e4       0x5b CMakeFiles/rp2040-freertos-project.dir/C_/Pico/pico-sdk/src/rp2_common/hardware_timer/timer.c.obj
 *fill*         0x1000773f        0x1 
 .rodata.__func__.0
                0x10007740       0x1a CMakeFiles/rp2040-freertos-project.dir/C_/Pico/pico-sdk/src/rp2_common/hardware_timer/timer.c.obj
 .rodata.ph_add_child_node.str1.4
                0x1000775a       0x8a CMakeFiles/rp2040-freertos-project.dir/C_/Pico/pico-sdk/src/common/pico_util/pheap.c.obj
 *fill*         0x1000775a        0x2 
 .rodata.ph_remove_any_head.str1.4
                0x1000775c       0x84 CMakeFiles/rp2040-freertos-project.dir/C_/Pico/pico-sdk/src/common/pico_util/pheap.c.obj
                                 0x98 (size before relaxing)
 .rodata.ph_remove_and_free_node.str1.4
                0x100077e0       0x1e CMakeFiles/rp2040-freertos-project.dir/C_/Pico/pico-sdk/src/common/pico_util/pheap.c.obj
                                 0x26 (size before relaxing)
 *fill*         0x100077fe        0x2 
 .rodata.__func__.0
                0x10007800       0x18 CMakeFiles/rp2040-freertos-project.dir/C_/Pico/pico-sdk/src/common/pico_util/pheap.c.obj
 .rodata.__func__.1
                0x10007818       0x13 CMakeFiles/rp2040-freertos-project.dir/C_/Pico/pico-sdk/src/common/pico_util/pheap.c.obj
 *fill*         0x1000782b        0x1 
 .rodata.__func__.2
                0x1000782c       0x12 CMakeFiles/rp2040-freertos-project.dir/C_/Pico/pico-sdk/src/common/pico_util/pheap.c.obj
 *fill*         0x1000783e        0x2 
 .rodata.__func__.3
                0x10007840        0xc CMakeFiles/rp2040-freertos-project.dir/C_/Pico/pico-sdk/src/common/pico_util/pheap.c.obj
 .rodata.clock_configure.str1.4
                0x1000784c       0x4d CMakeFiles/rp2040-freertos-project.dir/C_/Pico/pico-sdk/src/rp2_common/hardware_clocks/clocks.c.obj
 *fill*         0x10007899        0x3 
 .rodata.__func__.1
                0x1000789c       0x10 CMakeFiles/rp2040-freertos-project.dir/C_/Pico/pico-sdk/src/rp2_common/hardware_clocks/clocks.c.obj
 .rodata.pll_init.str1.4
                0x100078ac      0x117 CMakeFiles/rp2040-freertos-project.dir/C_/Pico/pico-sdk/src/rp2_common/hardware_pll/pll.c.obj
 *fill*         0x100079c3        0x1 
 .rodata.__func__.0
                0x100079c4        0x9 CMakeFiles/rp2040-freertos-project.dir/C_/Pico/pico-sdk/src/rp2_common/hardware_pll/pll.c.obj
 *fill*         0x100079cd        0x3 
 .rodata.__assert_func.str1.4
                0x100079d0       0x3f CMakeFiles/rp2040-freertos-project.dir/C_/Pico/pico-sdk/src/rp2_common/pico_runtime/runtime.c.obj
                                 0x43 (size before relaxing)
 *fill*         0x10007a0f        0x1 
 .rodata.runtime_init.str1.4
                0x10007a10       0x57 CMakeFiles/rp2040-freertos-project.dir/C_/Pico/pico-sdk/src/rp2_common/pico_runtime/runtime.c.obj
 *fill*         0x10007a67        0x1 
 .rodata.panic.str1.4
                0x10007a68       0x12 CMakeFiles/rp2040-freertos-project.dir/C_/Pico/pico-sdk/src/rp2_common/pico_runtime/runtime.c.obj
 *fill*         0x10007a7a        0x2 
 .rodata.__func__.2
                0x10007a7c        0xd CMakeFiles/rp2040-freertos-project.dir/C_/Pico/pico-sdk/src/rp2_common/pico_runtime/runtime.c.obj
 *fill*         0x10007a89        0x3 
 .rodata._ftoa.str1.4
                0x10007a8c       0x15 CMakeFiles/rp2040-freertos-project.dir/C_/Pico/pico-sdk/src/rp2_common/pico_printf/printf.c.obj
 *fill*         0x10007aa1        0x3 
 .rodata._vsnprintf
                0x10007aa4      0x1e0 CMakeFiles/rp2040-freertos-project.dir/C_/Pico/pico-sdk/src/rp2_common/pico_printf/printf.c.obj
 *fill*         0x10007c84        0x4 
 .rodata.pow10.0
                0x10007c88       0x50 CMakeFiles/rp2040-freertos-project.dir/C_/Pico/pico-sdk/src/rp2_common/pico_printf/printf.c.obj
 .rodata.__aeabi_double_init.str1.4
                0x10007cd8       0x9e CMakeFiles/rp2040-freertos-project.dir/C_/Pico/pico-sdk/src/rp2_common/pico_double/double_init_rom.c.obj
 *fill*         0x10007d76        0x2 
 .rodata.__func__.0
                0x10007d78       0x14 CMakeFiles/rp2040-freertos-project.dir/C_/Pico/pico-sdk/src/rp2_common/pico_double/double_init_rom.c.obj
 .rodata.__aeabi_float_init.str1.4
                0x10007d8c       0x70 CMakeFiles/rp2040-freertos-project.dir/C_/Pico/pico-sdk/src/rp2_common/pico_float/float_init_rom.c.obj
                                 0x74 (size before relaxing)
 .rodata.__func__.0
                0x10007dfc       0x13 CMakeFiles/rp2040-freertos-project.dir/C_/Pico/pico-sdk/src/rp2_common/pico_float/float_init_rom.c.obj
 *fill*         0x10007e0f        0x1 
 .rodata.__wrap_malloc.str1.4
                0x10007e10        0xe CMakeFiles/rp2040-freertos-project.dir/C_/Pico/pico-sdk/src/rp2_common/pico_malloc/pico_malloc.c.obj
 *fill*         0x10007e1e        0x2 
 .rodata.str1.4
                0x10007e20       0x4c CMakeFiles/rp2040-freertos-project.dir/C_/Pico/pico-sdk/src/rp2_common/pico_standard_link/binary_info.c.obj
 .rodata.__bi_44
                0x10007e6c        0xc CMakeFiles/rp2040-freertos-project.dir/C_/Pico/pico-sdk/src/rp2_common/pico_standard_link/binary_info.c.obj
 .rodata.__bi_75
                0x10007e78        0xc CMakeFiles/rp2040-freertos-project.dir/C_/Pico/pico-sdk/src/rp2_common/pico_standard_link/binary_info.c.obj
 .rodata.__bi_81
                0x10007e84        0xc CMakeFiles/rp2040-freertos-project.dir/C_/Pico/pico-sdk/src/rp2_common/pico_standard_link/binary_info.c.obj
 .rodata.stdout_serialize_begin.str1.4
                0x10007e90       0x57 CMakeFiles/rp2040-freertos-project.dir/C_/Pico/pico-sdk/src/rp2_common/pico_stdio/stdio.c.obj
 .rodata.__func__.3
                0x10007e90       0x15 CMakeFiles/rp2040-freertos-project.dir/C_/Pico/pico-sdk/src/rp2_common/pico_stdio/stdio.c.obj
 *fill*         0x10007ea5        0x3 
 .rodata.crlf_str.2
                0x10007ea8        0x2 CMakeFiles/rp2040-freertos-project.dir/C_/Pico/pico-sdk/src/rp2_common/pico_stdio/stdio.c.obj
 *fill*         0x10007eaa        0x2 
 .rodata.str1.4
                0x10007eac       0x2c CMakeFiles/rp2040-freertos-project.dir/C_/Pico/pico-sdk/src/rp2_common/pico_stdio_uart/stdio_uart.c.obj
 .rodata.__bi_33.4
                0x10007ed8        0xc CMakeFiles/rp2040-freertos-project.dir/C_/Pico/pico-sdk/src/rp2_common/pico_stdio_uart/stdio_uart.c.obj
 .rodata.__bi_34.5
                0x10007ee4        0x8 CMakeFiles/rp2040-freertos-project.dir/C_/Pico/pico-sdk/src/rp2_common/pico_stdio_uart/stdio_uart.c.obj
 .rodata.str1.4
                0x10007eec        0x5 ..\freertos\libfreertos.a(tasks.c.obj)
 *fill*         0x10007ef1        0x3 
 .rodata        0x10007ef4       0x28 ..\freertos\libfreertos.a(timers.c.obj)
 .rodata.str1.4
                0x10007f1c       0x10 ..\freertos\libfreertos.a(timers.c.obj)
                0x10007f2c                . = ALIGN (0x4)
 *(SORT_BY_ALIGNMENT(SORT_BY_NAME(.flashdata*)))
                0x10007f2c                . = ALIGN (0x4)

.rel.dyn        0x10007f2c        0x0
 .rel.iplt      0x10007f2c        0x0 c:/progra~2/gnuarm~1/102021~1.10/bin/../lib/gcc/arm-none-eabi/10.3.1/thumb/v6-m/nofp/crtbegin.o

.ARM.extab
 *(.ARM.extab* .gnu.linkonce.armextab.*)
                0x10007f2c                __exidx_start = .

.ARM.exidx
 *(.ARM.exidx* .gnu.linkonce.armexidx.*)
                0x10007f2c                __exidx_end = .
                0x10007f2c                . = ALIGN (0x4)
                0x10007f2c                __binary_info_start = .

.binary_info    0x10007f2c       0x24
 *(.binary_info.keep.*)
 .binary_info.keep.__bi_ptr22
                0x10007f2c        0x4 CMakeFiles/rp2040-freertos-project.dir/C_/Pico/pico-sdk/src/rp2_common/pico_standard_link/binary_info.c.obj
 .binary_info.keep.__bi_ptr30
                0x10007f30        0x4 CMakeFiles/rp2040-freertos-project.dir/C_/Pico/pico-sdk/src/rp2_common/pico_standard_link/binary_info.c.obj
 .binary_info.keep.__bi_ptr38
                0x10007f34        0x4 CMakeFiles/rp2040-freertos-project.dir/C_/Pico/pico-sdk/src/rp2_common/pico_standard_link/binary_info.c.obj
 .binary_info.keep.__bi_ptr44
                0x10007f38        0x4 CMakeFiles/rp2040-freertos-project.dir/C_/Pico/pico-sdk/src/rp2_common/pico_standard_link/binary_info.c.obj
 .binary_info.keep.__bi_ptr50
                0x10007f3c        0x4 CMakeFiles/rp2040-freertos-project.dir/C_/Pico/pico-sdk/src/rp2_common/pico_standard_link/binary_info.c.obj
 .binary_info.keep.__bi_ptr75
                0x10007f40        0x4 CMakeFiles/rp2040-freertos-project.dir/C_/Pico/pico-sdk/src/rp2_common/pico_standard_link/binary_info.c.obj
 .binary_info.keep.__bi_ptr81
                0x10007f44        0x4 CMakeFiles/rp2040-freertos-project.dir/C_/Pico/pico-sdk/src/rp2_common/pico_standard_link/binary_info.c.obj
 *(.binary_info.*)
 .binary_info.__bi_ptr33
                0x10007f48        0x4 CMakeFiles/rp2040-freertos-project.dir/C_/Pico/pico-sdk/src/rp2_common/pico_stdio_uart/stdio_uart.c.obj
 .binary_info.__bi_ptr34
                0x10007f4c        0x4 CMakeFiles/rp2040-freertos-project.dir/C_/Pico/pico-sdk/src/rp2_common/pico_stdio_uart/stdio_uart.c.obj
                0x10007f50                __binary_info_end = .
                0x10007f50                . = ALIGN (0x4)
                0x10007f50                __etext = .

.ram_vector_table
                0x20000000       0xc0
 *(.ram_vector_table)
 .ram_vector_table
                0x20000000       0xc0 CMakeFiles/rp2040-freertos-project.dir/C_/Pico/pico-sdk/src/rp2_common/pico_runtime/runtime.c.obj
                0x20000000                ram_vector_table

.data           0x200000c0      0xa8c load address 0x10007f50
                0x200000c0                __data_start__ = .
 *(vtable)
 *(.time_critical*)
 .time_critical.mutex_try_enter
                0x200000c0       0x46 CMakeFiles/rp2040-freertos-project.dir/C_/Pico/pico-sdk/src/common/pico_sync/mutex.c.obj
                0x200000c0                mutex_try_enter
 *fill*         0x20000106        0x2 
 .time_critical.mutex_enter_block_until
                0x20000108       0x8c CMakeFiles/rp2040-freertos-project.dir/C_/Pico/pico-sdk/src/common/pico_sync/mutex.c.obj
                0x20000108                mutex_enter_block_until
 .time_critical.mutex_try_enter_block_until
                0x20000194       0x34 CMakeFiles/rp2040-freertos-project.dir/C_/Pico/pico-sdk/src/common/pico_sync/mutex.c.obj
                0x20000194                mutex_try_enter_block_until
 .time_critical.mutex_exit
                0x200001c8       0x4c CMakeFiles/rp2040-freertos-project.dir/C_/Pico/pico-sdk/src/common/pico_sync/mutex.c.obj
                0x200001c8                mutex_exit
 *(.text*)
 .text          0x20000214        0x4 c:/progra~2/gnuarm~1/102021~1.10/bin/../lib/gcc/arm-none-eabi/10.3.1/thumb/v6-m/nofp\libgcc.a(_dvmd_tls.o)
                0x20000214                __aeabi_idiv0
                0x20000214                __aeabi_ldiv0
 .text.__stub   0x20000218       0x20 linker stubs
                0x20000238                . = ALIGN (0x4)
 *(.rodata*)
                0x20000238                . = ALIGN (0x4)
 *(.data*)
 .data.striped_spin_lock_num
                0x20000238        0x1 CMakeFiles/rp2040-freertos-project.dir/C_/Pico/pico-sdk/src/rp2_common/hardware_sync/sync.c.obj
 *fill*         0x20000239        0x3 
 .data          0x2000023c       0x48 CMakeFiles/rp2040-freertos-project.dir/C_/Pico/pico-sdk/src/rp2_common/hardware_irq/irq_handler_chain.S.obj
                0x2000023c                irq_handler_chain_slots
                0x2000026c                irq_handler_chain_first_slot
                0x20000276                irq_handler_chain_remove_tail
 .data.default_alarm_pool
                0x20000284       0x18 CMakeFiles/rp2040-freertos-project.dir/C_/Pico/pico-sdk/src/common/pico_time/time.c.obj
 .data.default_alarm_pool_heap
                0x2000029c       0x10 CMakeFiles/rp2040-freertos-project.dir/C_/Pico/pico-sdk/src/common/pico_time/time.c.obj
 *fill*         0x200002ac        0x4 
 .data.aeabi_bits_funcs
                0x200002b0       0x10 CMakeFiles/rp2040-freertos-project.dir/C_/Pico/pico-sdk/src/rp2_common/pico_bit_ops/bit_ops_aeabi.S.obj
                0x200002b0                aeabi_bits_funcs
                0x200002c0                aeabi_bits_funcs_end
 .data.aeabi_mem_funcs
                0x200002c0       0x10 CMakeFiles/rp2040-freertos-project.dir/C_/Pico/pico-sdk/src/rp2_common/pico_mem_ops/mem_ops_aeabi.S.obj
                0x200002c0                aeabi_mem_funcs
                0x200002d0                aeabi_mem_funcs_end
 .data.stdio_uart
                0x200002d0       0x18 CMakeFiles/rp2040-freertos-project.dir/C_/Pico/pico-sdk/src/rp2_common/pico_stdio_uart/stdio_uart.c.obj
                0x200002d0                stdio_uart
 .data          0x200002e8        0x4 ..\freertos\libfreertos.a(tasks.c.obj)
                0x200002e8                uxTopUsedPriority
 .data          0x200002ec        0x4 ..\freertos\libfreertos.a(port.c.obj)
 .data._impure_ptr
                0x200002f0        0x4 c:/progra~2/gnuarm~1/102021~1.10/bin/../lib/gcc/arm-none-eabi/10.3.1/../../../../arm-none-eabi/lib/thumb/v6-m/nofp\libg.a(lib_a-impure.o)
                0x200002f0                _impure_ptr
 *fill*         0x200002f4        0x4 
 .data.impure_data
                0x200002f8      0x428 c:/progra~2/gnuarm~1/102021~1.10/bin/../lib/gcc/arm-none-eabi/10.3.1/../../../../arm-none-eabi/lib/thumb/v6-m/nofp\libg.a(lib_a-impure.o)
 .data.__malloc_av_
                0x20000720      0x408 c:/progra~2/gnuarm~1/102021~1.10/bin/../lib/gcc/arm-none-eabi/10.3.1/../../../../arm-none-eabi/lib/thumb/v6-m/nofp\libg.a(lib_a-mallocr.o)
                0x20000720                __malloc_av_
 .data.__malloc_sbrk_base
                0x20000b28        0x4 c:/progra~2/gnuarm~1/102021~1.10/bin/../lib/gcc/arm-none-eabi/10.3.1/../../../../arm-none-eabi/lib/thumb/v6-m/nofp\libg.a(lib_a-mallocr.o)
                0x20000b28                __malloc_sbrk_base
 .data.__malloc_trim_threshold
                0x20000b2c        0x4 c:/progra~2/gnuarm~1/102021~1.10/bin/../lib/gcc/arm-none-eabi/10.3.1/../../../../arm-none-eabi/lib/thumb/v6-m/nofp\libg.a(lib_a-mallocr.o)
                0x20000b2c                __malloc_trim_threshold
                0x20000b30                . = ALIGN (0x4)
 *(.after_data.*)
                0x20000b30                . = ALIGN (0x4)
                0x20000b30                PROVIDE (__mutex_array_start = .)
 *(SORT_BY_NAME(.mutex_array.*))
 *(.mutex_array)
 .mutex_array   0x20000b30        0x8 CMakeFiles/rp2040-freertos-project.dir/C_/Pico/pico-sdk/src/rp2_common/pico_stdio/stdio.c.obj
                0x20000b38                PROVIDE (__mutex_array_end = .)
                0x20000b38                . = ALIGN (0x4)
                0x20000b38                PROVIDE (__preinit_array_start = .)
 *(SORT_BY_NAME(.preinit_array.*))
 .preinit_array.00001
                0x20000b38        0x4 CMakeFiles/rp2040-freertos-project.dir/C_/Pico/pico-sdk/src/rp2_common/pico_mem_ops/mem_ops_aeabi.S.obj
 .preinit_array.00010
                0x20000b3c        0x4 CMakeFiles/rp2040-freertos-project.dir/C_/Pico/pico-sdk/src/rp2_common/pico_bit_ops/bit_ops_aeabi.S.obj
 .preinit_array.00020
                0x20000b40        0x4 CMakeFiles/rp2040-freertos-project.dir/C_/Pico/pico-sdk/src/rp2_common/pico_double/double_aeabi.S.obj
 .preinit_array.00020
                0x20000b44        0x4 CMakeFiles/rp2040-freertos-project.dir/C_/Pico/pico-sdk/src/rp2_common/pico_float/float_aeabi.S.obj
 *(.preinit_array)
                0x20000b48                PROVIDE (__preinit_array_end = .)
                0x20000b48                . = ALIGN (0x4)
                0x20000b48                PROVIDE (__init_array_start = .)
 *(SORT_BY_NAME(.init_array.*))
 *(.init_array)
 .init_array    0x20000b48        0x4 c:/progra~2/gnuarm~1/102021~1.10/bin/../lib/gcc/arm-none-eabi/10.3.1/thumb/v6-m/nofp/crtbegin.o
                0x20000b4c                PROVIDE (__init_array_end = .)
                0x20000b4c                . = ALIGN (0x4)
                [!provide]                PROVIDE (__fini_array_start = .)
 *(SORT_BY_NAME(.fini_array.*))
 *(.fini_array)
                [!provide]                PROVIDE (__fini_array_end = .)
 *(.jcr)
                0x20000b4c                . = ALIGN (0x4)
                0x20000b4c                __data_end__ = .

.igot.plt       0x20000b4c        0x0 load address 0x100089dc
 .igot.plt      0x20000b4c        0x0 c:/progra~2/gnuarm~1/102021~1.10/bin/../lib/gcc/arm-none-eabi/10.3.1/thumb/v6-m/nofp/crtbegin.o

.uninitialized_data
                0x20000b4c        0x0 load address 0x100089dc
                0x20000b4c                . = ALIGN (0x4)
 *(.uninitialized_data*)

.scratch_x      0x20040000        0x0 load address 0x100089dc
                0x20040000                __scratch_x_start__ = .
 *(.scratch_x.*)
                0x20040000                . = ALIGN (0x4)
                0x20040000                __scratch_x_end__ = .
                0x100089dc                __scratch_x_source__ = LOADADDR (.scratch_x)

.scratch_y      0x20041000        0x0 load address 0x100089dc
                0x20041000                __scratch_y_start__ = .
 *(.scratch_y.*)
                0x20041000                . = ALIGN (0x4)
                0x20041000                __scratch_y_end__ = .
                0x100089dc                __scratch_y_source__ = LOADADDR (.scratch_y)

.bss            0x20000b50      0x5ac
                0x20000b50                . = ALIGN (0x4)
                0x20000b50                __bss_start__ = .
 *(SORT_BY_ALIGNMENT(SORT_BY_NAME(.bss*)))
 .bss.default_alarm_pool_entries
                0x20000b50      0x100 CMakeFiles/rp2040-freertos-project.dir/C_/Pico/pico-sdk/src/common/pico_time/time.c.obj
 .bss           0x20000c50       0x1c c:/progra~2/gnuarm~1/102021~1.10/bin/../lib/gcc/arm-none-eabi/10.3.1/thumb/v6-m/nofp/crtbegin.o
 .bss           0x20000c6c       0x50 ..\freertos\libfreertos.a(queue.c.obj)
                0x20000c6c                xQueueRegistry
 .bss           0x20000cbc      0x104 ..\freertos\libfreertos.a(tasks.c.obj)
                0x20000d94                pxCurrentTCB
 .bss           0x20000dc0       0x3c ..\freertos\libfreertos.a(timers.c.obj)
 .bss.__lock___malloc_recursive_mutex
                0x20000dfc        0x1 c:/progra~2/gnuarm~1/102021~1.10/bin/../lib/gcc/arm-none-eabi/10.3.1/../../../../arm-none-eabi/lib/thumb/v6-m/nofp\libg.a(lib_a-lock.o)
                0x20000dfc                __lock___malloc_recursive_mutex
 *fill*         0x20000dfd        0x3 
 .bss.__malloc_current_mallinfo
                0x20000e00       0x28 c:/progra~2/gnuarm~1/102021~1.10/bin/../lib/gcc/arm-none-eabi/10.3.1/../../../../arm-none-eabi/lib/thumb/v6-m/nofp\libg.a(lib_a-mallocr.o)
                0x20000e00                __malloc_current_mallinfo
 .bss.__malloc_max_sbrked_mem
                0x20000e28        0x4 c:/progra~2/gnuarm~1/102021~1.10/bin/../lib/gcc/arm-none-eabi/10.3.1/../../../../arm-none-eabi/lib/thumb/v6-m/nofp\libg.a(lib_a-mallocr.o)
                0x20000e28                __malloc_max_sbrked_mem
 .bss.__malloc_max_total_mem
                0x20000e2c        0x4 c:/progra~2/gnuarm~1/102021~1.10/bin/../lib/gcc/arm-none-eabi/10.3.1/../../../../arm-none-eabi/lib/thumb/v6-m/nofp\libg.a(lib_a-mallocr.o)
                0x20000e2c                __malloc_max_total_mem
 .bss.__malloc_top_pad
                0x20000e30        0x4 c:/progra~2/gnuarm~1/102021~1.10/bin/../lib/gcc/arm-none-eabi/10.3.1/../../../../arm-none-eabi/lib/thumb/v6-m/nofp\libg.a(lib_a-mallocr.o)
                0x20000e30                __malloc_top_pad
 .bss.alarm_callbacks
                0x20000e34       0x10 CMakeFiles/rp2040-freertos-project.dir/C_/Pico/pico-sdk/src/rp2_common/hardware_timer/timer.c.obj
 .bss.chars_available_callback
                0x20000e44        0x4 CMakeFiles/rp2040-freertos-project.dir/C_/Pico/pico-sdk/src/rp2_common/pico_stdio_uart/stdio_uart.c.obj
 .bss.chars_available_param
                0x20000e48        0x4 CMakeFiles/rp2040-freertos-project.dir/C_/Pico/pico-sdk/src/rp2_common/pico_stdio_uart/stdio_uart.c.obj
 .bss.configured_freq
                0x20000e4c       0x28 CMakeFiles/rp2040-freertos-project.dir/C_/Pico/pico-sdk/src/rp2_common/hardware_clocks/clocks.c.obj
 .bss.default_alarm_pool_entry_ids_high
                0x20000e74       0x10 CMakeFiles/rp2040-freertos-project.dir/C_/Pico/pico-sdk/src/common/pico_time/time.c.obj
 .bss.default_alarm_pool_heap_nodes
                0x20000e84       0x30 CMakeFiles/rp2040-freertos-project.dir/C_/Pico/pico-sdk/src/common/pico_time/time.c.obj
 .bss.drivers   0x20000eb4        0x4 CMakeFiles/rp2040-freertos-project.dir/C_/Pico/pico-sdk/src/rp2_common/pico_stdio/stdio.c.obj
 .bss.errno     0x20000eb8        0x4 c:/progra~2/gnuarm~1/102021~1.10/bin/../lib/gcc/arm-none-eabi/10.3.1/../../../../arm-none-eabi/lib/thumb/v6-m/nofp\libg.a(lib_a-reent.o)
                0x20000eb8                errno
 .bss.filter    0x20000ebc        0x4 CMakeFiles/rp2040-freertos-project.dir/C_/Pico/pico-sdk/src/rp2_common/pico_stdio/stdio.c.obj
 .bss.heap_end.1
                0x20000ec0        0x4 CMakeFiles/rp2040-freertos-project.dir/C_/Pico/pico-sdk/src/rp2_common/pico_runtime/runtime.c.obj
 .bss.pools     0x20000ec4       0x10 CMakeFiles/rp2040-freertos-project.dir/C_/Pico/pico-sdk/src/common/pico_time/time.c.obj
 .bss.sd_table  0x20000ed4      0x100 CMakeFiles/rp2040-freertos-project.dir/C_/Pico/pico-sdk/src/rp2_common/pico_double/double_init_rom.c.obj
                0x20000ed4                sd_table
 .bss.sf_clz_func
                0x20000fd4        0x4 CMakeFiles/rp2040-freertos-project.dir/C_/Pico/pico-sdk/src/rp2_common/pico_double/double_init_rom.c.obj
                0x20000fd4                sf_clz_func
 .bss.sf_table  0x20000fd8      0x100 CMakeFiles/rp2040-freertos-project.dir/C_/Pico/pico-sdk/src/rp2_common/pico_float/float_init_rom.c.obj
                0x20000fd8                sf_table
 .bss.sleep_notifier
                0x200010d8        0x4 CMakeFiles/rp2040-freertos-project.dir/C_/Pico/pico-sdk/src/common/pico_time/time.c.obj
 .bss.target_hi
                0x200010dc       0x10 CMakeFiles/rp2040-freertos-project.dir/C_/Pico/pico-sdk/src/rp2_common/hardware_timer/timer.c.obj
 .bss.uart_char_to_line_feed
                0x200010ec        0x4 CMakeFiles/rp2040-freertos-project.dir/C_/Pico/pico-sdk/src/rp2_common/hardware_uart/uart.c.obj
                0x200010ec                uart_char_to_line_feed
 .bss.uart_instance
                0x200010f0        0x4 CMakeFiles/rp2040-freertos-project.dir/C_/Pico/pico-sdk/src/rp2_common/pico_stdio_uart/stdio_uart.c.obj
 .bss.xQueue    0x200010f4        0x4 CMakeFiles/rp2040-freertos-project.dir/main.c.obj
 .bss.claimed   0x200010f8        0x1 CMakeFiles/rp2040-freertos-project.dir/C_/Pico/pico-sdk/src/rp2_common/hardware_timer/timer.c.obj
 .bss.irq_hander_chain_free_slot_head
                0x200010f9        0x1 CMakeFiles/rp2040-freertos-project.dir/C_/Pico/pico-sdk/src/rp2_common/hardware_irq/irq.c.obj
 .bss.timer_callbacks_pending
                0x200010fa        0x1 CMakeFiles/rp2040-freertos-project.dir/C_/Pico/pico-sdk/src/rp2_common/hardware_timer/timer.c.obj
 *(COMMON)
                0x200010fc                . = ALIGN (0x4)
 *fill*         0x200010fb        0x1 
                0x200010fc                __bss_end__ = .

.heap           0x200010fc      0x800
                0x200010fc                __end__ = .
                0x200010fc                end = __end__
 *(.heap*)
 .heap          0x200010fc      0x800 CMakeFiles/rp2040-freertos-project.dir/C_/Pico/pico-sdk/src/rp2_common/pico_standard_link/crt0.S.obj
                0x200018fc                __HeapLimit = .

.stack1_dummy   0x20040000        0x0
 *(.stack1*)

.stack_dummy    0x20041000      0x800
 *(.stack*)
 .stack         0x20041000      0x800 CMakeFiles/rp2040-freertos-project.dir/C_/Pico/pico-sdk/src/rp2_common/pico_standard_link/crt0.S.obj

.flash_end      0x100089dc        0x0
                0x100089dc                __flash_binary_end = .
                0x20040000                __StackLimit = (ORIGIN (RAM) + LENGTH (RAM))
                0x20041000                __StackOneTop = (ORIGIN (SCRATCH_X) + LENGTH (SCRATCH_X))
                0x20042000                __StackTop = (ORIGIN (SCRATCH_Y) + LENGTH (SCRATCH_Y))
                0x20041000                __StackOneBottom = (__StackOneTop - SIZEOF (.stack1_dummy))
                0x20041800                __StackBottom = (__StackTop - SIZEOF (.stack_dummy))
                0x20042000                PROVIDE (__stack = __StackTop)
                0x00000001                ASSERT ((__StackLimit >= __HeapLimit), region RAM overflowed)
                0x00000001                ASSERT (((__binary_info_header_end - __logical_binary_start) <= 0x100), Binary info must be in first 256 bytes of the binary)
LOAD CMakeFiles/rp2040-freertos-project.dir/main.c.obj
LOAD CMakeFiles/rp2040-freertos-project.dir/C_/Pico/pico-sdk/src/rp2_common/pico_stdlib/stdlib.c.obj
LOAD CMakeFiles/rp2040-freertos-project.dir/C_/Pico/pico-sdk/src/rp2_common/hardware_gpio/gpio.c.obj
LOAD CMakeFiles/rp2040-freertos-project.dir/C_/Pico/pico-sdk/src/rp2_common/pico_platform/platform.c.obj
LOAD CMakeFiles/rp2040-freertos-project.dir/C_/Pico/pico-sdk/src/rp2_common/hardware_claim/claim.c.obj
LOAD CMakeFiles/rp2040-freertos-project.dir/C_/Pico/pico-sdk/src/rp2_common/hardware_sync/sync.c.obj
LOAD CMakeFiles/rp2040-freertos-project.dir/C_/Pico/pico-sdk/src/rp2_common/hardware_irq/irq.c.obj
LOAD CMakeFiles/rp2040-freertos-project.dir/C_/Pico/pico-sdk/src/rp2_common/hardware_irq/irq_handler_chain.S.obj
LOAD CMakeFiles/rp2040-freertos-project.dir/C_/Pico/pico-sdk/src/common/pico_sync/sem.c.obj
LOAD CMakeFiles/rp2040-freertos-project.dir/C_/Pico/pico-sdk/src/common/pico_sync/lock_core.c.obj
LOAD CMakeFiles/rp2040-freertos-project.dir/C_/Pico/pico-sdk/src/common/pico_sync/mutex.c.obj
LOAD CMakeFiles/rp2040-freertos-project.dir/C_/Pico/pico-sdk/src/common/pico_sync/critical_section.c.obj
LOAD CMakeFiles/rp2040-freertos-project.dir/C_/Pico/pico-sdk/src/common/pico_time/time.c.obj
LOAD CMakeFiles/rp2040-freertos-project.dir/C_/Pico/pico-sdk/src/common/pico_time/timeout_helper.c.obj
LOAD CMakeFiles/rp2040-freertos-project.dir/C_/Pico/pico-sdk/src/rp2_common/hardware_timer/timer.c.obj
LOAD CMakeFiles/rp2040-freertos-project.dir/C_/Pico/pico-sdk/src/common/pico_util/datetime.c.obj
LOAD CMakeFiles/rp2040-freertos-project.dir/C_/Pico/pico-sdk/src/common/pico_util/pheap.c.obj
LOAD CMakeFiles/rp2040-freertos-project.dir/C_/Pico/pico-sdk/src/common/pico_util/queue.c.obj
LOAD CMakeFiles/rp2040-freertos-project.dir/C_/Pico/pico-sdk/src/rp2_common/hardware_uart/uart.c.obj
LOAD CMakeFiles/rp2040-freertos-project.dir/C_/Pico/pico-sdk/src/rp2_common/hardware_clocks/clocks.c.obj
LOAD CMakeFiles/rp2040-freertos-project.dir/C_/Pico/pico-sdk/src/rp2_common/hardware_pll/pll.c.obj
LOAD CMakeFiles/rp2040-freertos-project.dir/C_/Pico/pico-sdk/src/rp2_common/hardware_vreg/vreg.c.obj
LOAD CMakeFiles/rp2040-freertos-project.dir/C_/Pico/pico-sdk/src/rp2_common/hardware_watchdog/watchdog.c.obj
LOAD CMakeFiles/rp2040-freertos-project.dir/C_/Pico/pico-sdk/src/rp2_common/hardware_xosc/xosc.c.obj
LOAD CMakeFiles/rp2040-freertos-project.dir/C_/Pico/pico-sdk/src/rp2_common/hardware_divider/divider.S.obj
LOAD CMakeFiles/rp2040-freertos-project.dir/C_/Pico/pico-sdk/src/rp2_common/pico_runtime/runtime.c.obj
LOAD CMakeFiles/rp2040-freertos-project.dir/C_/Pico/pico-sdk/src/rp2_common/pico_printf/printf.c.obj
LOAD CMakeFiles/rp2040-freertos-project.dir/C_/Pico/pico-sdk/src/rp2_common/pico_bit_ops/bit_ops_aeabi.S.obj
LOAD CMakeFiles/rp2040-freertos-project.dir/C_/Pico/pico-sdk/src/rp2_common/pico_bootrom/bootrom.c.obj
LOAD CMakeFiles/rp2040-freertos-project.dir/C_/Pico/pico-sdk/src/rp2_common/pico_divider/divider.S.obj
LOAD CMakeFiles/rp2040-freertos-project.dir/C_/Pico/pico-sdk/src/rp2_common/pico_double/double_aeabi.S.obj
LOAD CMakeFiles/rp2040-freertos-project.dir/C_/Pico/pico-sdk/src/rp2_common/pico_double/double_init_rom.c.obj
LOAD CMakeFiles/rp2040-freertos-project.dir/C_/Pico/pico-sdk/src/rp2_common/pico_double/double_math.c.obj
LOAD CMakeFiles/rp2040-freertos-project.dir/C_/Pico/pico-sdk/src/rp2_common/pico_double/double_v1_rom_shim.S.obj
LOAD CMakeFiles/rp2040-freertos-project.dir/C_/Pico/pico-sdk/src/rp2_common/pico_int64_ops/pico_int64_ops_aeabi.S.obj
LOAD CMakeFiles/rp2040-freertos-project.dir/C_/Pico/pico-sdk/src/rp2_common/pico_float/float_aeabi.S.obj
LOAD CMakeFiles/rp2040-freertos-project.dir/C_/Pico/pico-sdk/src/rp2_common/pico_float/float_init_rom.c.obj
LOAD CMakeFiles/rp2040-freertos-project.dir/C_/Pico/pico-sdk/src/rp2_common/pico_float/float_math.c.obj
LOAD CMakeFiles/rp2040-freertos-project.dir/C_/Pico/pico-sdk/src/rp2_common/pico_float/float_v1_rom_shim.S.obj
LOAD CMakeFiles/rp2040-freertos-project.dir/C_/Pico/pico-sdk/src/rp2_common/pico_malloc/pico_malloc.c.obj
LOAD CMakeFiles/rp2040-freertos-project.dir/C_/Pico/pico-sdk/src/rp2_common/pico_mem_ops/mem_ops_aeabi.S.obj
LOAD CMakeFiles/rp2040-freertos-project.dir/C_/Pico/pico-sdk/src/rp2_common/pico_standard_link/crt0.S.obj
LOAD CMakeFiles/rp2040-freertos-project.dir/C_/Pico/pico-sdk/src/rp2_common/pico_standard_link/new_delete.cpp.obj
LOAD CMakeFiles/rp2040-freertos-project.dir/C_/Pico/pico-sdk/src/rp2_common/pico_standard_link/binary_info.c.obj
LOAD CMakeFiles/rp2040-freertos-project.dir/C_/Pico/pico-sdk/src/rp2_common/pico_stdio/stdio.c.obj
LOAD CMakeFiles/rp2040-freertos-project.dir/C_/Pico/pico-sdk/src/rp2_common/pico_stdio_uart/stdio_uart.c.obj
LOAD CMakeFiles/rp2040-freertos-project.dir/C_/Pico/pico-sdk/src/rp2_common/hardware_adc/adc.c.obj
LOAD ..\freertos\libfreertos.a
LOAD C:\Users\AKHILA~1\AppData\Local\Temp\ccUNr18p.o
LOAD c:/progra~2/gnuarm~1/102021~1.10/bin/../lib/gcc/arm-none-eabi/10.3.1/../../../../arm-none-eabi/lib/thumb/v6-m/nofp\libstdc++.a
LOAD c:/progra~2/gnuarm~1/102021~1.10/bin/../lib/gcc/arm-none-eabi/10.3.1/../../../../arm-none-eabi/lib/thumb/v6-m/nofp\libm.a
START GROUP
LOAD c:/progra~2/gnuarm~1/102021~1.10/bin/../lib/gcc/arm-none-eabi/10.3.1/thumb/v6-m/nofp\libgcc.a
LOAD c:/progra~2/gnuarm~1/102021~1.10/bin/../lib/gcc/arm-none-eabi/10.3.1/../../../../arm-none-eabi/lib/thumb/v6-m/nofp\libg.a
LOAD c:/progra~2/gnuarm~1/102021~1.10/bin/../lib/gcc/arm-none-eabi/10.3.1/../../../../arm-none-eabi/lib/thumb/v6-m/nofp\libc.a
END GROUP
START GROUP
LOAD c:/progra~2/gnuarm~1/102021~1.10/bin/../lib/gcc/arm-none-eabi/10.3.1/thumb/v6-m/nofp\libgcc.a
LOAD c:/progra~2/gnuarm~1/102021~1.10/bin/../lib/gcc/arm-none-eabi/10.3.1/../../../../arm-none-eabi/lib/thumb/v6-m/nofp\libc.a
LOAD c:/progra~2/gnuarm~1/102021~1.10/bin/../lib/gcc/arm-none-eabi/10.3.1/../../../../arm-none-eabi/lib/thumb/v6-m/nofp\libnosys.a
END GROUP
LOAD c:/progra~2/gnuarm~1/102021~1.10/bin/../lib/gcc/arm-none-eabi/10.3.1/thumb/v6-m/nofp/crtend.o
LOAD c:/progra~2/gnuarm~1/102021~1.10/bin/../lib/gcc/arm-none-eabi/10.3.1/thumb/v6-m/nofp/crtn.o
OUTPUT(rp2040-freertos-project.elf elf32-littlearm)
LOAD linker stubs

.ARM.attributes
                0x00000000       0x28
 .ARM.attributes
                0x00000000       0x1e c:/progra~2/gnuarm~1/102021~1.10/bin/../lib/gcc/arm-none-eabi/10.3.1/thumb/v6-m/nofp/crti.o
 .ARM.attributes
                0x0000001e       0x2c c:/progra~2/gnuarm~1/102021~1.10/bin/../lib/gcc/arm-none-eabi/10.3.1/thumb/v6-m/nofp/crtbegin.o
 .ARM.attributes
                0x0000004a       0x2c CMakeFiles/rp2040-freertos-project.dir/main.c.obj
 .ARM.attributes
                0x00000076       0x2c CMakeFiles/rp2040-freertos-project.dir/C_/Pico/pico-sdk/src/rp2_common/hardware_gpio/gpio.c.obj
 .ARM.attributes
                0x000000a2       0x2c CMakeFiles/rp2040-freertos-project.dir/C_/Pico/pico-sdk/src/rp2_common/pico_platform/platform.c.obj
 .ARM.attributes
                0x000000ce       0x2c CMakeFiles/rp2040-freertos-project.dir/C_/Pico/pico-sdk/src/rp2_common/hardware_claim/claim.c.obj
 .ARM.attributes
                0x000000fa       0x2c CMakeFiles/rp2040-freertos-project.dir/C_/Pico/pico-sdk/src/rp2_common/hardware_sync/sync.c.obj
 .ARM.attributes
                0x00000126       0x2c CMakeFiles/rp2040-freertos-project.dir/C_/Pico/pico-sdk/src/rp2_common/hardware_irq/irq.c.obj
 .ARM.attributes
                0x00000152       0x22 CMakeFiles/rp2040-freertos-project.dir/C_/Pico/pico-sdk/src/rp2_common/hardware_irq/irq_handler_chain.S.obj
 .ARM.attributes
                0x00000174       0x2c CMakeFiles/rp2040-freertos-project.dir/C_/Pico/pico-sdk/src/common/pico_sync/lock_core.c.obj
 .ARM.attributes
                0x000001a0       0x2c CMakeFiles/rp2040-freertos-project.dir/C_/Pico/pico-sdk/src/common/pico_sync/mutex.c.obj
 .ARM.attributes
                0x000001cc       0x2c CMakeFiles/rp2040-freertos-project.dir/C_/Pico/pico-sdk/src/common/pico_time/time.c.obj
 .ARM.attributes
                0x000001f8       0x2c CMakeFiles/rp2040-freertos-project.dir/C_/Pico/pico-sdk/src/rp2_common/hardware_timer/timer.c.obj
 .ARM.attributes
                0x00000224       0x2c CMakeFiles/rp2040-freertos-project.dir/C_/Pico/pico-sdk/src/common/pico_util/pheap.c.obj
 .ARM.attributes
                0x00000250       0x2c CMakeFiles/rp2040-freertos-project.dir/C_/Pico/pico-sdk/src/rp2_common/hardware_uart/uart.c.obj
 .ARM.attributes
                0x0000027c       0x2c CMakeFiles/rp2040-freertos-project.dir/C_/Pico/pico-sdk/src/rp2_common/hardware_clocks/clocks.c.obj
 .ARM.attributes
                0x000002a8       0x2c CMakeFiles/rp2040-freertos-project.dir/C_/Pico/pico-sdk/src/rp2_common/hardware_pll/pll.c.obj
 .ARM.attributes
                0x000002d4       0x2c CMakeFiles/rp2040-freertos-project.dir/C_/Pico/pico-sdk/src/rp2_common/hardware_watchdog/watchdog.c.obj
 .ARM.attributes
                0x00000300       0x2c CMakeFiles/rp2040-freertos-project.dir/C_/Pico/pico-sdk/src/rp2_common/hardware_xosc/xosc.c.obj
 .ARM.attributes
                0x0000032c       0x2c CMakeFiles/rp2040-freertos-project.dir/C_/Pico/pico-sdk/src/rp2_common/pico_runtime/runtime.c.obj
 .ARM.attributes
                0x00000358       0x2c CMakeFiles/rp2040-freertos-project.dir/C_/Pico/pico-sdk/src/rp2_common/pico_printf/printf.c.obj
 .ARM.attributes
                0x00000384       0x22 CMakeFiles/rp2040-freertos-project.dir/C_/Pico/pico-sdk/src/rp2_common/pico_bit_ops/bit_ops_aeabi.S.obj
 .ARM.attributes
                0x000003a6       0x2c CMakeFiles/rp2040-freertos-project.dir/C_/Pico/pico-sdk/src/rp2_common/pico_bootrom/bootrom.c.obj
 .ARM.attributes
                0x000003d2       0x22 CMakeFiles/rp2040-freertos-project.dir/C_/Pico/pico-sdk/src/rp2_common/pico_divider/divider.S.obj
 .ARM.attributes
                0x000003f4       0x22 CMakeFiles/rp2040-freertos-project.dir/C_/Pico/pico-sdk/src/rp2_common/pico_double/double_aeabi.S.obj
 .ARM.attributes
                0x00000416       0x2c CMakeFiles/rp2040-freertos-project.dir/C_/Pico/pico-sdk/src/rp2_common/pico_double/double_init_rom.c.obj
 .ARM.attributes
                0x00000442       0x22 CMakeFiles/rp2040-freertos-project.dir/C_/Pico/pico-sdk/src/rp2_common/pico_double/double_v1_rom_shim.S.obj
 .ARM.attributes
                0x00000464       0x22 CMakeFiles/rp2040-freertos-project.dir/C_/Pico/pico-sdk/src/rp2_common/pico_float/float_aeabi.S.obj
 .ARM.attributes
                0x00000486       0x2c CMakeFiles/rp2040-freertos-project.dir/C_/Pico/pico-sdk/src/rp2_common/pico_float/float_init_rom.c.obj
 .ARM.attributes
                0x000004b2       0x22 CMakeFiles/rp2040-freertos-project.dir/C_/Pico/pico-sdk/src/rp2_common/pico_float/float_v1_rom_shim.S.obj
 .ARM.attributes
                0x000004d4       0x2c CMakeFiles/rp2040-freertos-project.dir/C_/Pico/pico-sdk/src/rp2_common/pico_malloc/pico_malloc.c.obj
 .ARM.attributes
                0x00000500       0x22 CMakeFiles/rp2040-freertos-project.dir/C_/Pico/pico-sdk/src/rp2_common/pico_mem_ops/mem_ops_aeabi.S.obj
 .ARM.attributes
                0x00000522       0x22 CMakeFiles/rp2040-freertos-project.dir/C_/Pico/pico-sdk/src/rp2_common/pico_standard_link/crt0.S.obj
 .ARM.attributes
                0x00000544       0x2c CMakeFiles/rp2040-freertos-project.dir/C_/Pico/pico-sdk/src/rp2_common/pico_standard_link/binary_info.c.obj
 .ARM.attributes
                0x00000570       0x2c CMakeFiles/rp2040-freertos-project.dir/C_/Pico/pico-sdk/src/rp2_common/pico_stdio/stdio.c.obj
 .ARM.attributes
                0x0000059c       0x2c CMakeFiles/rp2040-freertos-project.dir/C_/Pico/pico-sdk/src/rp2_common/pico_stdio_uart/stdio_uart.c.obj
 .ARM.attributes
                0x000005c8       0x2c ..\freertos\libfreertos.a(queue.c.obj)
 .ARM.attributes
                0x000005f4       0x2c ..\freertos\libfreertos.a(tasks.c.obj)
 .ARM.attributes
                0x00000620       0x2c ..\freertos\libfreertos.a(timers.c.obj)
 .ARM.attributes
                0x0000064c       0x2c ..\freertos\libfreertos.a(heap_3.c.obj)
 .ARM.attributes
                0x00000678       0x2c ..\freertos\libfreertos.a(port.c.obj)
 .ARM.attributes
                0x000006a4       0x2c ..\freertos\libfreertos.a(list.c.obj)
 .ARM.attributes
                0x000006d0       0x22 C:\Users\AKHILA~1\AppData\Local\Temp\ccUNr18p.o
 .ARM.attributes
                0x000006f2       0x1e c:/progra~2/gnuarm~1/102021~1.10/bin/../lib/gcc/arm-none-eabi/10.3.1/thumb/v6-m/nofp\libgcc.a(_dvmd_tls.o)
 .ARM.attributes
                0x00000710       0x2c c:/progra~2/gnuarm~1/102021~1.10/bin/../lib/gcc/arm-none-eabi/10.3.1/../../../../arm-none-eabi/lib/thumb/v6-m/nofp\libg.a(lib_a-impure.o)
 .ARM.attributes
                0x0000073c       0x2c c:/progra~2/gnuarm~1/102021~1.10/bin/../lib/gcc/arm-none-eabi/10.3.1/../../../../arm-none-eabi/lib/thumb/v6-m/nofp\libg.a(lib_a-malloc.o)
 .ARM.attributes
                0x00000768       0x2c c:/progra~2/gnuarm~1/102021~1.10/bin/../lib/gcc/arm-none-eabi/10.3.1/../../../../arm-none-eabi/lib/thumb/v6-m/nofp\libg.a(lib_a-mallocr.o)
 .ARM.attributes
                0x00000794       0x2c c:/progra~2/gnuarm~1/102021~1.10/bin/../lib/gcc/arm-none-eabi/10.3.1/../../../../arm-none-eabi/lib/thumb/v6-m/nofp\libg.a(lib_a-mlock.o)
 .ARM.attributes
                0x000007c0       0x2c c:/progra~2/gnuarm~1/102021~1.10/bin/../lib/gcc/arm-none-eabi/10.3.1/../../../../arm-none-eabi/lib/thumb/v6-m/nofp\libg.a(lib_a-sbrkr.o)
 .ARM.attributes
                0x000007ec       0x2c c:/progra~2/gnuarm~1/102021~1.10/bin/../lib/gcc/arm-none-eabi/10.3.1/../../../../arm-none-eabi/lib/thumb/v6-m/nofp\libg.a(lib_a-strlen-stub.o)
 .ARM.attributes
                0x00000818       0x2c c:/progra~2/gnuarm~1/102021~1.10/bin/../lib/gcc/arm-none-eabi/10.3.1/../../../../arm-none-eabi/lib/thumb/v6-m/nofp\libg.a(lib_a-freer.o)
 .ARM.attributes
                0x00000844       0x2c c:/progra~2/gnuarm~1/102021~1.10/bin/../lib/gcc/arm-none-eabi/10.3.1/../../../../arm-none-eabi/lib/thumb/v6-m/nofp\libg.a(lib_a-lock.o)
 .ARM.attributes
                0x00000870       0x2c c:/progra~2/gnuarm~1/102021~1.10/bin/../lib/gcc/arm-none-eabi/10.3.1/../../../../arm-none-eabi/lib/thumb/v6-m/nofp\libg.a(lib_a-reent.o)

.comment        0x00000000       0x49
 .comment       0x00000000       0x49 CMakeFiles/rp2040-freertos-project.dir/main.c.obj
                                 0x4a (size before relaxing)
 .comment       0x00000049       0x4a CMakeFiles/rp2040-freertos-project.dir/C_/Pico/pico-sdk/src/rp2_common/hardware_gpio/gpio.c.obj
 .comment       0x00000049       0x4a CMakeFiles/rp2040-freertos-project.dir/C_/Pico/pico-sdk/src/rp2_common/pico_platform/platform.c.obj
 .comment       0x00000049       0x4a CMakeFiles/rp2040-freertos-project.dir/C_/Pico/pico-sdk/src/rp2_common/hardware_claim/claim.c.obj
 .comment       0x00000049       0x4a CMakeFiles/rp2040-freertos-project.dir/C_/Pico/pico-sdk/src/rp2_common/hardware_sync/sync.c.obj
 .comment       0x00000049       0x4a CMakeFiles/rp2040-freertos-project.dir/C_/Pico/pico-sdk/src/rp2_common/hardware_irq/irq.c.obj
 .comment       0x00000049       0x4a CMakeFiles/rp2040-freertos-project.dir/C_/Pico/pico-sdk/src/common/pico_sync/lock_core.c.obj
 .comment       0x00000049       0x4a CMakeFiles/rp2040-freertos-project.dir/C_/Pico/pico-sdk/src/common/pico_sync/mutex.c.obj
 .comment       0x00000049       0x4a CMakeFiles/rp2040-freertos-project.dir/C_/Pico/pico-sdk/src/common/pico_time/time.c.obj
 .comment       0x00000049       0x4a CMakeFiles/rp2040-freertos-project.dir/C_/Pico/pico-sdk/src/rp2_common/hardware_timer/timer.c.obj
 .comment       0x00000049       0x4a CMakeFiles/rp2040-freertos-project.dir/C_/Pico/pico-sdk/src/common/pico_util/pheap.c.obj
 .comment       0x00000049       0x4a CMakeFiles/rp2040-freertos-project.dir/C_/Pico/pico-sdk/src/rp2_common/hardware_uart/uart.c.obj
 .comment       0x00000049       0x4a CMakeFiles/rp2040-freertos-project.dir/C_/Pico/pico-sdk/src/rp2_common/hardware_clocks/clocks.c.obj
 .comment       0x00000049       0x4a CMakeFiles/rp2040-freertos-project.dir/C_/Pico/pico-sdk/src/rp2_common/hardware_pll/pll.c.obj
 .comment       0x00000049       0x4a CMakeFiles/rp2040-freertos-project.dir/C_/Pico/pico-sdk/src/rp2_common/hardware_watchdog/watchdog.c.obj
 .comment       0x00000049       0x4a CMakeFiles/rp2040-freertos-project.dir/C_/Pico/pico-sdk/src/rp2_common/hardware_xosc/xosc.c.obj
 .comment       0x00000049       0x4a CMakeFiles/rp2040-freertos-project.dir/C_/Pico/pico-sdk/src/rp2_common/pico_runtime/runtime.c.obj
 .comment       0x00000049       0x4a CMakeFiles/rp2040-freertos-project.dir/C_/Pico/pico-sdk/src/rp2_common/pico_printf/printf.c.obj
 .comment       0x00000049       0x4a CMakeFiles/rp2040-freertos-project.dir/C_/Pico/pico-sdk/src/rp2_common/pico_bootrom/bootrom.c.obj
 .comment       0x00000049       0x4a CMakeFiles/rp2040-freertos-project.dir/C_/Pico/pico-sdk/src/rp2_common/pico_double/double_init_rom.c.obj
 .comment       0x00000049       0x4a CMakeFiles/rp2040-freertos-project.dir/C_/Pico/pico-sdk/src/rp2_common/pico_float/float_init_rom.c.obj
 .comment       0x00000049       0x4a CMakeFiles/rp2040-freertos-project.dir/C_/Pico/pico-sdk/src/rp2_common/pico_malloc/pico_malloc.c.obj
 .comment       0x00000049       0x4a CMakeFiles/rp2040-freertos-project.dir/C_/Pico/pico-sdk/src/rp2_common/pico_standard_link/binary_info.c.obj
 .comment       0x00000049       0x4a CMakeFiles/rp2040-freertos-project.dir/C_/Pico/pico-sdk/src/rp2_common/pico_stdio/stdio.c.obj
 .comment       0x00000049       0x4a CMakeFiles/rp2040-freertos-project.dir/C_/Pico/pico-sdk/src/rp2_common/pico_stdio_uart/stdio_uart.c.obj
 .comment       0x00000049       0x4a ..\freertos\libfreertos.a(queue.c.obj)
 .comment       0x00000049       0x4a ..\freertos\libfreertos.a(tasks.c.obj)
 .comment       0x00000049       0x4a ..\freertos\libfreertos.a(timers.c.obj)
 .comment       0x00000049       0x4a ..\freertos\libfreertos.a(heap_3.c.obj)
 .comment       0x00000049       0x4a ..\freertos\libfreertos.a(port.c.obj)
 .comment       0x00000049       0x4a ..\freertos\libfreertos.a(list.c.obj)

.debug_info     0x00000000    0x1b110
 .debug_info    0x00000000      0x834 CMakeFiles/rp2040-freertos-project.dir/main.c.obj
 .debug_info    0x00000834     0x16d8 CMakeFiles/rp2040-freertos-project.dir/C_/Pico/pico-sdk/src/rp2_common/hardware_gpio/gpio.c.obj
 .debug_info    0x00001f0c      0x1e3 CMakeFiles/rp2040-freertos-project.dir/C_/Pico/pico-sdk/src/rp2_common/pico_platform/platform.c.obj
 .debug_info    0x000020ef      0x6bc CMakeFiles/rp2040-freertos-project.dir/C_/Pico/pico-sdk/src/rp2_common/hardware_claim/claim.c.obj
 .debug_info    0x000027ab      0x58e CMakeFiles/rp2040-freertos-project.dir/C_/Pico/pico-sdk/src/rp2_common/hardware_sync/sync.c.obj
 .debug_info    0x00002d39     0x1c9c CMakeFiles/rp2040-freertos-project.dir/C_/Pico/pico-sdk/src/rp2_common/hardware_irq/irq.c.obj
 .debug_info    0x000049d5      0x1a4 CMakeFiles/rp2040-freertos-project.dir/C_/Pico/pico-sdk/src/common/pico_sync/lock_core.c.obj
 .debug_info    0x00004b79     0x20d3 CMakeFiles/rp2040-freertos-project.dir/C_/Pico/pico-sdk/src/common/pico_sync/mutex.c.obj